BL51 BANKED LINKER/LOCATER V6.22                                                        08/20/2025  22:30:49  PAGE 1


BL51 BANKED LINKER/LOCATER V6.22, INVOKED BY:
C:\KEIL_V5\C51\BIN\BL51.EXE .\Objects\mian.obj TO .\Objects\main PRINT (.\Listings\main.m51) RAMSIZE (256)


MEMORY MODEL: SMALL


INPUT MODULES INCLUDED:
  .\Objects\mian.obj (MIAN)
  C:\KEIL_V5\C51\LIB\C51S.LIB (?C_STARTUP)


LINK MAP OF MODULE:  .\Objects\main (MIAN)


            TYPE    BASE      LENGTH    RELOCATION   SEGMENT NAME
            -----------------------------------------------------

            * * * * * * *   D A T A   M E M O R Y   * * * * * * *
            REG     0000H     0008H     ABSOLUTE     "REG BANK 0"
            IDATA   0008H     0001H     UNIT         ?STACK

            * * * * * * *   C O D E   M E M O R Y   * * * * * * *
            CODE    0000H     0003H     ABSOLUTE     
            CODE    0003H     000CH     UNIT         ?C_C51STARTUP
            CODE    000FH     000BH     UNIT         ?PR?MAIN?MIAN



OVERLAY MAP OF MODULE:   .\Objects\main (MIAN)


SEGMENT
  +--> CALLED SEGMENT
---------------------
?C_C51STARTUP
  +--> ?PR?MAIN?MIAN



SYMBOL TABLE OF MODULE:  .\Objects\main (MIAN)

  VALUE           TYPE          NAME
  ----------------------------------

  -------         MODULE        MIAN
  C:0000H         SYMBOL        _ICE_DUMMY_
  D:0080H         PUBLIC        P0
  B:00A0H.2       PUBLIC        P2_2
  B:00A0H.3       PUBLIC        P2_3
  B:00A0H.4       PUBLIC        P2_4
  C:000FH         PUBLIC        main
  -------         PROC          MAIN
  C:000FH         LINE#         2
  C:000FH         LINE#         3
  C:000FH         LINE#         4
  C:0011H         LINE#         5
  C:0013H         LINE#         6
BL51 BANKED LINKER/LOCATER V6.22                                                      08/20/2025  22:30:49  PAGE 2


  C:0015H         LINE#         7
  C:0018H         LINE#         8
  C:0018H         LINE#         9
  C:0018H         LINE#         10
  -------         ENDPROC       MAIN
  -------         ENDMOD        MIAN

Program Size: data=9.0 xdata=0 code=26
LINK/LOCATE RUN COMPLETE.  0 WARNING(S),  0 ERROR(S)
