C51 COMPILER V9.54   MAIN                                                                  04/01/2026 17:06:44 PAGE 1   


C51 COMPILER V9.54, COMPILATION OF MODULE MAIN
OBJECT MODULE PLACED IN .\Objects\main.obj
COMPILER INVOKED BY: C:\Keil_v5\C51\BIN\C51.EXE main.c OPTIMIZE(8,SPEED) BROWSE DEBUG OBJECTEXTEND PRINT(.\Listings\main
                    -.lst) TABS(2) OBJECT(.\Objects\main.obj)

line level    source

   1          #include <REGX52.H>
   2          #include <stdio.h>
   3          
   4          // --- 引脚定义 ---
   5          sbit AD_CS  = P3^5; 
   6          sbit AD_CLK = P3^6;
   7          sbit AD_DIN = P3^4;
   8          sbit AD_DOUT= P3^7;
   9          sbit DA_OUT = P2^1; // DAC输出（PWM模式）
  10          
  11          // --- 全局变量 ---
  12          unsigned char DA_Value = 0;    // 当前DAC输出值 (0-255)
  13          unsigned char PWM_Count = 0; 
  14          unsigned char Target_Value = 128; // 设定目标平衡点（约2.5V）
  15          unsigned char Dead_Zone = 8;      // 工业死区：防止在目标点附近震荡
  16          
  17          // --- 1. 串口初始化 (用于周三的逻辑监控) ---
  18          void Uart_Init() {
  19   1          SCON = 0x50; TMOD &= 0x0F; TMOD |= 0x20;
  20   1          TH1 = 0xFD; TL1 = 0xFD; // 9600波特率 @11.0592MHz
  21   1          TR1 = 1; TI = 1;        // printf需要TI=1
  22   1      }
  23          
  24          // --- 2. 定时器0：高频PWM产生器 ---
  25          void Timer0_Init() {
  26   1          TMOD &= 0xF0; TMOD |= 0x01; 
  27   1          TH0 = 0xFF; TL0 = 0xA4; // 100us节拍
  28   1          ET0 = 1; EA = 1; TR0 = 1;
  29   1      }
  30          
  31          void Timer0_Routine() interrupt 1 {
  32   1          TH0 = 0xFF; TL0 = 0xA4;
  33   1          PWM_Count++;
  34   1          if(PWM_Count < DA_Value) DA_OUT = 1; else DA_OUT = 0;
  35   1      }
  36          
  37          // --- 3. XPT2046 基础读取函数 ---
  38          unsigned char Read_AD(unsigned char cmd) {
  39   1          unsigned char i, dat = 0;
  40   1          AD_CLK = 0; AD_CS = 0;
  41   1          for(i=0; i<8; i++) {
  42   2              AD_DIN = cmd & 0x80; cmd <<= 1;
  43   2              AD_CLK = 1; AD_CLK = 0;
  44   2          }
  45   1          for(i=0; i<8; i++) {
  46   2              AD_CLK = 1; dat <<= 1;
  47   2              if(AD_DOUT) dat |= 0x01;
  48   2              AD_CLK = 0;
  49   2          }
  50   1          AD_CS = 1;
  51   1          return dat;
  52   1      }
  53          
  54          // --- 4. 软件滤波：均值采样 ---
C51 COMPILER V9.54   MAIN                                                                  04/01/2026 17:06:44 PAGE 2   

  55          unsigned char Get_AD_Avg(unsigned char cmd) {
  56   1          unsigned int sum = 0;
  57   1          unsigned char i;
  58   1          for(i=0; i<8; i++) sum += Read_AD(cmd);
  59   1          return (unsigned char)(sum >> 3);
  60   1      }
  61          
  62          // --- 5. 主逻辑：闭环调节 ---
  63          void main() {
  64   1          unsigned char current_val;
  65   1          Uart_Init();
  66   1          Timer0_Init();
  67   1      
  68   1          printf("System Start! Target: %d\n", (int)Target_Value);
  69   1      
  70   1          while(1) {
  71   2              current_val = Get_AD_Avg(0x94); // 读取电位器当前值
  72   2      
  73   2              // --- 核心：带死区的逻辑判断 ---
  74   2              // 如果当前值显著高于目标（超过死区上限）
  75   2              if(current_val > (Target_Value + Dead_Zone)) {
  76   3                  if(DA_Value > 0) DA_Value--; // 降低输出，试图让输入降下来
  77   3              }
  78   2              // 如果当前值显著低于目标（低于死区下限）
  79   2              else if(current_val < (Target_Value - Dead_Zone)) {
  80   3                  if(DA_Value < 255) DA_Value++; // 提高输出
  81   3              }
  82   2              // 否则（在死区内）：DA_Value 保持不变，系统静默，避免频繁动作
  83   2      
  84   2              // 每隔一段时间打印一次状态
  85   2              printf("Real:%bu | Target:%bu | PWM:%bu\r\n", current_val, Target_Value, DA_Value);
  86   2      
  87   2              // 这里的延时决定了控制系统的“阻尼”或“反应速度”
  88   2              // 工业上不能调太快，否则会产生超调
  89   2              {unsigned int i=10000; while(i--);} 
  90   2          }
  91   1      }


MODULE INFORMATION:   STATIC OVERLAYABLE
   CODE SIZE        =    272    ----
   CONSTANT SIZE    =     60    ----
   XDATA SIZE       =   ----    ----
   PDATA SIZE       =   ----    ----
   DATA SIZE        =      4       3
   IDATA SIZE       =   ----    ----
   BIT SIZE         =   ----    ----
END OF MODULE INFORMATION.


C51 COMPILATION COMPLETE.  0 WARNING(S),  0 ERROR(S)
