C51 COMPILER V9.54   MAIN                                                                  10/01/2025 15:44:51 PAGE 1   


C51 COMPILER V9.54, COMPILATION OF MODULE MAIN
OBJECT MODULE PLACED IN .\Objects\main.obj
COMPILER INVOKED BY: C:\Keil_v5\C51\BIN\C51.EXE main.c OPTIMIZE(8,SPEED) BROWSE DEBUG OBJECTEXTEND PRINT(.\Listings\main
                    -.lst) TABS(2) OBJECT(.\Objects\main.obj)

line level    source

   1          #include <REGX52.H>
   2          #include "LCD1602.h"
   3          
   4          void main()
   5          {
   6   1        LCD_Init();
   7   1        LCD_ShowChar(1,1,'c');
   8   1        LCD_ShowChar(1,2,'c');
   9   1        LCD_ShowChar(1,3,'b');
  10   1        LCD_ShowString(1,5,"Hello");
  11   1        LCD_ShowNum(2,1,123,3);
  12   1        while(1)
  13   1        {
  14   2           
  15   2        }
  16   1      }


MODULE INFORMATION:   STATIC OVERLAYABLE
   CODE SIZE        =     59    ----
   CONSTANT SIZE    =      6    ----
   XDATA SIZE       =   ----    ----
   PDATA SIZE       =   ----    ----
   DATA SIZE        =   ----    ----
   IDATA SIZE       =   ----    ----
   BIT SIZE         =   ----    ----
END OF MODULE INFORMATION.


C51 COMPILATION COMPLETE.  0 WARNING(S),  0 ERROR(S)
