BL51 BANKED LINKER/LOCATER V6.22                                                        10/01/2025  15:44:51  PAGE 1


BL51 BANKED LINKER/LOCATER V6.22, INVOKED BY:
C:\KEIL_V5\C51\BIN\BL51.EXE .\Objects\main.obj, .\Objects\LCD1602.obj TO .\Objects\main PRINT (.\Listings\main.m51) RAMS
>> IZE (256) DISABLEWARNING (16)


MEMORY MODEL: SMALL


INPUT MODULES INCLUDED:
  .\Objects\main.obj (MAIN)
  .\Objects\LCD1602.obj (LCD1602)
  C:\KEIL_V5\C51\LIB\C51S.LIB (?C_STARTUP)
  C:\KEIL_V5\C51\LIB\C51S.LIB (?C?CLDOPTR)
  C:\KEIL_V5\C51\LIB\C51S.LIB (?C?IMUL)
  C:\KEIL_V5\C51\LIB\C51S.LIB (?C?UIDIV)


LINK MAP OF MODULE:  .\Objects\main (MAIN)


            TYPE    BASE      LENGTH    RELOCATION   SEGMENT NAME
            -----------------------------------------------------

            * * * * * * *   D A T A   M E M O R Y   * * * * * * *
            REG     0000H     0008H     ABSOLUTE     "REG BANK 0"
            DATA    0008H     0009H     UNIT         _DATA_GROUP_
            DATA    0011H     0007H     UNIT         ?DT?_LCD_SHOWSIGNEDNUM?LCD1602
            DATA    0018H     0005H     UNIT         ?DT?_LCD_SHOWHEXNUM?LCD1602
            DATA    001DH     0005H     UNIT         ?DT?_LCD_SHOWBINNUM?LCD1602
            IDATA   0022H     0001H     UNIT         ?STACK

            * * * * * * *   C O D E   M E M O R Y   * * * * * * *
            CODE    0000H     0003H     ABSOLUTE     
            CODE    0003H     0094H     UNIT         ?C?LIB_CODE
            CODE    0097H     003BH     UNIT         ?PR?MAIN?MAIN
            CODE    00D2H     003AH     UNIT         ?PR?_LCD_SHOWSIGNEDNUM?LCD1602
            CODE    010CH     0039H     UNIT         ?PR?_LCD_SHOWHEXNUM?LCD1602
            CODE    0145H     0038H     UNIT         ?PR?_LCD_SHOWBINNUM?LCD1602
            CODE    017DH     0033H     UNIT         ?PR?_LCD_POW?LCD1602
            CODE    01B0H     0023H     UNIT         ?PR?_LCD_SHOWSTRING?LCD1602
            CODE    01D3H     001EH     UNIT         ?PR?_LCD_WRITEDATA?LCD1602
            CODE    01F1H     001DH     UNIT         ?PR?_LCD_SHOWNUM?LCD1602
            CODE    020EH     0016H     UNIT         ?PR?_LCD_SETCURSOR?LCD1602
            CODE    0224H     0014H     UNIT         ?PR?LCD_INIT?LCD1602
            CODE    0238H     000FH     UNIT         ?PR?LCD_DELAY?LCD1602
            CODE    0247H     000CH     UNIT         ?C_C51STARTUP
            CODE    0253H     000AH     UNIT         ?PR?_LCD_WRITECOMMAND?LCD1602
            CODE    025DH     000AH     UNIT         ?PR?_LCD_SHOWCHAR?LCD1602
            CODE    0267H     0006H     UNIT         ?CO?MAIN



OVERLAY MAP OF MODULE:   .\Objects\main (MAIN)


SEGMENT                                  DATA_GROUP 
  +--> CALLED SEGMENT                  START    LENGTH
------------------------------------------------------
BL51 BANKED LINKER/LOCATER V6.22                                                      10/01/2025  15:44:51  PAGE 2


?C_C51STARTUP                          -----    -----
  +--> ?PR?MAIN?MAIN

?PR?MAIN?MAIN                          -----    -----
  +--> ?PR?LCD_INIT?LCD1602
  +--> ?PR?_LCD_SHOWCHAR?LCD1602
  +--> ?CO?MAIN
  +--> ?PR?_LCD_SHOWSTRING?LCD1602
  +--> ?PR?_LCD_SHOWNUM?LCD1602

?PR?LCD_INIT?LCD1602                   -----    -----
  +--> ?PR?_LCD_WRITECOMMAND?LCD1602

?PR?_LCD_WRITECOMMAND?LCD1602          -----    -----
  +--> ?PR?LCD_DELAY?LCD1602

?PR?_LCD_SHOWCHAR?LCD1602              -----    -----
  +--> ?PR?_LCD_SETCURSOR?LCD1602
  +--> ?PR?_LCD_WRITEDATA?LCD1602

?PR?_LCD_SETCURSOR?LCD1602             -----    -----
  +--> ?PR?_LCD_WRITECOMMAND?LCD1602

?PR?_LCD_WRITEDATA?LCD1602             -----    -----
  +--> ?PR?LCD_DELAY?LCD1602

?PR?_LCD_SHOWSTRING?LCD1602            0008H    0003H
  +--> ?PR?_LCD_SETCURSOR?LCD1602
  +--> ?PR?_LCD_WRITEDATA?LCD1602

?PR?_LCD_SHOWNUM?LCD1602               0008H    0005H
  +--> ?PR?_LCD_SETCURSOR?LCD1602
  +--> ?PR?_LCD_POW?LCD1602
  +--> ?PR?_LCD_WRITEDATA?LCD1602

?PR?_LCD_POW?LCD1602                   000DH    0004H



SYMBOL TABLE OF MODULE:  .\Objects\main (MAIN)

  VALUE           TYPE          NAME
  ----------------------------------

  -------         MODULE        MAIN
  C:0000H         SYMBOL        _ICE_DUMMY_
  C:0097H         PUBLIC        main
  -------         PROC          MAIN
  C:0097H         LINE#         4
  C:0097H         LINE#         5
  C:0097H         LINE#         6
  C:009AH         LINE#         7
  C:00A3H         LINE#         8
  C:00ACH         LINE#         9
  C:00B5H         LINE#         10
  C:00C2H         LINE#         11
  C:00D0H         LINE#         12
BL51 BANKED LINKER/LOCATER V6.22                                                      10/01/2025  15:44:51  PAGE 3


  C:00D0H         LINE#         13
  C:00D0H         LINE#         15
  -------         ENDPROC       MAIN
  -------         ENDMOD        MAIN

  -------         MODULE        LCD1602
  C:0000H         SYMBOL        _ICE_DUMMY_
  D:0080H         PUBLIC        P0
  D:00A0H         PUBLIC        P2
  C:0253H         PUBLIC        _LCD_WriteCommand
  C:01F1H         PUBLIC        _LCD_ShowNum
  C:0145H         PUBLIC        _LCD_ShowBinNum
  C:023EH         PUBLIC        LCD_Delay
  C:010CH         PUBLIC        _LCD_ShowHexNum
  C:01E7H         PUBLIC        _LCD_WriteData
  B:00A0H.7       PUBLIC        LCD_EN
  C:0224H         PUBLIC        LCD_Init
  C:01B0H         PUBLIC        _LCD_ShowString
  C:025DH         PUBLIC        _LCD_ShowChar
  B:00A0H.6       PUBLIC        LCD_RS
  B:00A0H.5       PUBLIC        LCD_RW
  C:020EH         PUBLIC        _LCD_SetCursor
  C:00D2H         PUBLIC        _LCD_ShowSignedNum
  C:0189H         PUBLIC        _LCD_Pow
  -------         PROC          L?0048
  -------         ENDPROC       L?0048
  -------         PROC          LCD_DELAY
  -------         DO            
  D:0007H         SYMBOL        i
  D:0006H         SYMBOL        j
  -------         ENDDO         
  C:023EH         LINE#         15
  C:023EH         LINE#         16
  C:023EH         LINE#         19
  C:0240H         LINE#         20
  C:0242H         LINE#         22
  C:0242H         LINE#         23
  C:0244H         LINE#         24
  C:0246H         LINE#         25
  -------         ENDPROC       LCD_DELAY
  -------         PROC          _LCD_WRITECOMMAND
  D:0007H         SYMBOL        Command
  C:0253H         LINE#         32
  C:0253H         LINE#         33
  C:0253H         LINE#         34
  C:0255H         LINE#         35
  C:0255H         LINE#         36
  C:0255H         LINE#         37
  C:0255H         LINE#         38
  C:0258H         LINE#         39
  C:025AH         LINE#         40
  -------         ENDPROC       _LCD_WRITECOMMAND
  -------         PROC          L?0047
  -------         ENDPROC       L?0047
  -------         PROC          _LCD_WRITEDATA
  D:0007H         SYMBOL        Data
  C:01E7H         LINE#         48
BL51 BANKED LINKER/LOCATER V6.22                                                      10/01/2025  15:44:51  PAGE 4


  C:01E7H         LINE#         49
  C:01E7H         LINE#         50
  C:01E9H         LINE#         51
  C:01E9H         LINE#         52
  C:01E9H         LINE#         53
  C:01E9H         LINE#         54
  C:01ECH         LINE#         55
  C:01EEH         LINE#         56
  -------         ENDPROC       _LCD_WRITEDATA
  -------         PROC          _LCD_SETCURSOR
  D:0006H         SYMBOL        Line
  D:0005H         SYMBOL        Column
  C:020EH         LINE#         65
  C:0210H         LINE#         66
  C:0210H         LINE#         67
  C:0213H         LINE#         68
  C:0213H         LINE#         69
  C:0215H         LINE#         70
  C:0217H         LINE#         71
  C:021AH         LINE#         72
  C:021AH         LINE#         73
  C:0223H         LINE#         74
  C:0223H         LINE#         75
  -------         ENDPROC       _LCD_SETCURSOR
  -------         PROC          LCD_INIT
  C:0224H         LINE#         82
  C:0224H         LINE#         83
  C:0224H         LINE#         84
  C:0229H         LINE#         85
  C:022EH         LINE#         86
  C:0233H         LINE#         87
  -------         ENDPROC       LCD_INIT
  -------         PROC          _LCD_SHOWCHAR
  D:0006H         SYMBOL        Line
  D:0005H         SYMBOL        Column
  D:0004H         SYMBOL        Char
  C:025DH         LINE#         97
  C:025FH         LINE#         98
  C:025FH         LINE#         99
  C:0262H         LINE#         100
  -------         ENDPROC       _LCD_SHOWCHAR
  -------         PROC          _LCD_SHOWSTRING
  D:0007H         SYMBOL        Line
  D:0005H         SYMBOL        Column
  D:0008H         SYMBOL        String
  -------         DO            
  D:0005H         SYMBOL        i
  -------         ENDDO         
  C:01B0H         LINE#         110
  C:01B6H         LINE#         111
  C:01B6H         LINE#         113
  C:01B9H         LINE#         114
  C:01CCH         LINE#         115
  C:01CCH         LINE#         116
  C:01CFH         LINE#         117
  C:01D2H         LINE#         118
  -------         ENDPROC       _LCD_SHOWSTRING
BL51 BANKED LINKER/LOCATER V6.22                                                      10/01/2025  15:44:51  PAGE 5


  C:017FH         SYMBOL        L?0046
  -------         PROC          L?0045
  -------         ENDPROC       L?0045
  C:017FH         SYMBOL        L?0046
  -------         PROC          _LCD_POW
  D:000DH         SYMBOL        X
  D:000FH         SYMBOL        Y
  -------         DO            
  D:0003H         SYMBOL        i
  D:0006H         SYMBOL        Result
  -------         ENDDO         
  C:0189H         LINE#         123
  C:0191H         LINE#         124
  C:0191H         LINE#         126
  C:0195H         LINE#         127
  C:01A5H         LINE#         128
  C:01A5H         LINE#         129
  C:01ACH         LINE#         130
  C:01AFH         LINE#         131
  C:01AFH         LINE#         132
  -------         ENDPROC       _LCD_POW
  -------         PROC          _LCD_SHOWNUM
  D:0007H         SYMBOL        Line
  D:0005H         SYMBOL        Column
  D:000AH         SYMBOL        Number
  D:000CH         SYMBOL        Length
  -------         DO            
  D:0002H         SYMBOL        i
  -------         ENDDO         
  C:01F1H         LINE#         142
  C:01F5H         LINE#         143
  C:01F5H         LINE#         145
  C:01F8H         LINE#         146
  C:0200H         LINE#         147
  C:0200H         LINE#         148
  C:020AH         LINE#         149
  C:020DH         LINE#         150
  -------         ENDPROC       _LCD_SHOWNUM
  -------         PROC          _LCD_SHOWSIGNEDNUM
  D:0007H         SYMBOL        Line
  D:0005H         SYMBOL        Column
  D:0002H         SYMBOL        Number
  D:0015H         SYMBOL        Length
  -------         DO            
  D:0002H         SYMBOL        i
  D:0016H         SYMBOL        Number1
  -------         ENDDO         
  C:00D2H         LINE#         160
  C:00D2H         LINE#         161
  C:00D2H         LINE#         164
  C:00D5H         LINE#         165
  C:00DDH         LINE#         166
  C:00DDH         LINE#         167
  C:00E2H         LINE#         168
  C:00E6H         LINE#         169
  C:00E8H         LINE#         171
  C:00E8H         LINE#         172
BL51 BANKED LINKER/LOCATER V6.22                                                      10/01/2025  15:44:51  PAGE 6


  C:00EDH         LINE#         173
  C:00F6H         LINE#         174
  C:00F6H         LINE#         175
  C:00FEH         LINE#         176
  C:00FEH         LINE#         177
  C:0108H         LINE#         178
  C:010BH         LINE#         179
  -------         ENDPROC       _LCD_SHOWSIGNEDNUM
  -------         PROC          _LCD_SHOWHEXNUM
  D:0007H         SYMBOL        Line
  D:0005H         SYMBOL        Column
  D:001AH         SYMBOL        Number
  D:001CH         SYMBOL        Length
  -------         DO            
  D:0002H         SYMBOL        i
  D:0006H         SYMBOL        SingleNumber
  -------         ENDDO         
  C:010CH         LINE#         189
  C:0110H         LINE#         190
  C:0110H         LINE#         192
  C:0113H         LINE#         193
  C:011BH         LINE#         194
  C:011BH         LINE#         195
  C:0131H         LINE#         196
  C:0137H         LINE#         197
  C:0137H         LINE#         198
  C:0139H         LINE#         199
  C:013BH         LINE#         201
  C:013BH         LINE#         202
  C:0141H         LINE#         203
  C:0141H         LINE#         204
  C:0144H         LINE#         205
  -------         ENDPROC       _LCD_SHOWHEXNUM
  -------         PROC          _LCD_SHOWBINNUM
  D:0007H         SYMBOL        Line
  D:0005H         SYMBOL        Column
  D:001FH         SYMBOL        Number
  D:0021H         SYMBOL        Length
  -------         DO            
  D:0002H         SYMBOL        i
  -------         ENDDO         
  C:0145H         LINE#         215
  C:0149H         LINE#         216
  C:0149H         LINE#         218
  C:014CH         LINE#         219
  C:0154H         LINE#         220
  C:0154H         LINE#         221
  C:0179H         LINE#         222
  C:017CH         LINE#         223
  -------         ENDPROC       _LCD_SHOWBINNUM
  -------         ENDMOD        LCD1602

  -------         MODULE        ?C?CLDOPTR
  C:0003H         PUBLIC        ?C?CLDOPTR
  -------         ENDMOD        ?C?CLDOPTR

  -------         MODULE        ?C?IMUL
BL51 BANKED LINKER/LOCATER V6.22                                                      10/01/2025  15:44:51  PAGE 7


  C:0030H         PUBLIC        ?C?IMUL
  -------         ENDMOD        ?C?IMUL

  -------         MODULE        ?C?UIDIV
  C:0042H         PUBLIC        ?C?UIDIV
  -------         ENDMOD        ?C?UIDIV

Program Size: data=35.0 xdata=0 code=621
LINK/LOCATE RUN COMPLETE.  0 WARNING(S),  0 ERROR(S)
