BL51 BANKED LINKER/LOCATER V6.22                                                        03/24/2026  20:21:00  PAGE 1


BL51 BANKED LINKER/LOCATER V6.22, INVOKED BY:
C:\KEIL_V5\C51\BIN\BL51.EXE .\Objects\STARTUP.obj, .\Objects\main.obj TO .\Objects\main PRINT (.\Listings\main.m51) RAMS
>> IZE (256)


MEMORY MODEL: SMALL


INPUT MODULES INCLUDED:
  .\Objects\STARTUP.obj (?C_STARTUP)
  .\Objects\main.obj (MAIN)
  C:\KEIL_V5\C51\LIB\C51S.LIB (?C_INIT)


LINK MAP OF MODULE:  .\Objects\main (?C_STARTUP)


            TYPE    BASE      LENGTH    RELOCATION   SEGMENT NAME
            -----------------------------------------------------

            * * * * * * *   D A T A   M E M O R Y   * * * * * * *
            REG     0000H     0008H     ABSOLUTE     "REG BANK 0"
            DATA    0008H     0003H     UNIT         ?DT?MAIN
            IDATA   000BH     0001H     UNIT         ?STACK

            * * * * * * *   C O D E   M E M O R Y   * * * * * * *
            CODE    0000H     0003H     ABSOLUTE     
                    0003H     0008H                  *** GAP ***
            CODE    000BH     0003H     ABSOLUTE     
            CODE    000EH     008CH     UNIT         ?C_C51STARTUP
            CODE    009AH     0034H     UNIT         ?PR?MAIN?MAIN
            CODE    00CEH     0028H     UNIT         ?PR?TIMER0_ROUTINE?MAIN
            CODE    00F6H     0013H     UNIT         ?PR?TIMER0_INIT?MAIN
            CODE    0109H     000AH     UNIT         ?C_INITSEG



OVERLAY MAP OF MODULE:   .\Objects\main (?C_STARTUP)


SEGMENT
  +--> CALLED SEGMENT
---------------------
?C_C51STARTUP
  +--> ?PR?MAIN?MAIN
  +--> ?C_INITSEG

?PR?MAIN?MAIN
  +--> ?PR?TIMER0_INIT?MAIN



SYMBOL TABLE OF MODULE:  .\Objects\main (?C_STARTUP)

  VALUE           TYPE          NAME
  ----------------------------------

  -------         MODULE        ?C_STARTUP
BL51 BANKED LINKER/LOCATER V6.22                                                      03/24/2026  20:21:00  PAGE 2


  C:000EH         SEGMENT       ?C_C51STARTUP
  I:000BH         SEGMENT       ?STACK
  C:0000H         PUBLIC        ?C_STARTUP
  D:00E0H         SYMBOL        ACC
  D:00F0H         SYMBOL        B
  D:0083H         SYMBOL        DPH
  D:0082H         SYMBOL        DPL
  N:0000H         SYMBOL        IBPSTACK
  N:0100H         SYMBOL        IBPSTACKTOP
  N:0080H         SYMBOL        IDATALEN
  C:0011H         SYMBOL        IDATALOOP
  N:0000H         SYMBOL        PBPSTACK
  N:0100H         SYMBOL        PBPSTACKTOP
  N:0000H         SYMBOL        PDATALEN
  N:0000H         SYMBOL        PDATASTART
  N:0000H         SYMBOL        PPAGE
  N:0000H         SYMBOL        PPAGEENABLE
  D:00A0H         SYMBOL        PPAGE_SFR
  D:0081H         SYMBOL        SP
  C:000EH         SYMBOL        STARTUP1
  N:0000H         SYMBOL        XBPSTACK
  N:0000H         SYMBOL        XBPSTACKTOP
  N:0000H         SYMBOL        XDATALEN
  N:0000H         SYMBOL        XDATASTART
  C:0000H         LINE#         126
  C:000EH         LINE#         133
  C:0010H         LINE#         134
  C:0011H         LINE#         135
  C:0012H         LINE#         136
  C:0014H         LINE#         185
  C:0017H         LINE#         196
  -------         ENDMOD        ?C_STARTUP

  -------         MODULE        MAIN
  C:0000H         SYMBOL        _ICE_DUMMY_
  C:00CEH         PUBLIC        Timer0_Routine
  B:00A8H.7       PUBLIC        EA
  D:0008H         PUBLIC        T0Count
  B:00A0H.0       PUBLIC        P2_0
  D:0009H         PUBLIC        Dir
  C:009AH         PUBLIC        main
  C:00F6H         PUBLIC        Timer0_Init
  D:0089H         PUBLIC        TMOD
  B:00A8H.1       PUBLIC        ET0
  D:000AH         PUBLIC        Compare
  D:008CH         PUBLIC        TH0
  D:008AH         PUBLIC        TL0
  B:0088H.4       PUBLIC        TR0
  -------         PROC          TIMER0_INIT
  C:00F6H         LINE#         7
  C:00F6H         LINE#         8
  C:00F6H         LINE#         9
  C:00F9H         LINE#         10
  C:00FCH         LINE#         12
  C:00FFH         LINE#         13
  C:0102H         LINE#         14
  C:0104H         LINE#         15
BL51 BANKED LINKER/LOCATER V6.22                                                      03/24/2026  20:21:00  PAGE 3


  C:0106H         LINE#         16
  C:0108H         LINE#         17
  -------         ENDPROC       TIMER0_INIT
  -------         PROC          TIMER0_ROUTINE
  C:00CEH         LINE#         19
  C:00D2H         LINE#         21
  C:00D5H         LINE#         22
  C:00D8H         LINE#         24
  C:00DAH         LINE#         25
  C:00E4H         LINE#         28
  C:00EBH         LINE#         29
  C:00EBH         LINE#         30
  C:00EDH         LINE#         31
  C:00EFH         LINE#         33
  C:00EFH         LINE#         34
  C:00F1H         LINE#         35
  C:00F1H         LINE#         36
  -------         ENDPROC       TIMER0_ROUTINE
  -------         PROC          MAIN
  -------         DO            
  D:0006H         SYMBOL        i
  -------         ENDDO         
  C:009AH         LINE#         38
  C:009AH         LINE#         39
  C:009AH         LINE#         41
  C:009DH         LINE#         43
  C:009DH         LINE#         44
  C:009DH         LINE#         46
  C:00A1H         LINE#         47
  C:00A1H         LINE#         48
  C:00A3H         LINE#         49
  C:00ADH         LINE#         50
  C:00AFH         LINE#         52
  C:00AFH         LINE#         53
  C:00B1H         LINE#         54
  C:00BBH         LINE#         55
  C:00BBH         LINE#         58
  -------         ENDPROC       MAIN
  -------         ENDMOD        MAIN

Program Size: data=12.0 xdata=0 code=267
LINK/LOCATE RUN COMPLETE.  0 WARNING(S),  0 ERROR(S)
