C51 COMPILER V9.54   MAIN                                                                  08/15/2025 16:57:17 PAGE 1   


C51 COMPILER V9.54, COMPILATION OF MODULE MAIN
OBJECT MODULE PLACED IN .\Objects\main.obj
COMPILER INVOKED BY: C:\Keil_v5\C51\BIN\C51.EXE main.c OPTIMIZE(8,SPEED) BROWSE DEBUG OBJECTEXTEND PRINT(.\Listings\main
                    -.lst) TABS(2) OBJECT(.\Objects\main.obj)

line level    source

   1          #include <REGX52.H>
   2          void Delay(unsigned int xms)  //@12.000MHz
   3          {
   4   1        unsigned char data i, j;
   5   1        while(xms)
   6   1        {
   7   2          i = 2;
   8   2          j = 239;
   9   2          do
  10   2          {
  11   3            while (--j);
  12   3          } while (--i);
  13   2          xms--;
  14   2        }
  15   1      }
  16          
  17          void main()
  18          {
  19   1        P2=~0x01;
  20   1        unsigned char LEDNum=0;
*** ERROR C141 IN LINE 20 OF main.c: syntax error near 'unsigned'
*** ERROR C202 IN LINE 20 OF main.c: 'LEDNum': undefined identifier
  21   1        while(1)
  22   1        {
  23   2          if(P3_1==0)
  24   2          {
  25   3            Delay(20);
  26   3            while(P3_1==0);
  27   3            Delay(20);
  28   3            
  29   3            LEDNum++;
*** ERROR C202 IN LINE 29 OF main.c: 'LEDNum': undefined identifier
  30   3            if(LEDNum>=8)
*** ERROR C202 IN LINE 30 OF main.c: 'LEDNum': undefined identifier
  31   3                LEDNum=0;
*** ERROR C202 IN LINE 31 OF main.c: 'LEDNum': undefined identifier
  32   3                P2=~(0x01<<LEDNum);
*** ERROR C202 IN LINE 32 OF main.c: 'LEDNum': undefined identifier
  33   3          }
  34   2        }
  35   1      }
  36          

C51 COMPILATION COMPLETE.  0 WARNING(S),  6 ERROR(S)
