BL51 BANKED LINKER/LOCATER V6.22                                                        08/15/2025  16:56:34  PAGE 1


BL51 BANKED LINKER/LOCATER V6.22, INVOKED BY:
C:\KEIL_V5\C51\BIN\BL51.EXE .\Objects\main.obj TO .\Objects\main PRINT (.\Listings\main.m51) RAMSIZE (256)


MEMORY MODEL: SMALL


INPUT MODULES INCLUDED:
  .\Objects\main.obj (MAIN)
  C:\KEIL_V5\C51\LIB\C51S.LIB (?C_STARTUP)


LINK MAP OF MODULE:  .\Objects\main (MAIN)


            TYPE    BASE      LENGTH    RELOCATION   SEGMENT NAME
            -----------------------------------------------------

            * * * * * * *   D A T A   M E M O R Y   * * * * * * *
            REG     0000H     0008H     ABSOLUTE     "REG BANK 0"
            IDATA   0008H     0001H     UNIT         ?STACK

            * * * * * * *   C O D E   M E M O R Y   * * * * * * *
            CODE    0000H     0003H     ABSOLUTE     
            CODE    0003H     002FH     UNIT         ?PR?MAIN?MAIN
            CODE    0032H     0014H     UNIT         ?PR?_DELAY?MAIN
            CODE    0046H     000CH     UNIT         ?C_C51STARTUP



OVERLAY MAP OF MODULE:   .\Objects\main (MAIN)


SEGMENT
  +--> CALLED SEGMENT
---------------------
?C_C51STARTUP
  +--> ?PR?MAIN?MAIN

?PR?MAIN?MAIN
  +--> ?PR?_DELAY?MAIN



SYMBOL TABLE OF MODULE:  .\Objects\main (MAIN)

  VALUE           TYPE          NAME
  ----------------------------------

  -------         MODULE        MAIN
  C:0000H         SYMBOL        _ICE_DUMMY_
  D:00A0H         PUBLIC        P2
  B:00B0H.1       PUBLIC        P3_1
  C:0003H         PUBLIC        main
  C:0032H         PUBLIC        _Delay
  -------         PROC          _DELAY
  D:0006H         SYMBOL        xms
  -------         DO            
BL51 BANKED LINKER/LOCATER V6.22                                                      08/15/2025  16:56:34  PAGE 2


  D:0005H         SYMBOL        i
  D:0004H         SYMBOL        j
  -------         ENDDO         
  C:0032H         LINE#         2
  C:0032H         LINE#         3
  C:0032H         LINE#         5
  C:0036H         LINE#         6
  C:0036H         LINE#         7
  C:0038H         LINE#         8
  C:003AH         LINE#         10
  C:003AH         LINE#         11
  C:003CH         LINE#         12
  C:003EH         LINE#         13
  C:0043H         LINE#         14
  C:0045H         LINE#         15
  -------         ENDPROC       _DELAY
  -------         PROC          MAIN
  -------         DO            
  D:0003H         SYMBOL        LEDNum
  -------         ENDDO         
  C:0003H         LINE#         17
  C:0003H         LINE#         18
  C:0003H         LINE#         19
  C:0005H         LINE#         20
  C:0005H         LINE#         21
  C:0005H         LINE#         22
  C:0008H         LINE#         23
  C:0008H         LINE#         24
  C:000FH         LINE#         25
  C:0012H         LINE#         26
  C:0019H         LINE#         28
  C:001AH         LINE#         29
  C:0020H         LINE#         30
  C:0022H         LINE#         31
  C:0030H         LINE#         32
  C:0030H         LINE#         33
  -------         ENDPROC       MAIN
  -------         ENDMOD        MAIN

Program Size: data=9.0 xdata=0 code=82
LINK/LOCATE RUN COMPLETE.  0 WARNING(S),  0 ERROR(S)
