C51 COMPILER V9.54   MAIN                                                                  04/09/2026 22:23:58 PAGE 1   


C51 COMPILER V9.54, COMPILATION OF MODULE MAIN
OBJECT MODULE PLACED IN .\Objects\main.obj
COMPILER INVOKED BY: D:\Keil_v5\C51\BIN\C51.EXE main.c OPTIMIZE(8,SPEED) BROWSE DEBUG OBJECTEXTEND PRINT(.\Listings\main
                    -.lst) TABS(2) OBJECT(.\Objects\main.obj)

line level    source

   1          #include <REGX52.H>
   2          #include <intrins.h>
   3          
   4          typedef unsigned char u8;
   5          typedef unsigned int u16;
   6          
   7          // --- 引脚定义 ---
   8          sbit LCD_CS   = P1^0;
   9          sbit LCD_RST  = P1^1;
  10          sbit LCD_RS   = P1^2; 
  11          sbit LCD_SDA  = P1^3; 
  12          sbit LCD_SCL  = P1^4;
  13          
  14          // --- 标准 6x8 ASCII 字库 (仅包含 HELLO 字符) ---
  15          u8 code F6x8[][6] = {
  16              { 0x00, 0x00, 0x00, 0x00, 0x00, 0x00 }, // 空格 [0]
  17              { 0x7F, 0x08, 0x08, 0x08, 0x7F, 0x00 }, // H [1]
  18              { 0x7F, 0x49, 0x49, 0x49, 0x41, 0x00 }, // E [2]
  19              { 0x7F, 0x40, 0x40, 0x40, 0x40, 0x00 }, // L [3]
  20              { 0x3E, 0x41, 0x41, 0x41, 0x3E, 0x00 }  // O [4]
  21          };
  22          
  23          void Delay_ms(u16 ms) {
  24   1          u16 i, j;
  25   1          for(i=ms; i>0; i--) for(j=114; j>0; j--);
  26   1      }
  27          
  28          void W_Byte(u8 dat, u8 is_data) {
  29   1          u8 i;
  30   1          LCD_CS = 0;
  31   1          LCD_RS = is_data; 
  32   1          for(i=0; i<8; i++) {
  33   2              LCD_SCL = 0;
  34   2              if(dat & 0x80) LCD_SDA = 1; else LCD_SDA = 0;
  35   2              _nop_(); _nop_();
  36   2              LCD_SCL = 1; 
  37   2              _nop_(); _nop_();
  38   2              dat <<= 1;
  39   2          }
  40   1          LCD_CS = 1;
  41   1      }
  42          
  43          void LcdSetPos(u8 page, u8 x) {
  44   1          W_Byte(0xB0 + page, 0); 
  45   1          W_Byte(0x10 + (x >> 4), 0); 
  46   1          W_Byte(x & 0x0F, 0);
  47   1      }
  48          
  49          void LcdClear() {
  50   1          u8 p, c;
  51   1          for(p=0; p<6; p++) {
  52   2              LcdSetPos(p, 0);
  53   2              for(c=0; c<96; c++) W_Byte(0x00, 1);
  54   2          }
C51 COMPILER V9.54   MAIN                                                                  04/09/2026 22:23:58 PAGE 2   

  55   1      }
  56          
  57          // 显示一个 6x8 字符
  58          void ShowChar(u8 page, u8 x, u8 index) {
  59   1          u8 i;
  60   1          LcdSetPos(page, x);
  61   1          for(i=0; i<6; i++) {
  62   2              W_Byte(F6x8[index][i], 1);
  63   2          }
  64   1      }
  65          
  66          void LcdInit() {
  67   1          LCD_RST = 0; Delay_ms(100); LCD_RST = 1; Delay_ms(100);
  68   1          W_Byte(0xE2, 0); Delay_ms(20);
  69   1          W_Byte(0xA2, 0); // 1/9 bias
  70   1          W_Byte(0xA0, 0); // ADC 正常
  71   1          W_Byte(0xC8, 0); // COM 翻转
  72   1          W_Byte(0x23, 0); // 粗调对比度
  73   1          W_Byte(0x81, 0); // 微调指令
  74   1          W_Byte(0x30, 0); // 亮度 (如果看不清调这个)
  75   1          W_Byte(0x2F, 0); // 电源开启
  76   1          W_Byte(0xAF, 0); // 显示开启
  77   1          LcdClear();
  78   1      }
  79          
  80          void main() {
  81   1          LcdInit();
  82   1          
  83   1          // 在屏幕中间显示 HELLO (Page 2, 从第 30 列开始)
  84   1          ShowChar(2, 30, 1); // H
  85   1          ShowChar(2, 36, 2); // E
  86   1          ShowChar(2, 42, 3); // L
  87   1          ShowChar(2, 48, 3); // L
  88   1          ShowChar(2, 54, 4); // O
  89   1      
  90   1          while(1);
  91   1      }


MODULE INFORMATION:   STATIC OVERLAYABLE
   CODE SIZE        =    284    ----
   CONSTANT SIZE    =     30    ----
   XDATA SIZE       =   ----    ----
   PDATA SIZE       =   ----    ----
   DATA SIZE        =   ----    ----
   IDATA SIZE       =   ----    ----
   BIT SIZE         =   ----    ----
END OF MODULE INFORMATION.


C51 COMPILATION COMPLETE.  0 WARNING(S),  0 ERROR(S)
