BL51 BANKED LINKER/LOCATER V6.22                                                        03/31/2026  21:06:07  PAGE 1


BL51 BANKED LINKER/LOCATER V6.22, INVOKED BY:
C:\KEIL_V5\C51\BIN\BL51.EXE .\Objects\STARTUP.obj, .\Objects\main.obj TO .\Objects\main PRINT (.\Listings\main.m51) RAMS
>> IZE (256)


MEMORY MODEL: SMALL


INPUT MODULES INCLUDED:
  .\Objects\STARTUP.obj (?C_STARTUP)
  .\Objects\main.obj (MAIN)
  C:\KEIL_V5\C51\LIB\C51S.LIB (?C?CLDPTR)


LINK MAP OF MODULE:  .\Objects\main (?C_STARTUP)


            TYPE    BASE      LENGTH    RELOCATION   SEGMENT NAME
            -----------------------------------------------------

            * * * * * * *   D A T A   M E M O R Y   * * * * * * *
            REG     0000H     0008H     ABSOLUTE     "REG BANK 0"
            DATA    0008H     0005H     UNIT         _DATA_GROUP_
            IDATA   000DH     0001H     UNIT         ?STACK

            * * * * * * *   C O D E   M E M O R Y   * * * * * * *
            CODE    0000H     0003H     ABSOLUTE     
            CODE    0003H     0064H     UNIT         ?PR?MAIN?MAIN
            CODE    0067H     0036H     UNIT         ?PR?_READ_AD?MAIN
            CODE    009DH     002DH     UNIT         ?CO?MAIN
            CODE    00CAH     0025H     UNIT         ?PR?_UART_SENDSTRING?MAIN
            CODE    00EFH     0019H     UNIT         ?C?LIB_CODE
            CODE    0108H     0015H     UNIT         ?PR?UART_INIT?MAIN
            CODE    011DH     0011H     UNIT         ?PR?_UART_SENDBYTE?MAIN
            CODE    012EH     000CH     UNIT         ?C_C51STARTUP



OVERLAY MAP OF MODULE:   .\Objects\main (?C_STARTUP)


SEGMENT                             DATA_GROUP 
  +--> CALLED SEGMENT             START    LENGTH
-------------------------------------------------
?C_C51STARTUP                     -----    -----
  +--> ?PR?MAIN?MAIN

?PR?MAIN?MAIN                     0008H    0002H
  +--> ?PR?UART_INIT?MAIN
  +--> ?CO?MAIN
  +--> ?PR?_UART_SENDSTRING?MAIN
  +--> ?PR?_READ_AD?MAIN
  +--> ?PR?_UART_SENDBYTE?MAIN

?PR?_UART_SENDSTRING?MAIN         000AH    0003H
  +--> ?PR?_UART_SENDBYTE?MAIN


BL51 BANKED LINKER/LOCATER V6.22                                                      03/31/2026  21:06:07  PAGE 2



SYMBOL TABLE OF MODULE:  .\Objects\main (?C_STARTUP)

  VALUE           TYPE          NAME
  ----------------------------------

  -------         MODULE        ?C_STARTUP
  C:012EH         SEGMENT       ?C_C51STARTUP
  I:000DH         SEGMENT       ?STACK
  C:0000H         PUBLIC        ?C_STARTUP
  D:00E0H         SYMBOL        ACC
  D:00F0H         SYMBOL        B
  D:0083H         SYMBOL        DPH
  D:0082H         SYMBOL        DPL
  N:0000H         SYMBOL        IBPSTACK
  N:0100H         SYMBOL        IBPSTACKTOP
  N:0080H         SYMBOL        IDATALEN
  C:0131H         SYMBOL        IDATALOOP
  N:0000H         SYMBOL        PBPSTACK
  N:0100H         SYMBOL        PBPSTACKTOP
  N:0000H         SYMBOL        PDATALEN
  N:0000H         SYMBOL        PDATASTART
  N:0000H         SYMBOL        PPAGE
  N:0000H         SYMBOL        PPAGEENABLE
  D:00A0H         SYMBOL        PPAGE_SFR
  D:0081H         SYMBOL        SP
  C:012EH         SYMBOL        STARTUP1
  N:0000H         SYMBOL        XBPSTACK
  N:0000H         SYMBOL        XBPSTACKTOP
  N:0000H         SYMBOL        XDATALEN
  N:0000H         SYMBOL        XDATASTART
  C:0000H         LINE#         126
  C:012EH         LINE#         133
  C:0130H         LINE#         134
  C:0131H         LINE#         135
  C:0132H         LINE#         136
  C:0134H         LINE#         185
  C:0137H         LINE#         196
  -------         ENDMOD        ?C_STARTUP

  -------         MODULE        MAIN
  C:0000H         SYMBOL        _ICE_DUMMY_
  D:00B0H         PUBLIC        P3
  C:00CAH         PUBLIC        _Uart_SendString
  C:0108H         PUBLIC        Uart_Init
  B:0098H.1       PUBLIC        TI
  C:0126H         PUBLIC        _Uart_SendByte
  B:00B0H.7       PUBLIC        AD_DOUT
  C:0003H         PUBLIC        main
  D:0099H         PUBLIC        SBUF
  D:0087H         PUBLIC        PCON
  D:0098H         PUBLIC        SCON
  D:0089H         PUBLIC        TMOD
  B:00B0H.6       PUBLIC        AD_CLK
  B:00B0H.4       PUBLIC        AD_DIN
  D:008DH         PUBLIC        TH1
  D:008BH         PUBLIC        TL1
BL51 BANKED LINKER/LOCATER V6.22                                                      03/31/2026  21:06:07  PAGE 3


  B:0088H.6       PUBLIC        TR1
  C:0067H         PUBLIC        _Read_AD
  B:00B0H.5       PUBLIC        AD_CS
  -------         PROC          UART_INIT
  C:0108H         LINE#         10
  C:0108H         LINE#         11
  C:010EH         LINE#         12
  C:0114H         LINE#         13
  C:011AH         LINE#         14
  C:011CH         LINE#         15
  -------         ENDPROC       UART_INIT
  -------         PROC          L?0029
  -------         ENDPROC       L?0029
  -------         PROC          _UART_SENDBYTE
  D:0007H         SYMBOL        Byte
  C:0126H         LINE#         17
  C:0126H         LINE#         18
  C:0128H         LINE#         19
  C:012BH         LINE#         20
  C:012DH         LINE#         21
  -------         ENDPROC       _UART_SENDBYTE
  -------         PROC          _UART_SENDSTRING
  D:000AH         SYMBOL        str
  C:00CAH         LINE#         23
  C:00D0H         LINE#         24
  C:00EEH         LINE#         25
  -------         ENDPROC       _UART_SENDSTRING
  -------         PROC          _READ_AD
  D:0007H         SYMBOL        cmd
  -------         DO            
  D:0005H         SYMBOL        i
  D:0006H         SYMBOL        dat
  -------         ENDDO         
  C:0067H         LINE#         28
  C:0067H         LINE#         29
  C:0069H         LINE#         30
  C:006BH         LINE#         31
  C:006DH         LINE#         34
  C:006EH         LINE#         35
  C:0072H         LINE#         36
  C:0076H         LINE#         37
  C:007AH         LINE#         38
  C:007EH         LINE#         41
  C:0084H         LINE#         44
  C:0086H         LINE#         45
  C:0088H         LINE#         46
  C:008CH         LINE#         47
  C:0092H         LINE#         48
  C:0094H         LINE#         49
  C:0098H         LINE#         50
  C:009AH         LINE#         51
  C:009CH         LINE#         52
  -------         ENDPROC       _READ_AD
  -------         PROC          MAIN
  -------         DO            
  D:0006H         SYMBOL        val
  -------         DO            
BL51 BANKED LINKER/LOCATER V6.22                                                      03/31/2026  21:06:07  PAGE 4


  D:0008H         SYMBOL        i
  -------         ENDDO         
  -------         ENDDO         
  C:0003H         LINE#         54
  C:0003H         LINE#         56
  C:0006H         LINE#         58
  C:000FH         LINE#         60
  C:000FH         LINE#         61
  C:0016H         LINE#         63
  C:001FH         LINE#         64
  C:002AH         LINE#         65
  C:0032H         LINE#         66
  C:0036H         LINE#         67
  C:003FH         LINE#         70
  -------         ENDPROC       MAIN
  -------         ENDMOD        MAIN

  -------         MODULE        ?C?CLDPTR
  C:00EFH         PUBLIC        ?C?CLDPTR
  -------         ENDMOD        ?C?CLDPTR

Program Size: data=14.0 xdata=0 code=314
LINK/LOCATE RUN COMPLETE.  0 WARNING(S),  0 ERROR(S)
