C51 COMPILER V9.54   MAIN                                                                  03/24/2026 20:21:00 PAGE 1   


C51 COMPILER V9.54, COMPILATION OF MODULE MAIN
OBJECT MODULE PLACED IN .\Objects\main.obj
COMPILER INVOKED BY: C:\Keil_v5\C51\BIN\C51.EXE main.c OPTIMIZE(8,SPEED) BROWSE DEBUG OBJECTEXTEND PRINT(.\Listings\main
                    -.lst) TABS(2) OBJECT(.\Objects\main.obj)

line level    source

   1          #include <REGX52.H>
   2          
   3          unsigned char T0Count = 0;  // 模拟时间轴（0-100循环）
   4          unsigned char Compare = 0; // 亮度阈值（占空比控制）
   5          unsigned char Dir = 0;     // 呼吸方向（0变亮，1变暗）
   6          
   7          void Timer0_Init()
   8          {
   9   1          TMOD &= 0xF0;
  10   1          TMOD |= 0x01;
  11   1          // 设定 100微秒 进一次中断
  12   1          TH0 = 0xFF; 
  13   1          TL0 = 0x9C; // 65536 - 100 = 65436 (0xFF9C)
  14   1          ET0 = 1;
  15   1          EA = 1;
  16   1          TR0 = 1;
  17   1      }
  18          
  19          void Timer0_Routine() interrupt 1
  20          {
  21   1          TH0 = 0xFF; // 重装初值 (100us)
  22   1          TL0 = 0x9C;
  23   1          
  24   1          T0Count++;
  25   1          if(T0Count >= 100) T0Count = 0; // 一个周期结束，清零
  26   1          
  27   1          // --- 【PWM 核心比较逻辑】 ---
  28   1          if(T0Count < Compare) 
  29   1          {
  30   2              P2_0 = 0; // 灯亮（低电平点亮）
  31   2          }
  32   1          else 
  33   1          {
  34   2              P2_0 = 1; // 灯灭
  35   2          }
  36   1      }
  37          
  38          void main()
  39          {
  40   1          unsigned int i;
  41   1          Timer0_Init();
  42   1          
  43   1          while(1)
  44   1          {
  45   2              // 这里的逻辑负责缓慢改变 Compare（亮度）
  46   2              if(Dir == 0) // 变亮阶段
  47   2              {
  48   3                  Compare++;
  49   3                  if(Compare >= 100) Dir = 1;
  50   3              }
  51   2              else // 变暗阶段
  52   2              {
  53   3                  Compare--;
  54   3                  if(Compare <= 0) Dir = 0;
C51 COMPILER V9.54   MAIN                                                                  03/24/2026 20:21:00 PAGE 2   

  55   3              }
  56   2              
  57   2              // 控制呼吸的速度，不然太快了看不出来
  58   2              for(i=0; i<300; i++); 
  59   2          }
  60   1      }


MODULE INFORMATION:   STATIC OVERLAYABLE
   CODE SIZE        =    111    ----
   CONSTANT SIZE    =   ----    ----
   XDATA SIZE       =   ----    ----
   PDATA SIZE       =   ----    ----
   DATA SIZE        =      3    ----
   IDATA SIZE       =   ----    ----
   BIT SIZE         =   ----    ----
END OF MODULE INFORMATION.


C51 COMPILATION COMPLETE.  0 WARNING(S),  0 ERROR(S)
