BL51 BANKED LINKER/LOCATER V6.22                                                        04/15/2026  21:33:50  PAGE 1


BL51 BANKED LINKER/LOCATER V6.22, INVOKED BY:
D:\KEIL_V5\C51\BIN\BL51.EXE .\Objects\STARTUP.obj, .\Objects\MAIN.obj TO .\Objects\main PRINT (.\Listings\main.m51) RAMS
>> IZE (256)


MEMORY MODEL: SMALL


INPUT MODULES INCLUDED:
  .\Objects\STARTUP.obj (?C_STARTUP)
  .\Objects\MAIN.obj (MAIN)
  D:\KEIL_V5\C51\LIB\C51S.LIB (?C_INIT)


LINK MAP OF MODULE:  .\Objects\main (?C_STARTUP)


            TYPE    BASE      LENGTH    RELOCATION   SEGMENT NAME
            -----------------------------------------------------

            * * * * * * *   D A T A   M E M O R Y   * * * * * * *
            REG     0000H     0008H     ABSOLUTE     "REG BANK 0"
            DATA    0008H     0002H     UNIT         ?DT?MAIN
            IDATA   000AH     0001H     UNIT         ?STACK

            * * * * * * *   C O D E   M E M O R Y   * * * * * * *
            CODE    0000H     0003H     ABSOLUTE     
            CODE    0003H     0007H     UNIT         ?C_INITSEG
                    000AH     0001H                  *** GAP ***
            CODE    000BH     0003H     ABSOLUTE     
            CODE    000EH     008CH     UNIT         ?C_C51STARTUP
            CODE    009AH     0028H     UNIT         ?PR?TIMER0_ROUTINE?MAIN
            CODE    00C2H     0015H     UNIT         ?PR?TIMER0INIT?MAIN
            CODE    00D7H     0005H     UNIT         ?PR?MAIN?MAIN



OVERLAY MAP OF MODULE:   .\Objects\main (?C_STARTUP)


SEGMENT
  +--> CALLED SEGMENT
---------------------
?C_C51STARTUP
  +--> ?PR?MAIN?MAIN
  +--> ?C_INITSEG

?PR?MAIN?MAIN
  +--> ?PR?TIMER0INIT?MAIN



SYMBOL TABLE OF MODULE:  .\Objects\main (?C_STARTUP)

  VALUE           TYPE          NAME
  ----------------------------------

  -------         MODULE        ?C_STARTUP
BL51 BANKED LINKER/LOCATER V6.22                                                      04/15/2026  21:33:50  PAGE 2


  C:000EH         SEGMENT       ?C_C51STARTUP
  I:000AH         SEGMENT       ?STACK
  C:0000H         PUBLIC        ?C_STARTUP
  D:00E0H         SYMBOL        ACC
  D:00F0H         SYMBOL        B
  D:0083H         SYMBOL        DPH
  D:0082H         SYMBOL        DPL
  N:0000H         SYMBOL        IBPSTACK
  N:0100H         SYMBOL        IBPSTACKTOP
  N:0080H         SYMBOL        IDATALEN
  C:0011H         SYMBOL        IDATALOOP
  N:0000H         SYMBOL        PBPSTACK
  N:0100H         SYMBOL        PBPSTACKTOP
  N:0000H         SYMBOL        PDATALEN
  N:0000H         SYMBOL        PDATASTART
  N:0000H         SYMBOL        PPAGE
  N:0000H         SYMBOL        PPAGEENABLE
  D:00A0H         SYMBOL        PPAGE_SFR
  D:0081H         SYMBOL        SP
  C:000EH         SYMBOL        STARTUP1
  N:0000H         SYMBOL        XBPSTACK
  N:0000H         SYMBOL        XBPSTACKTOP
  N:0000H         SYMBOL        XDATALEN
  N:0000H         SYMBOL        XDATASTART
  C:0000H         LINE#         126
  C:000EH         LINE#         133
  C:0010H         LINE#         134
  C:0011H         LINE#         135
  C:0012H         LINE#         136
  C:0014H         LINE#         185
  C:0017H         LINE#         196
  -------         ENDMOD        ?C_STARTUP

  -------         MODULE        MAIN
  C:0000H         SYMBOL        _ICE_DUMMY_
  C:009AH         PUBLIC        Timer0_Routine
  D:00A0H         PUBLIC        P2
  B:00A8H.7       PUBLIC        EA
  B:00A0H.1       PUBLIC        PWM_Out
  D:0008H         PUBLIC        DutyCycle
  C:00D7H         PUBLIC        main
  D:0089H         PUBLIC        TMOD
  B:00A8H.1       PUBLIC        ET0
  B:0088H.5       PUBLIC        TF0
  C:00C2H         PUBLIC        Timer0Init
  D:008CH         PUBLIC        TH0
  D:008AH         PUBLIC        TL0
  B:0088H.4       PUBLIC        TR0
  D:0009H         PUBLIC        Counter
  -------         PROC          TIMER0INIT
  C:00C2H         LINE#         9
  C:00C2H         LINE#         10
  C:00C5H         LINE#         11
  C:00C8H         LINE#         12
  C:00CBH         LINE#         13
  C:00CEH         LINE#         14
  C:00D0H         LINE#         15
BL51 BANKED LINKER/LOCATER V6.22                                                      04/15/2026  21:33:50  PAGE 3


  C:00D2H         LINE#         16
  C:00D4H         LINE#         17
  C:00D6H         LINE#         18
  -------         ENDPROC       TIMER0INIT
  -------         PROC          MAIN
  C:00D7H         LINE#         20
  C:00D7H         LINE#         21
  C:00DAH         LINE#         22
  C:00DAH         LINE#         26
  -------         ENDPROC       MAIN
  -------         PROC          TIMER0_ROUTINE
  C:009AH         LINE#         30
  C:009EH         LINE#         31
  C:00A1H         LINE#         32
  C:00A4H         LINE#         34
  C:00A6H         LINE#         35
  C:00ADH         LINE#         36
  C:00B0H         LINE#         37
  C:00B0H         LINE#         39
  C:00B7H         LINE#         40
  C:00B9H         LINE#         41
  C:00BBH         LINE#         42
  C:00BDH         LINE#         43
  C:00BDH         LINE#         44
  -------         ENDPROC       TIMER0_ROUTINE
  -------         ENDMOD        MAIN

Program Size: data=11.0 xdata=0 code=219
LINK/LOCATE RUN COMPLETE.  0 WARNING(S),  0 ERROR(S)
