C51 COMPILER V9.54   MAIN                                                                  04/15/2026 21:33:50 PAGE 1   


C51 COMPILER V9.54, COMPILATION OF MODULE MAIN
OBJECT MODULE PLACED IN .\Objects\MAIN.obj
COMPILER INVOKED BY: D:\Keil_v5\C51\BIN\C51.EXE MAIN.c OPTIMIZE(8,SPEED) BROWSE DEBUG OBJECTEXTEND PRINT(.\Listings\MAIN
                    -.lst) TABS(2) OBJECT(.\Objects\MAIN.obj)

line level    source

   1          #include <REGX52.H>
   2          
   3          unsigned char Counter = 0;      // 计数器
   4          unsigned char DutyCycle = 30;   // 占空比（0-100），现在是30%
   5          
   6          sbit PWM_Out = P2^1;            // 假设马达驱动或LED接在P2.1
   7          
   8          // 定时器0初始化
   9          void Timer0Init() {
  10   1          TMOD &= 0xF0;       // 设置定时器模式
  11   1          TMOD |= 0x01;       // 16位定时器模式
  12   1          TL0 = 0xA4;         // 设置定时初值（11.0592MHz下，约100us）
  13   1          TH0 = 0xFF;         
  14   1          TF0 = 0;            // 清除TF0标志
  15   1          TR0 = 1;            // 定时器0开始计时
  16   1          ET0 = 1;            // 开启定时器0中断
  17   1          EA = 1;             // 开启总中断
  18   1      }
  19          
  20          void main() {
  21   1          Timer0Init();
  22   1          while(1) {
  23   2              // 这里可以写你的红外解码逻辑
  24   2              // 比如：如果按键1，DutyCycle = 30;
  25   2              // 比如：如果按键2，DutyCycle = 60;
  26   2          }
  27   1      }
  28          
  29          // 定时器0中断服务程序
  30          void Timer0_Routine() interrupt 1 {
  31   1          TL0 = 0xA4;         // 重新赋初值
  32   1          TH0 = 0xFF;
  33   1          
  34   1          Counter++;          // 每次中断+1
  35   1          if(Counter >= 100) {
  36   2              Counter = 0;    // 满100清零，完成一个周期
  37   2          }
  38   1          
  39   1          if(Counter < DutyCycle) {
  40   2              PWM_Out = 1;    // 在占空比时间内，输出高
  41   2          } else {
  42   2              PWM_Out = 0;    // 超过占空比时间，输出低
  43   2          }
  44   1      }


MODULE INFORMATION:   STATIC OVERLAYABLE
   CODE SIZE        =     66    ----
   CONSTANT SIZE    =   ----    ----
   XDATA SIZE       =   ----    ----
   PDATA SIZE       =   ----    ----
   DATA SIZE        =      2    ----
   IDATA SIZE       =   ----    ----
   BIT SIZE         =   ----    ----
C51 COMPILER V9.54   MAIN                                                                  04/15/2026 21:33:50 PAGE 2   

END OF MODULE INFORMATION.


C51 COMPILATION COMPLETE.  0 WARNING(S),  0 ERROR(S)
