BL51 BANKED LINKER/LOCATER V6.22                                                        03/30/2026  16:40:02  PAGE 1


BL51 BANKED LINKER/LOCATER V6.22, INVOKED BY:
C:\KEIL_V5\C51\BIN\BL51.EXE .\Objects\STARTUP.obj, .\Objects\main.obj TO .\Objects\main PRINT (.\Listings\main.m51) RAMS
>> IZE (256)


MEMORY MODEL: SMALL


INPUT MODULES INCLUDED:
  .\Objects\STARTUP.obj (?C_STARTUP)
  .\Objects\main.obj (MAIN)
  C:\KEIL_V5\C51\LIB\C51S.LIB (?C_INIT)


LINK MAP OF MODULE:  .\Objects\main (?C_STARTUP)


            TYPE    BASE      LENGTH    RELOCATION   SEGMENT NAME
            -----------------------------------------------------

            * * * * * * *   D A T A   M E M O R Y   * * * * * * *
            REG     0000H     0008H     ABSOLUTE     "REG BANK 0"
            DATA    0008H     0017H     UNIT         ?DT?MAIN
                    001FH     0001H                  *** GAP ***
            BIT     0020H.0   0000H.2   UNIT         ?BI?MAIN
                    0020H.2   0000H.6                *** GAP ***
            IDATA   0021H     0001H     UNIT         ?STACK

            * * * * * * *   C O D E   M E M O R Y   * * * * * * *
            CODE    0000H     0003H     ABSOLUTE     
                    0003H     0008H                  *** GAP ***
            CODE    000BH     0003H     ABSOLUTE     
                    000EH     000DH                  *** GAP ***
            CODE    001BH     0003H     ABSOLUTE     
            CODE    001EH     00E2H     UNIT         ?PR?TIMER0_ROUTINE?MAIN
            CODE    0100H     008CH     UNIT         ?C_C51STARTUP
            CODE    018CH     0042H     UNIT         ?PR?MAIN?MAIN
            CODE    01CEH     002EH     UNIT         ?C_INITSEG
            CODE    01FCH     001DH     UNIT         ?PR?TIMER1_ROUTINE?MAIN
            CODE    0219H     001AH     UNIT         ?PR?INIT_TIMERS?MAIN
            CODE    0233H     0013H     UNIT         ?PR?_NIXIE_SETPOS?MAIN



OVERLAY MAP OF MODULE:   .\Objects\main (?C_STARTUP)


SEGMENT
  +--> CALLED SEGMENT
---------------------
?C_C51STARTUP
  +--> ?PR?MAIN?MAIN
  +--> ?C_INITSEG

?PR?MAIN?MAIN
  +--> ?PR?INIT_TIMERS?MAIN

*** NEW ROOT ***************************************************
BL51 BANKED LINKER/LOCATER V6.22                                                      03/30/2026  16:40:02  PAGE 2



?PR?TIMER0_ROUTINE?MAIN
  +--> ?PR?_NIXIE_SETPOS?MAIN



SYMBOL TABLE OF MODULE:  .\Objects\main (?C_STARTUP)

  VALUE           TYPE          NAME
  ----------------------------------

  -------         MODULE        ?C_STARTUP
  C:0100H         SEGMENT       ?C_C51STARTUP
  I:0021H         SEGMENT       ?STACK
  C:0000H         PUBLIC        ?C_STARTUP
  D:00E0H         SYMBOL        ACC
  D:00F0H         SYMBOL        B
  D:0083H         SYMBOL        DPH
  D:0082H         SYMBOL        DPL
  N:0000H         SYMBOL        IBPSTACK
  N:0100H         SYMBOL        IBPSTACKTOP
  N:0080H         SYMBOL        IDATALEN
  C:0103H         SYMBOL        IDATALOOP
  N:0000H         SYMBOL        PBPSTACK
  N:0100H         SYMBOL        PBPSTACKTOP
  N:0000H         SYMBOL        PDATALEN
  N:0000H         SYMBOL        PDATASTART
  N:0000H         SYMBOL        PPAGE
  N:0000H         SYMBOL        PPAGEENABLE
  D:00A0H         SYMBOL        PPAGE_SFR
  D:0081H         SYMBOL        SP
  C:0100H         SYMBOL        STARTUP1
  N:0000H         SYMBOL        XBPSTACK
  N:0000H         SYMBOL        XBPSTACKTOP
  N:0000H         SYMBOL        XDATALEN
  N:0000H         SYMBOL        XDATASTART
  C:0000H         LINE#         126
  C:0100H         LINE#         133
  C:0102H         LINE#         134
  C:0103H         LINE#         135
  C:0104H         LINE#         136
  C:0106H         LINE#         185
  C:0109H         LINE#         196
  -------         ENDMOD        ?C_STARTUP

  -------         MODULE        MAIN
  C:0000H         SYMBOL        _ICE_DUMMY_
  C:001EH         PUBLIC        Timer0_Routine
  D:0080H         PUBLIC        P0
  C:01FCH         PUBLIC        Timer1_Routine
  D:00A0H         PUBLIC        P2
  D:00B0H         PUBLIC        P3
  B:00A0H.5       PUBLIC        Buzzer
  B:00A8H.7       PUBLIC        EA
  C:018CH         PUBLIC        main
  D:0089H         PUBLIC        TMOD
  C:0233H         PUBLIC        _Nixie_SetPos
BL51 BANKED LINKER/LOCATER V6.22                                                      03/30/2026  16:40:02  PAGE 3


  B:00A8H.1       PUBLIC        ET0
  B:00A8H.3       PUBLIC        ET1
  D:008CH         PUBLIC        TH0
  D:008DH         PUBLIC        TH1
  B:0020H.1       PUBLIC        tick_10ms
  D:008AH         PUBLIC        TL0
  D:008BH         PUBLIC        TL1
  D:000DH         PUBLIC        Seconds
  B:00A0H.0       PUBLIC        LED
  B:0088H.4       PUBLIC        TR0
  B:0088H.6       PUBLIC        TR1
  B:00B0H.1       PUBLIC        Key1
  B:00A0H.2       PUBLIC        LSA
  B:00A0H.3       PUBLIC        LSB
  B:00A0H.4       PUBLIC        LSC
  D:000EH         PUBLIC        NixieTable
  D:001CH         PUBLIC        System_State
  C:0219H         PUBLIC        Init_Timers
  D:001DH         PUBLIC        T1_Count
  D:001EH         PUBLIC        PWM_Duty
  -------         PROC          _NIXIE_SETPOS
  D:0007H         SYMBOL        pos
  C:0233H         LINE#         31
  C:0233H         LINE#         33
  C:0237H         LINE#         34
  C:023DH         LINE#         35
  C:0245H         LINE#         36
  -------         ENDPROC       _NIXIE_SETPOS
  -------         PROC          INIT_TIMERS
  C:0219H         LINE#         38
  C:0219H         LINE#         39
  C:021CH         LINE#         40
  C:0222H         LINE#         41
  C:0228H         LINE#         42
  C:0232H         LINE#         43
  -------         ENDPROC       INIT_TIMERS
  -------         PROC          TIMER0_ROUTINE
  -------         DO            
  D:0008H         SYMBOL        scan_pos
  D:0009H         SYMBOL        pwm_cnt
  D:000AH         SYMBOL        alert_cnt
  -------         ENDDO         
  C:001EH         LINE#         45
  C:002BH         LINE#         49
  C:0031H         LINE#         52
  C:003DH         LINE#         54
  C:0041H         LINE#         55
  C:004EH         LINE#         56
  C:0050H         LINE#         57
  C:0052H         LINE#         58
  C:005AH         LINE#         59
  C:0069H         LINE#         60
  C:007AH         LINE#         61
  C:0080H         LINE#         62
  C:0080H         LINE#         65
  C:0083H         LINE#         66
  C:0088H         LINE#         68
BL51 BANKED LINKER/LOCATER V6.22                                                      03/30/2026  16:40:02  PAGE 4


  C:008CH         LINE#         69
  C:0094H         LINE#         70
  C:009DH         LINE#         71
  C:009FH         LINE#         72
  C:00A7H         LINE#         73
  C:00AFH         LINE#         75
  C:00C0H         LINE#         76
  C:00D7H         LINE#         77
  C:00E9H         LINE#         78
  C:00E9H         LINE#         80
  C:00F5H         LINE#         81
  -------         ENDPROC       TIMER0_ROUTINE
  -------         PROC          TIMER1_ROUTINE
  -------         DO            
  D:000CH         SYMBOL        c1
  -------         ENDDO         
  C:01FCH         LINE#         83
  C:0200H         LINE#         85
  C:0206H         LINE#         86
  C:0214H         LINE#         87
  -------         ENDPROC       TIMER1_ROUTINE
  -------         PROC          MAIN
  -------         DO            
  B:0020H.0       SYMBOL        last_key
  -------         ENDDO         
  C:018CH         LINE#         89
  C:018CH         LINE#         91
  C:018FH         LINE#         92
  C:018FH         LINE#         93
  C:0192H         LINE#         94
  C:0194H         LINE#         96
  C:019AH         LINE#         97
  C:01A6H         LINE#         98
  C:01A9H         LINE#         99
  C:01A9H         LINE#         100
  C:01ADH         LINE#         103
  C:01B2H         LINE#         104
  C:01B4H         LINE#         105
  C:01BBH         LINE#         106
  C:01BEH         LINE#         107
  C:01C9H         LINE#         108
  C:01CCH         LINE#         109
  C:01CCH         LINE#         110
  C:01CCH         LINE#         111
  C:01CCH         LINE#         112
  -------         ENDPROC       MAIN
  -------         ENDMOD        MAIN

Program Size: data=32.2 xdata=0 code=561
LINK/LOCATE RUN COMPLETE.  0 WARNING(S),  0 ERROR(S)
