BL51 BANKED LINKER/LOCATER V6.22                                                        04/12/2026  22:17:05  PAGE 1


BL51 BANKED LINKER/LOCATER V6.22, INVOKED BY:
D:\KEIL_V5\C51\BIN\BL51.EXE .\Objects\STARTUP.obj, .\Objects\main.obj TO .\Objects\main PRINT (.\Listings\main.m51) RAMS
>> IZE (256)


MEMORY MODEL: SMALL


INPUT MODULES INCLUDED:
  .\Objects\STARTUP.obj (?C_STARTUP)
  .\Objects\main.obj (MAIN)
  D:\KEIL_V5\C51\LIB\C51S.LIB (?C_INIT)


LINK MAP OF MODULE:  .\Objects\main (?C_STARTUP)


            TYPE    BASE      LENGTH    RELOCATION   SEGMENT NAME
            -----------------------------------------------------

            * * * * * * *   D A T A   M E M O R Y   * * * * * * *
            REG     0000H     0008H     ABSOLUTE     "REG BANK 0"
            DATA    0008H     0007H     UNIT         _DATA_GROUP_
            DATA    000FH     0005H     UNIT         ?DT?MAIN
            IDATA   0014H     0001H     UNIT         ?STACK

            * * * * * * *   C O D E   M E M O R Y   * * * * * * *
            CODE    0000H     0003H     ABSOLUTE     
            CODE    0003H     0003H     ABSOLUTE     
            CODE    0006H     00C4H     UNIT         ?PR?READIR?MAIN
            CODE    00CAH     009BH     UNIT         ?PR?MAIN?MAIN
            CODE    0165H     008DH     UNIT         ?CO?MAIN
            CODE    01F2H     008CH     UNIT         ?C_C51STARTUP
            CODE    027EH     006AH     UNIT         ?PR?_SHOWCHAR?MAIN
            CODE    02E8H     0068H     UNIT         ?PR?LCDINIT?MAIN
            CODE    0350H     001EH     UNIT         ?PR?_DELAY_MS?MAIN
            CODE    036EH     001CH     UNIT         ?PR?_W_BYTE?MAIN
            CODE    038AH     001CH     UNIT         ?PR?_LCDSETPOS?MAIN
            CODE    03A6H     0004H     UNIT         ?C_INITSEG



OVERLAY MAP OF MODULE:   .\Objects\main (?C_STARTUP)


SEGMENT                          DATA_GROUP 
  +--> CALLED SEGMENT          START    LENGTH
----------------------------------------------
?C_C51STARTUP                  -----    -----
  +--> ?PR?MAIN?MAIN
  +--> ?C_INITSEG

?PR?MAIN?MAIN                  0008H    0002H
  +--> ?PR?LCDINIT?MAIN
  +--> ?PR?_SHOWCHAR?MAIN
  +--> ?PR?_DELAY_MS?MAIN
  +--> ?CO?MAIN

BL51 BANKED LINKER/LOCATER V6.22                                                      04/12/2026  22:17:05  PAGE 2


?PR?LCDINIT?MAIN               000AH    0002H
  +--> ?PR?_DELAY_MS?MAIN
  +--> ?PR?_W_BYTE?MAIN
  +--> ?PR?_LCDSETPOS?MAIN

?PR?_LCDSETPOS?MAIN            -----    -----
  +--> ?PR?_W_BYTE?MAIN

?PR?_SHOWCHAR?MAIN             -----    -----
  +--> ?PR?_LCDSETPOS?MAIN
  +--> ?CO?MAIN
  +--> ?PR?_W_BYTE?MAIN

*** NEW ROOT ***************************************************

?PR?READIR?MAIN                000CH    0003H



SYMBOL TABLE OF MODULE:  .\Objects\main (?C_STARTUP)

  VALUE           TYPE          NAME
  ----------------------------------

  -------         MODULE        ?C_STARTUP
  C:01F2H         SEGMENT       ?C_C51STARTUP
  I:0014H         SEGMENT       ?STACK
  C:0000H         PUBLIC        ?C_STARTUP
  D:00E0H         SYMBOL        ACC
  D:00F0H         SYMBOL        B
  D:0083H         SYMBOL        DPH
  D:0082H         SYMBOL        DPL
  N:0000H         SYMBOL        IBPSTACK
  N:0100H         SYMBOL        IBPSTACKTOP
  N:0080H         SYMBOL        IDATALEN
  C:01F5H         SYMBOL        IDATALOOP
  N:0000H         SYMBOL        PBPSTACK
  N:0100H         SYMBOL        PBPSTACKTOP
  N:0000H         SYMBOL        PDATALEN
  N:0000H         SYMBOL        PDATASTART
  N:0000H         SYMBOL        PPAGE
  N:0000H         SYMBOL        PPAGEENABLE
  D:00A0H         SYMBOL        PPAGE_SFR
  D:0081H         SYMBOL        SP
  C:01F2H         SYMBOL        STARTUP1
  N:0000H         SYMBOL        XBPSTACK
  N:0000H         SYMBOL        XBPSTACKTOP
  N:0000H         SYMBOL        XDATALEN
  N:0000H         SYMBOL        XDATASTART
  C:0000H         LINE#         126
  C:01F2H         LINE#         133
  C:01F4H         LINE#         134
  C:01F5H         LINE#         135
  C:01F6H         LINE#         136
  C:01F8H         LINE#         185
  C:01FBH         LINE#         196
  -------         ENDMOD        ?C_STARTUP
BL51 BANKED LINKER/LOCATER V6.22                                                      04/12/2026  22:17:05  PAGE 3



  -------         MODULE        MAIN
  C:0000H         SYMBOL        _ICE_DUMMY_
  D:0090H         PUBLIC        P1
  D:00A0H         PUBLIC        P2
  D:00B0H         PUBLIC        P3
  B:00A8H.7       PUBLIC        EA
  B:0090H.3       PUBLIC        LCD_SDA
  B:0090H.4       PUBLIC        LCD_SCL
  C:0283H         PUBLIC        _ShowChar
  C:00CAH         PUBLIC        main
  C:0176H         PUBLIC        Key_Map
  C:02E8H         PUBLIC        LcdInit
  C:0180H         PUBLIC        F6x8
  B:0090H.1       PUBLIC        LCD_RST
  C:0350H         PUBLIC        _Delay_ms
  B:00B0H.2       PUBLIC        IRIN
  C:0006H         PUBLIC        ReadIr
  D:000FH         PUBLIC        IrValue
  B:0090H.0       PUBLIC        LCD_CS
  C:036EH         PUBLIC        _W_Byte
  B:00A8H.0       PUBLIC        EX0
  B:0088H.0       PUBLIC        IT0
  B:00A0H.0       PUBLIC        LED
  D:0013H         PUBLIC        IrOK
  B:0090H.2       PUBLIC        LCD_RS
  C:0165H         PUBLIC        Hex_Table
  C:038AH         PUBLIC        _LcdSetPos
  -------         PROC          _DELAY_MS
  D:0006H         SYMBOL        ms
  -------         DO            
  D:0006H         SYMBOL        i
  D:0004H         SYMBOL        j
  -------         ENDDO         
  C:0350H         LINE#         59
  -------         ENDPROC       _DELAY_MS
  -------         PROC          _W_BYTE
  D:0007H         SYMBOL        dat
  D:0005H         SYMBOL        is_data
  -------         DO            
  D:0006H         SYMBOL        i
  -------         ENDDO         
  C:036EH         LINE#         60
  C:036EH         LINE#         61
  C:0375H         LINE#         62
  C:0387H         LINE#         63
  C:0389H         LINE#         64
  -------         ENDPROC       _W_BYTE
  -------         PROC          _LCDSETPOS
  D:0007H         SYMBOL        p
  D:0004H         SYMBOL        x
  C:038AH         LINE#         65
  -------         ENDPROC       _LCDSETPOS
  C:027FH         SYMBOL        L?0075
  -------         PROC          L?0074
  -------         ENDPROC       L?0074
  C:027FH         SYMBOL        L?0075
BL51 BANKED LINKER/LOCATER V6.22                                                      04/12/2026  22:17:05  PAGE 4


  -------         PROC          _SHOWCHAR
  D:0007H         SYMBOL        p
  D:0005H         SYMBOL        x
  D:0003H         SYMBOL        ch
  -------         DO            
  D:0004H         SYMBOL        i
  D:0002H         SYMBOL        id
  -------         ENDDO         
  C:0283H         LINE#         66
  C:0283H         LINE#         67
  C:0285H         LINE#         68
  C:02A0H         LINE#         69
  C:02BEH         LINE#         70
  C:02E7H         LINE#         71
  -------         ENDPROC       _SHOWCHAR
  -------         PROC          LCDINIT
  -------         DO            
  D:000AH         SYMBOL        i
  D:000BH         SYMBOL        j
  -------         ENDDO         
  C:02E8H         LINE#         73
  C:02E8H         LINE#         74
  C:02FAH         LINE#         75
  C:0310H         LINE#         76
  C:0329H         LINE#         77
  C:034FH         LINE#         78
  -------         ENDPROC       LCDINIT
  -------         PROC          READIR
  -------         DO            
  D:0005H         SYMBOL        i
  D:000CH         SYMBOL        j
  D:000DH         SYMBOL        time
  D:0006H         SYMBOL        timeout
  -------         DO            
  D:000EH         SYMBOL        t
  -------         ENDDO         
  -------         ENDDO         
  C:0006H         LINE#         81
  C:0017H         LINE#         83
  C:002EH         LINE#         84
  C:003AH         LINE#         85
  C:0052H         LINE#         86
  C:0054H         LINE#         87
  C:0057H         LINE#         88
  C:006FH         LINE#         89
  C:008AH         LINE#         90
  C:00A5H         LINE#         91
  C:00ACH         LINE#         92
  C:00B2H         LINE#         93
  C:00BBH         LINE#         94
  -------         ENDPROC       READIR
  -------         PROC          MAIN
  -------         DO            
  D:0008H         SYMBOL        i
  D:0009H         SYMBOL        found
  -------         ENDDO         
  C:00CAH         LINE#         97
BL51 BANKED LINKER/LOCATER V6.22                                                      04/12/2026  22:17:05  PAGE 5


  C:00CAH         LINE#         98
  C:00CDH         LINE#         99
  C:00D5H         LINE#         101
  C:00E7H         LINE#         102
  C:00F9H         LINE#         104
  C:00F9H         LINE#         105
  C:00FBH         LINE#         106
  C:0102H         LINE#         108
  C:0106H         LINE#         110
  C:0109H         LINE#         113
  C:010BH         LINE#         114
  C:0114H         LINE#         115
  C:011BH         LINE#         116
  C:0124H         LINE#         117
  C:0127H         LINE#         118
  C:0129H         LINE#         119
  C:0129H         LINE#         120
  C:0132H         LINE#         123
  C:0136H         LINE#         124
  C:013BH         LINE#         125
  C:0140H         LINE#         126
  C:0142H         LINE#         127
  C:0144H         LINE#         129
  C:0150H         LINE#         130
  C:0160H         LINE#         131
  C:0160H         LINE#         132
  C:0160H         LINE#         133
  C:0163H         LINE#         134
  C:0163H         LINE#         135
  -------         ENDPROC       MAIN
  -------         ENDMOD        MAIN

Program Size: data=21.0 xdata=0 code=938
LINK/LOCATE RUN COMPLETE.  0 WARNING(S),  0 ERROR(S)
