C51 COMPILER V9.54   MAIN                                                                  04/12/2026 22:17:05 PAGE 1   


C51 COMPILER V9.54, COMPILATION OF MODULE MAIN
OBJECT MODULE PLACED IN .\Objects\main.obj
COMPILER INVOKED BY: D:\Keil_v5\C51\BIN\C51.EXE main.c OPTIMIZE(8,SPEED) BROWSE DEBUG OBJECTEXTEND PRINT(.\Listings\main
                    -.lst) TABS(2) OBJECT(.\Objects\main.obj)

line level    source

   1          #include <REGX52.H>
   2          #include <intrins.h>
   3          
   4          typedef unsigned char u8;
   5          typedef unsigned int u16;
   6          
   7          // --- 引脚定义 ---
   8          sbit LCD_CS   = P1^0;
   9          sbit LCD_RST  = P1^1;
  10          sbit LCD_RS   = P1^2; 
  11          sbit LCD_SDA  = P1^3; 
  12          sbit LCD_SCL  = P1^4;
  13          sbit IRIN     = P3^2; 
  14          sbit LED      = P2^0; 
  15          
  16          // --- 全局变量 ---
  17          u8 IrValue[4]; 
  18          u8 IrOK = 0;
  19          u8 code Hex_Table[] = "0123456789ABCDEF";
  20          
  21          // 你的遥控器键值映射表 (0-9 对应你测出的乱码)
  22          u8 code Key_Map[] = {
  23              0x16, // 0
  24              0x0C, // 1
  25              0x18, // 2
  26              0x5E, // 3
  27              0x08, // 4
  28              0x1C, // 5
  29              0x5A, // 6
  30              0x42, // 7
  31              0x52, // 8
  32              0x4A  // 9
  33          };
  34          
  35          // --- 6x8 字库 ---
  36          u8 code F6x8[][6] = {
  37              {0x00,0x00,0x00,0x00,0x00,0x00}, // [0] 空格
  38              {0x7F,0x08,0x14,0x22,0x41,0x00}, // [1] K
  39              {0x7F,0x49,0x49,0x49,0x41,0x00}, // [2] E
  40              {0x03,0x04,0x78,0x04,0x03,0x00}, // [3] Y
  41              {0x00,0x36,0x36,0x00,0x00,0x00}, // [4] :
  42              {0x3E,0x51,0x49,0x45,0x3E,0x00}, // [5] 0
  43              {0x00,0x42,0x7F,0x40,0x00,0x00}, // [6] 1
  44              {0x42,0x61,0x51,0x49,0x46,0x00}, // [7] 2
  45              {0x21,0x41,0x45,0x4B,0x31,0x00}, // [8] 3
  46              {0x18,0x14,0x12,0x7F,0x10,0x00}, // [9] 4
  47              {0x27,0x45,0x45,0x45,0x39,0x00}, // [10] 5
  48              {0x3C,0x4A,0x49,0x49,0x30,0x00}, // [11] 6
  49              {0x01,0x71,0x09,0x05,0x03,0x00}, // [12] 7
  50              {0x36,0x49,0x49,0x49,0x36,0x00}, // [13] 8
  51              {0x06,0x49,0x49,0x29,0x1E,0x00}, // [14] 9
  52              {0x7C,0x12,0x11,0x12,0x7C,0x00}, // [15] A
  53              {0x7F,0x49,0x49,0x49,0x36,0x00}, // [16] B
  54              {0x4F,0x41,0x41,0x41,0x31,0x00}, // [17] M (简单画法)
C51 COMPILER V9.54   MAIN                                                                  04/12/2026 22:17:05 PAGE 2   

  55              {0x7F,0x41,0x41,0x22,0x1C,0x00}  // [18] D
  56          };
  57          
  58          // --- 基础驱动 ---
  59          void Delay_ms(u16 ms) { u16 i, j; for(i=ms; i>0; i--) for(j=114; j>0; j--); }
  60          void W_Byte(u8 dat, u8 is_data) {
  61   1          u8 i; LCD_CS = 0; LCD_RS = is_data; 
  62   1          for(i=0; i<8; i++) { LCD_SCL = 0; LCD_SDA = dat & 0x80; LCD_SCL = 1; dat <<= 1; }
  63   1          LCD_CS = 1;
  64   1      }
  65          void LcdSetPos(u8 p, u8 x) { W_Byte(0xB0 + p, 0); W_Byte(0x10 + (x >> 4), 0); W_Byte(x & 0x0F, 0); }
  66          void ShowChar(u8 p, u8 x, u8 ch) {
  67   1          u8 i, id = 0;
  68   1          if(ch=='K') id=1; else if(ch=='E') id=2; else if(ch=='Y') id=3; else if(ch==':') id=4;
  69   1          else if(ch>='0'&&ch<='9') id=ch-'0'+5; else if(ch=='M') id=17; else if(ch=='D') id=18;
  70   1          LcdSetPos(p, x); for(i=0; i<6; i++) W_Byte(F6x8[id][i], 1);
  71   1      }
  72          
  73          void LcdInit() {
  74   1          LCD_RST=0; Delay_ms(50); LCD_RST=1; Delay_ms(50);
  75   1          W_Byte(0xE2,0); W_Byte(0xA2,0); W_Byte(0xA0,0); W_Byte(0xC8,0);
  76   1          W_Byte(0x23,0); W_Byte(0x81,0); W_Byte(0x32,0); W_Byte(0x2F,0); W_Byte(0xAF,0);
  77   1          { u8 i, j; for(i=0;i<6;i++){ LcdSetPos(i,0); for(j=0;j<96;j++) W_Byte(0,1); } }
  78   1      }
  79          
  80          // --- 中断解码 ---
  81          void ReadIr() interrupt 0 {
  82   1          u8 i, j, time; u16 timeout;
  83   1          timeout = 0; while(IRIN == 0 && timeout < 1000) { _nop_(); timeout++; } 
  84   1          if(timeout < 200) return;
  85   1          timeout = 0; while(IRIN == 1 && timeout < 500) { _nop_(); timeout++; }
  86   1          for(i=0; i<4; i++) {
  87   2              for(j=0; j<8; j++) {
  88   3                  timeout = 0; while(IRIN == 0 && timeout < 100) { _nop_(); timeout++; }
  89   3                  time = 0; while(IRIN == 1 && time < 100) { { u8 t=10; while(t--); } time++; }
  90   3                  IrValue[i] >>= 1; if(time > 7) IrValue[i] |= 0x80;
  91   3              }
  92   2          }
  93   1          if(IrValue[2] == (u8)~IrValue[3]) IrOK = 1;
  94   1      }
  95          
  96          // --- 主程序 ---
  97          void main() {
  98   1          LcdInit();
  99   1          IT0 = 1; EX0 = 1; EA = 1; IRIN = 1;
 100   1      
 101   1          ShowChar(2, 10, 'K'); ShowChar(2, 16, 'E'); 
 102   1          ShowChar(2, 22, 'Y'); ShowChar(2, 28, ':');
 103   1      
 104   1          while(1) {
 105   2              LED = !LED; 
 106   2              Delay_ms(200);
 107   2      
 108   2              if(IrOK) {
 109   3                  u8 i;
 110   3                  u8 found = 0;
 111   3      
 112   3                  // 1. 查找 0-9 映射
 113   3                  for(i=0; i<10; i++) {
 114   4                      if(IrValue[2] == Key_Map[i]) {
 115   5                          ShowChar(2, 40, i + '0'); // 显示翻译后的数字
 116   5                          ShowChar(2, 46, ' ');     // 擦除旧字符
C51 COMPILER V9.54   MAIN                                                                  04/12/2026 22:17:05 PAGE 3   

 117   5                          found = 1;
 118   5                          break;
 119   5                      }
 120   4                  }
 121   3      
 122   3                  // 2. 如果没找到，判断是否是特殊键
 123   3                  if(!found) {
 124   4                      if(IrValue[2] == 0x46) { // MODE键
 125   5                          ShowChar(2, 40, 'M'); 
 126   5                          ShowChar(2, 46, 'D');
 127   5                      } else {
 128   5                          // 既不是数字也不是MODE，显示原始十六进制方便调试
 129   5                          ShowChar(2, 40, Hex_Table[IrValue[2] >> 4]);
 130   5                          ShowChar(2, 46, Hex_Table[IrValue[2] & 0x0F]);
 131   5                      }
 132   4                  }
 133   3                  IrOK = 0;
 134   3              }
 135   2          }
 136   1      }


MODULE INFORMATION:   STATIC OVERLAYABLE
   CODE SIZE        =    647    ----
   CONSTANT SIZE    =    141    ----
   XDATA SIZE       =   ----    ----
   PDATA SIZE       =   ----    ----
   DATA SIZE        =      5       7
   IDATA SIZE       =   ----    ----
   BIT SIZE         =   ----    ----
END OF MODULE INFORMATION.


C51 COMPILATION COMPLETE.  0 WARNING(S),  0 ERROR(S)
