C51 COMPILER V9.54   MAIN                                                                  03/17/2026 18:29:19 PAGE 1   


C51 COMPILER V9.54, COMPILATION OF MODULE MAIN
OBJECT MODULE PLACED IN .\Objects\main.obj
COMPILER INVOKED BY: C:\Keil_v5\C51\BIN\C51.EXE main.c OPTIMIZE(8,SPEED) BROWSE DEBUG OBJECTEXTEND PRINT(.\Listings\main
                    -.lst) TABS(2) OBJECT(.\Objects\main.obj)

line level    source

   1          #include <REGX52.H>
   2          #include <INTRINS.H>  
   3          void Uart1_Init(void) //4800bps@11.0592MHz
   4          {
   5   1        PCON |= 0x80;   //使能波特率倍速位SMOD
   6   1        SCON = 0x50;    //8位数据,可变波特率
   7   1        TMOD &= 0x0F;   //设置定时器模式
   8   1        TMOD |= 0x20;   //设置定时器模式
   9   1        TL1 = 0xF4;     //设置定时初始值
  10   1        TH1 = 0xF4;     //设置定时重载值
  11   1        ET1 = 0;      //禁止定时器中断
  12   1        TR1 = 1;      //定时器1开始计时
  13   1      }
  14          void Delay1000ms(void)  //@11.0592MHz
  15          {
  16   1        unsigned char data i, j, k;
  17   1      
  18   1        _nop_();
  19   1        i = 8;
  20   1        j = 1;
  21   1        k = 243;
  22   1        do
  23   1        {
  24   2          do
  25   2          {
  26   3            while (--k);
  27   3          } while (--j);
  28   2        } while (--i);
  29   1      }
  30          /**
  31          *@brief串口发送一个字节数据
  32          *@param无
  33          *@retval无
  34          */
  35          void Uart1_SendByte (unsigned char Byte)
  36          {
  37   1        SBUF=Byte;
  38   1        while(TI==0);
  39   1        TI=0;
  40   1      }
  41          
  42          void main()
  43          {
  44   1        Uart1_Init();
  45   1        while(1)
  46   1        {
  47   2          Uart1_SendByte(0x66);
  48   2          Delay1000ms();
  49   2        }
  50   1      }


MODULE INFORMATION:   STATIC OVERLAYABLE
   CODE SIZE        =     58    ----
C51 COMPILER V9.54   MAIN                                                                  03/17/2026 18:29:19 PAGE 2   

   CONSTANT SIZE    =   ----    ----
   XDATA SIZE       =   ----    ----
   PDATA SIZE       =   ----    ----
   DATA SIZE        =   ----    ----
   IDATA SIZE       =   ----    ----
   BIT SIZE         =   ----    ----
END OF MODULE INFORMATION.


C51 COMPILATION COMPLETE.  0 WARNING(S),  0 ERROR(S)
