BL51 BANKED LINKER/LOCATER V6.22                                                        03/17/2026  18:29:19  PAGE 1


BL51 BANKED LINKER/LOCATER V6.22, INVOKED BY:
C:\KEIL_V5\C51\BIN\BL51.EXE .\Objects\STARTUP.obj, .\Objects\main.obj TO .\Objects\串口通讯 PRINT (.\Listings\串口通讯.m
>> 51) RAMSIZE (256)


MEMORY MODEL: SMALL


INPUT MODULES INCLUDED:
  .\Objects\STARTUP.obj (?C_STARTUP)
  .\Objects\main.obj (MAIN)


LINK MAP OF MODULE:  .\Objects\串口通讯 (?C_STARTUP)


            TYPE    BASE      LENGTH    RELOCATION   SEGMENT NAME
            -----------------------------------------------------

            * * * * * * *   D A T A   M E M O R Y   * * * * * * *
            REG     0000H     0008H     ABSOLUTE     "REG BANK 0"
            IDATA   0008H     0001H     UNIT         ?STACK

            * * * * * * *   C O D E   M E M O R Y   * * * * * * *
            CODE    0000H     0003H     ABSOLUTE     
            CODE    0003H     0017H     UNIT         ?PR?UART1_INIT?MAIN
            CODE    001AH     000EH     UNIT         ?PR?DELAY1000MS?MAIN
            CODE    0028H     000DH     UNIT         ?PR?MAIN?MAIN
            CODE    0035H     000CH     UNIT         ?C_C51STARTUP
            CODE    0041H     0008H     UNIT         ?PR?_UART1_SENDBYTE?MAIN



OVERLAY MAP OF MODULE:   .\Objects\串口通讯 (?C_STARTUP)


SEGMENT
  +--> CALLED SEGMENT
---------------------
?C_C51STARTUP
  +--> ?PR?MAIN?MAIN

?PR?MAIN?MAIN
  +--> ?PR?UART1_INIT?MAIN
  +--> ?PR?_UART1_SENDBYTE?MAIN
  +--> ?PR?DELAY1000MS?MAIN



SYMBOL TABLE OF MODULE:  .\Objects\串口通讯 (?C_STARTUP)

  VALUE           TYPE          NAME
  ----------------------------------

  -------         MODULE        ?C_STARTUP
  C:0035H         SEGMENT       ?C_C51STARTUP
  I:0008H         SEGMENT       ?STACK
  C:0000H         PUBLIC        ?C_STARTUP
BL51 BANKED LINKER/LOCATER V6.22                                                      03/17/2026  18:29:19  PAGE 2


  D:00E0H         SYMBOL        ACC
  D:00F0H         SYMBOL        B
  D:0083H         SYMBOL        DPH
  D:0082H         SYMBOL        DPL
  N:0000H         SYMBOL        IBPSTACK
  N:0100H         SYMBOL        IBPSTACKTOP
  N:0080H         SYMBOL        IDATALEN
  C:0038H         SYMBOL        IDATALOOP
  N:0000H         SYMBOL        PBPSTACK
  N:0100H         SYMBOL        PBPSTACKTOP
  N:0000H         SYMBOL        PDATALEN
  N:0000H         SYMBOL        PDATASTART
  N:0000H         SYMBOL        PPAGE
  N:0000H         SYMBOL        PPAGEENABLE
  D:00A0H         SYMBOL        PPAGE_SFR
  D:0081H         SYMBOL        SP
  C:0035H         SYMBOL        STARTUP1
  N:0000H         SYMBOL        XBPSTACK
  N:0000H         SYMBOL        XBPSTACKTOP
  N:0000H         SYMBOL        XDATALEN
  N:0000H         SYMBOL        XDATASTART
  C:0000H         LINE#         126
  C:0035H         LINE#         133
  C:0037H         LINE#         134
  C:0038H         LINE#         135
  C:0039H         LINE#         136
  C:003BH         LINE#         185
  C:003EH         LINE#         196
  -------         ENDMOD        ?C_STARTUP

  -------         MODULE        MAIN
  C:0000H         SYMBOL        _ICE_DUMMY_
  C:001AH         PUBLIC        Delay1000ms
  B:0098H.1       PUBLIC        TI
  C:0028H         PUBLIC        main
  D:0099H         PUBLIC        SBUF
  D:0087H         PUBLIC        PCON
  D:0098H         PUBLIC        SCON
  D:0089H         PUBLIC        TMOD
  C:0003H         PUBLIC        Uart1_Init
  B:00A8H.3       PUBLIC        ET1
  D:008DH         PUBLIC        TH1
  D:008BH         PUBLIC        TL1
  C:0041H         PUBLIC        _Uart1_SendByte
  B:0088H.6       PUBLIC        TR1
  -------         PROC          UART1_INIT
  C:0003H         LINE#         3
  C:0003H         LINE#         4
  C:0003H         LINE#         5
  C:0006H         LINE#         6
  C:0009H         LINE#         7
  C:000CH         LINE#         8
  C:000FH         LINE#         9
  C:0012H         LINE#         10
  C:0015H         LINE#         11
  C:0017H         LINE#         12
  C:0019H         LINE#         13
BL51 BANKED LINKER/LOCATER V6.22                                                      03/17/2026  18:29:19  PAGE 3


  -------         ENDPROC       UART1_INIT
  -------         PROC          DELAY1000MS
  -------         DO            
  D:0007H         SYMBOL        i
  D:0006H         SYMBOL        j
  D:0005H         SYMBOL        k
  -------         ENDDO         
  C:001AH         LINE#         14
  C:001AH         LINE#         15
  C:001AH         LINE#         18
  C:001BH         LINE#         19
  C:001DH         LINE#         20
  C:001FH         LINE#         21
  C:0021H         LINE#         23
  C:0021H         LINE#         25
  C:0021H         LINE#         26
  C:0023H         LINE#         27
  C:0025H         LINE#         28
  C:0027H         LINE#         29
  -------         ENDPROC       DELAY1000MS
  -------         PROC          _UART1_SENDBYTE
  D:0007H         SYMBOL        Byte
  C:0041H         LINE#         35
  C:0041H         LINE#         36
  C:0041H         LINE#         37
  C:0043H         LINE#         38
  C:0046H         LINE#         39
  C:0048H         LINE#         40
  -------         ENDPROC       _UART1_SENDBYTE
  -------         PROC          MAIN
  C:0028H         LINE#         42
  C:0028H         LINE#         43
  C:0028H         LINE#         44
  C:002BH         LINE#         45
  C:002BH         LINE#         46
  C:002BH         LINE#         47
  C:0030H         LINE#         48
  C:0033H         LINE#         49
  -------         ENDPROC       MAIN
  -------         ENDMOD        MAIN

Program Size: data=9.0 xdata=0 code=73
LINK/LOCATE RUN COMPLETE.  0 WARNING(S),  0 ERROR(S)
