C51 COMPILER V9.54   MAIN                                                                  04/08/2026 20:38:00 PAGE 1   


C51 COMPILER V9.54, COMPILATION OF MODULE MAIN
OBJECT MODULE PLACED IN .\Objects\main.obj
COMPILER INVOKED BY: D:\Keil_v5\C51\BIN\C51.EXE main.c OPTIMIZE(8,SPEED) BROWSE DEBUG OBJECTEXTEND PRINT(.\Listings\main
                    -.lst) TABS(2) OBJECT(.\Objects\main.obj)

line level    source

   1          #include <REGX52.H>
   2          #include <intrins.h>
   3          
   4          // 直接在这里定义引脚，不依赖 lcd.h 以防万一
   5          #define LCD1602_DATAPINS P0
   6          sbit LCD1602_E  = P2^7;
   7          sbit LCD1602_RW = P2^5;
   8          sbit LCD1602_RS = P2^6;
   9          
  10          typedef unsigned char u8;
  11          typedef unsigned int u16;
  12          
  13          // --- 真正的延时函数（针对 11.0592MHz 或 12MHz） ---
  14          void My_Delay1ms(u16 c) {
  15   1          u8 a, b;
  16   1          for (; c > 0; c--) {
  17   2              for (b = 199; b > 0; b--) {
  18   3                  for (a = 1; a > 0; a--);
  19   3              }
  20   2          }
  21   1      }
  22          
  23          // --- 全局变量 ---
  24          u8 IrValue[4];
  25          u8 IrOK = 0;
  26          char code hex_table[] = "0123456789ABCDEF";
  27          u8 Disp[] = " Pechin Science ";
  28          sbit IRIN = P3^2;
  29          
  30          // --- LCD底层驱动 ---
  31          void LcdWriteCom(u8 com) {
  32   1          LCD1602_E = 0;
  33   1          LCD1602_RS = 0; 
  34   1          LCD1602_RW = 0; 
  35   1          LCD1602_DATAPINS = com; 
  36   1          _nop_(); _nop_();
  37   1          LCD1602_E = 1; 
  38   1          My_Delay1ms(2); // 确保使能脉冲足够长
  39   1          LCD1602_E = 0;
  40   1      }
  41          
  42          void LcdWriteData(u8 dat) {
  43   1          LCD1602_E = 0;
  44   1          LCD1602_RS = 1; 
  45   1          LCD1602_RW = 0; 
  46   1          LCD1602_DATAPINS = dat; 
  47   1          _nop_(); _nop_();
  48   1          LCD1602_E = 1; 
  49   1          My_Delay1ms(2); 
  50   1          LCD1602_E = 0;
  51   1      }
  52          
  53          void My_LcdInit() {
  54   1          My_Delay1ms(20);    // 等待LCD彻底上电
C51 COMPILER V9.54   MAIN                                                                  04/08/2026 20:38:00 PAGE 2   

  55   1          LcdWriteCom(0x38);  // 设置模式
  56   1          My_Delay1ms(5);
  57   1          LcdWriteCom(0x38); 
  58   1          LcdWriteCom(0x0C);  // 开显示
  59   1          LcdWriteCom(0x06); 
  60   1          LcdWriteCom(0x01);  // 清屏
  61   1          My_Delay1ms(5);
  62   1      }
  63          
  64          // --- 红外相关 ---
  65          void delay_10us(u16 i) {
  66   1          while(i--);
  67   1      }
  68          
  69          void IrInit() {
  70   1          IT0 = 1; EX0 = 1; EA = 1; IRIN = 1;
  71   1      }
  72          
  73          void main() {
  74   1          u8 i;
  75   1          My_LcdInit(); // 使用我们自己写的初始化
  76   1          IrInit();     
  77   1          
  78   1          LcdWriteCom(0x80); 
  79   1          for(i=0; i<16; i++) {
  80   2              LcdWriteData(Disp[i]);
  81   2          }
  82   1          
  83   1          LcdWriteCom(0xC0); 
  84   1          LcdWriteData('W'); LcdWriteData('a'); LcdWriteData('i');
  85   1          LcdWriteData('t'); LcdWriteData('i'); LcdWriteData('n');
  86   1          LcdWriteData('g'); LcdWriteData('.'); LcdWriteData('.');
  87   1      
  88   1          while(1) {
  89   2              if(IrOK) {
  90   3                  IrOK = 0;
  91   3                  LcdWriteCom(0xC0); 
  92   3                  LcdWriteData('A'); LcdWriteData(':');
  93   3                  LcdWriteData(hex_table[IrValue[0] >> 4]);   
  94   3                  LcdWriteData(hex_table[IrValue[0] & 0x0F]); 
  95   3                  LcdWriteData(' '); 
  96   3                  LcdWriteData('C'); LcdWriteData(':');
  97   3                  LcdWriteData(hex_table[IrValue[2] >> 4]);   
  98   3                  LcdWriteData(hex_table[IrValue[2] & 0x0F]); 
  99   3                  LcdWriteData(' '); LcdWriteData('O'); LcdWriteData('K');
 100   3              }
 101   2          }
 102   1      }
 103          
 104          // --- 红外中断 ---
 105          void ReadIr() interrupt 0 {
 106   1          u8 j, k, time;
 107   1          u16 err;
 108   1          delay_10us(700); 
 109   1          if(IRIN == 0) {
 110   2              err = 1000;
 111   2              while((IRIN == 0) && (err > 0)) { delay_10us(1); err--; }
 112   2              if(IRIN == 1) {
 113   3                  err = 500;
 114   3                  while((IRIN == 1) && (err > 0)) { delay_10us(1); err--; }
 115   3                  for(k = 0; k < 4; k++) {
 116   4                      for(j = 0; j < 8; j++) {
C51 COMPILER V9.54   MAIN                                                                  04/08/2026 20:38:00 PAGE 3   

 117   5                          err = 60;
 118   5                          while((IRIN == 0) && (err > 0)) { delay_10us(1); err--; }
 119   5                          err = 500; time = 0;
 120   5                          while((IRIN == 1) && (err > 0)) {
 121   6                              delay_10us(10); time++; err--;
 122   6                              if(time > 30) return; 
 123   6                          }
 124   5                          IrValue[k] >>= 1;
 125   5                          if(time >= 8) IrValue[k] |= 0x80;
 126   5                      }
 127   4                  }
 128   3              }
 129   2              if(IrValue[2] != (u8)~IrValue[3]) return;
 130   2              IrOK = 1; 
 131   2          }
 132   1      }


MODULE INFORMATION:   STATIC OVERLAYABLE
   CODE SIZE        =    523    ----
   CONSTANT SIZE    =     17    ----
   XDATA SIZE       =   ----    ----
   PDATA SIZE       =   ----    ----
   DATA SIZE        =     22       2
   IDATA SIZE       =   ----    ----
   BIT SIZE         =   ----    ----
END OF MODULE INFORMATION.


C51 COMPILATION COMPLETE.  0 WARNING(S),  0 ERROR(S)
