C51 COMPILER V9.54   MAIN                                                                  08/01/2025 22:19:56 PAGE 1   


C51 COMPILER V9.54, COMPILATION OF MODULE MAIN
OBJECT MODULE PLACED IN .\Objects\main.obj
COMPILER INVOKED BY: C:\Keil_v5\C51\BIN\C51.EXE main.c OPTIMIZE(8,SPEED) BROWSE DEBUG OBJECTEXTEND PRINT(.\Listings\main
                    -.lst) TABS(2) OBJECT(.\Objects\main.obj)

line level    source

   1          #include <REGX52.H>
   2          
   3          void main()
   4          {
   5   1        while(1)
   6   1        {
   7   2          if(P3_1==0)
   8   2            {
   9   3              P2_0=0;
  10   3            }
  11   2            else
  12   2            {
  13   3              P2_0=1;
  14   3            }
  15   2            if(P3_0==0)
  16   2            {
  17   3              P2_1=0;
  18   3            }
  19   2            else
  20   2            {
  21   3              P2_1=1;
  22   3            }
  23   2            if(P3_2==0)
  24   2            {
  25   3              P2_2=0;
  26   3            }
  27   2            else
  28   2            {
  29   3              P2_2=1;
  30   3            }
  31   2            if(P3_3==0)
  32   2            {
  33   3              P2_3=0;
  34   3            }
  35   2            else
  36   2            {
  37   3              P2_3=1;
  38   3            }
  39   2        }
  40   1      }


MODULE INFORMATION:   STATIC OVERLAYABLE
   CODE SIZE        =     38    ----
   CONSTANT SIZE    =   ----    ----
   XDATA SIZE       =   ----    ----
   PDATA SIZE       =   ----    ----
   DATA SIZE        =   ----    ----
   IDATA SIZE       =   ----    ----
   BIT SIZE         =   ----    ----
END OF MODULE INFORMATION.


C51 COMPILATION COMPLETE.  0 WARNING(S),  0 ERROR(S)
