BL51 BANKED LINKER/LOCATER V6.22                                                        08/01/2025  22:19:56  PAGE 1


BL51 BANKED LINKER/LOCATER V6.22, INVOKED BY:
C:\KEIL_V5\C51\BIN\BL51.EXE .\Objects\main.obj TO .\Objects\main PRINT (.\Listings\main.m51) RAMSIZE (256)


MEMORY MODEL: SMALL


INPUT MODULES INCLUDED:
  .\Objects\main.obj (MAIN)
  C:\KEIL_V5\C51\LIB\C51S.LIB (?C_STARTUP)


LINK MAP OF MODULE:  .\Objects\main (MAIN)


            TYPE    BASE      LENGTH    RELOCATION   SEGMENT NAME
            -----------------------------------------------------

            * * * * * * *   D A T A   M E M O R Y   * * * * * * *
            REG     0000H     0008H     ABSOLUTE     "REG BANK 0"
            IDATA   0008H     0001H     UNIT         ?STACK

            * * * * * * *   C O D E   M E M O R Y   * * * * * * *
            CODE    0000H     0003H     ABSOLUTE     
            CODE    0003H     0026H     UNIT         ?PR?MAIN?MAIN
            CODE    0029H     000CH     UNIT         ?C_C51STARTUP



OVERLAY MAP OF MODULE:   .\Objects\main (MAIN)


SEGMENT
  +--> CALLED SEGMENT
---------------------
?C_C51STARTUP
  +--> ?PR?MAIN?MAIN



SYMBOL TABLE OF MODULE:  .\Objects\main (MAIN)

  VALUE           TYPE          NAME
  ----------------------------------

  -------         MODULE        MAIN
  C:0000H         SYMBOL        _ICE_DUMMY_
  B:00A0H.0       PUBLIC        P2_0
  B:00B0H.0       PUBLIC        P3_0
  B:00A0H.1       PUBLIC        P2_1
  B:00B0H.1       PUBLIC        P3_1
  B:00A0H.2       PUBLIC        P2_2
  B:00B0H.2       PUBLIC        P3_2
  B:00A0H.3       PUBLIC        P2_3
  B:00B0H.3       PUBLIC        P3_3
  C:0003H         PUBLIC        main
  -------         PROC          MAIN
  C:0003H         LINE#         3
BL51 BANKED LINKER/LOCATER V6.22                                                      08/01/2025  22:19:56  PAGE 2


  C:0003H         LINE#         4
  C:0003H         LINE#         5
  C:0003H         LINE#         6
  C:0003H         LINE#         7
  C:0006H         LINE#         8
  C:0006H         LINE#         9
  C:0008H         LINE#         10
  C:000AH         LINE#         12
  C:000AH         LINE#         13
  C:000CH         LINE#         14
  C:000CH         LINE#         15
  C:000FH         LINE#         16
  C:000FH         LINE#         17
  C:0011H         LINE#         18
  C:0013H         LINE#         20
  C:0013H         LINE#         21
  C:0015H         LINE#         22
  C:0015H         LINE#         23
  C:0018H         LINE#         24
  C:0018H         LINE#         25
  C:001AH         LINE#         26
  C:001CH         LINE#         28
  C:001CH         LINE#         29
  C:001EH         LINE#         30
  C:001EH         LINE#         31
  C:0021H         LINE#         32
  C:0021H         LINE#         33
  C:0023H         LINE#         34
  C:0025H         LINE#         36
  C:0025H         LINE#         37
  C:0027H         LINE#         38
  C:0027H         LINE#         39
  -------         ENDPROC       MAIN
  -------         ENDMOD        MAIN

Program Size: data=9.0 xdata=0 code=53
LINK/LOCATE RUN COMPLETE.  0 WARNING(S),  0 ERROR(S)
