C51 COMPILER V9.54   MAIN                                                                  04/07/2026 20:26:30 PAGE 1   


C51 COMPILER V9.54, COMPILATION OF MODULE MAIN
OBJECT MODULE PLACED IN .\Objects\main.obj
COMPILER INVOKED BY: D:\Keil_v5\C51\BIN\C51.EXE main.c OPTIMIZE(8,SPEED) BROWSE DEBUG OBJECTEXTEND PRINT(.\Listings\main
                    -.lst) TABS(2) OBJECT(.\Objects\main.obj)

line level    source

   1          #include <REGX52.H>
   2          #include <stdio.h>
   3          
   4          sbit LED_D2 = P2^1;
   5          unsigned char Breath_Speed = 20;
   6          unsigned char PWM_Count = 0;
   7          unsigned int  Time_Tick = 0;
   8          unsigned char Target_Value = 0;
   9          bit Direction = 0;
  10          
  11          sbit K3 = P3^2; // 对应开发板上的 K3
  12          sbit K4 = P3^3; // 对应开发板上的 K4
  13          
  14          // --- 必须添加这个延时函数 ---
  15          void Delay(unsigned int ms) {
  16   1          unsigned char i, j;
  17   1          while (ms--) {
  18   2              i = 2; j = 239;
  19   2              do { while (--j); } while (--i);
  20   2          }
  21   1      }
  22          
  23          // --- 串口初始化 ---
  24          void UART_Init() {
  25   1          SCON = 0x50;
  26   1          TMOD &= 0x0F; TMOD |= 0x20; // 定时器1模式2
  27   1          TH1 = 0xFD; TL1 = 0xFD;     // 9600波特率 @ 11.0592MHz
  28   1          TR1 = 1; 
  29   1          TI = 1;                     // printf 必点火
  30   1      }
  31          
  32          void UART_SendByte(unsigned char Byte) {
  33   1          SBUF = Byte;
  34   1          while(TI == 0);
  35   1          TI = 0;
  36   1      }
  37          
  38          char putchar(char c) {
  39   1          UART_SendByte(c);
  40   1          return c;
  41   1      }
  42          
  43          // --- 定时器0：控制 PWM 和呼吸节奏 ---
  44          void Timer0_Init() {
  45   1          TMOD &= 0xF0; TMOD |= 0x01; // 定时器0模式1
  46   1          TH0 = 0xFF; TL0 = 0x9C;     // 100us
  47   1          ET0 = 1; EA = 1; TR0 = 1;
  48   1      }
  49          
  50          void Timer0_Routine() interrupt 1 {
  51   1          TH0 = 0xFF; TL0 = 0x9C;
  52   1          PWM_Count++;
  53   1          if(PWM_Count < Target_Value) LED_D2 = 0; else LED_D2 = 1;
  54   1      
C51 COMPILER V9.54   MAIN                                                                  04/07/2026 20:26:30 PAGE 2   

  55   1          Time_Tick++;
  56   1          if(Time_Tick >= Breath_Speed) {
  57   2              Time_Tick = 0;
  58   2              if(Direction == 0) {
  59   3                  Target_Value++; if(Target_Value >= 250) Direction = 1;
  60   3              } else {
  61   3                  Target_Value--; if(Target_Value <= 5) Direction = 0;
  62   3              }
  63   2          }
  64   1      }
  65          
  66          void main() {
  67   1          UART_Init();
  68   1          Timer0_Init();
  69   1          
  70   1          printf("System Start...\r\n");
  71   1          
  72   1          while(1) {
  73   2              // K3 按下：加速 (Breath_Speed 减小)
  74   2              if(K3 == 0) {  
  75   3                  Delay(20); // 防抖
  76   3                  if(K3 == 0) {
  77   4                      if(Breath_Speed > 2) Breath_Speed -= 2;
  78   4                      printf("Speed Up! Current:%d\r\n", (int)Breath_Speed);
  79   4                      while(K3 == 0); // 死循环直到松手
  80   4                  }
  81   3              }
  82   2              
  83   2              // K4 按下：减速 (Breath_Speed 增大)
  84   2              if(K4 == 0) {  
  85   3                  Delay(20); 
  86   3                  if(K4 == 0) {
  87   4                      if(Breath_Speed < 250) Breath_Speed += 2;
  88   4                      printf("Speed Down! Current:%d\r\n", (int)Breath_Speed);
  89   4                      while(K4 == 0); 
  90   4                  }
  91   3              }
  92   2          }
  93   1      }


MODULE INFORMATION:   STATIC OVERLAYABLE
   CODE SIZE        =    254    ----
   CONSTANT SIZE    =     66    ----
   XDATA SIZE       =   ----    ----
   PDATA SIZE       =   ----    ----
   DATA SIZE        =      5    ----
   IDATA SIZE       =   ----    ----
   BIT SIZE         =      1    ----
END OF MODULE INFORMATION.


C51 COMPILATION COMPLETE.  0 WARNING(S),  0 ERROR(S)
