C51 COMPILER V9.54   MAIN                                                                  10/02/2025 20:40:40 PAGE 1   


C51 COMPILER V9.54, COMPILATION OF MODULE MAIN
OBJECT MODULE PLACED IN .\Objects\main.obj
COMPILER INVOKED BY: C:\Keil_v5\C51\BIN\C51.EXE main.c OPTIMIZE(8,SPEED) BROWSE DEBUG OBJECTEXTEND PRINT(.\Listings\main
                    -.lst) TABS(2) OBJECT(.\Objects\main.obj)

line level    source

   1          #include <REGX52.H>
   2          #include "Delay.h"
   3          #include "LCD1602.h"
   4          #include "MatrixKey.h"
   5          
   6          unsigned char KeyNum;
   7          unsigned int PassWord,Count;
   8          
   9          void main()
  10          {
  11   1        LCD_Init();
  12   1        LCD_ShowString(1,1,"Password:");
  13   1        while(1)
  14   1        {
  15   2          KeyNum=MatrixKey();
  16   2          if(KeyNum)
  17   2          {
  18   3            if(KeyNum<=10)
  19   3            {
  20   4              if(Count<4)
  21   4              {
  22   5              PassWord*=10;
  23   5              PassWord+=KeyNum%10;
  24   5              Count++;
  25   5              }
  26   4              
  27   4              LCD_ShowNum(2,1,PassWord,4);
  28   4            }
  29   3            if(KeyNum==11)
  30   3            {
  31   4              if(PassWord==1234)
  32   4              {
  33   5                LCD_ShowString(1,11,"UNLOCK");
  34   5                PassWord=0;
  35   5                Count=0;
  36   5                LCD_ShowNum(2,1,PassWord,4);
  37   5              }else{
  38   5                LCD_ShowString(1,11,"LOCK  ");
  39   5                PassWord=0;
  40   5                Count=0;
  41   5                LCD_ShowNum(2,1,PassWord,4);
  42   5              }
  43   4              if(KeyNum==12)
  44   4            {
  45   5              PassWord=0;
  46   5              Count=0;
  47   5              LCD_ShowNum(2,1,PassWord,4);
  48   5            }
  49   4            }
  50   3          }
  51   2        }
  52   1      }


C51 COMPILER V9.54   MAIN                                                                  10/02/2025 20:40:40 PAGE 2   

MODULE INFORMATION:   STATIC OVERLAYABLE
   CODE SIZE        =    188    ----
   CONSTANT SIZE    =     24    ----
   XDATA SIZE       =   ----    ----
   PDATA SIZE       =   ----    ----
   DATA SIZE        =      5    ----
   IDATA SIZE       =   ----    ----
   BIT SIZE         =   ----    ----
END OF MODULE INFORMATION.


C51 COMPILATION COMPLETE.  0 WARNING(S),  0 ERROR(S)
