BL51 BANKED LINKER/LOCATER V6.22                                                        10/02/2025  20:40:40  PAGE 1


BL51 BANKED LINKER/LOCATER V6.22, INVOKED BY:
C:\KEIL_V5\C51\BIN\BL51.EXE .\Objects\main.obj, .\Objects\Delay.obj, .\Objects\LCD1602.obj, .\Objects\MatrixKey.obj TO .
>> \Objects\main PRINT (.\Listings\main.m51) RAMSIZE (256) DISABLEWARNING (16)


MEMORY MODEL: SMALL


INPUT MODULES INCLUDED:
  .\Objects\main.obj (MAIN)
  .\Objects\Delay.obj (DELAY)
  .\Objects\LCD1602.obj (LCD1602)
  .\Objects\MatrixKey.obj (MATRIXKEY)
  C:\KEIL_V5\C51\LIB\C51S.LIB (?C_STARTUP)
  C:\KEIL_V5\C51\LIB\C51S.LIB (?C?CLDOPTR)
  C:\KEIL_V5\C51\LIB\C51S.LIB (?C?IMUL)
  C:\KEIL_V5\C51\LIB\C51S.LIB (?C?UIDIV)


LINK MAP OF MODULE:  .\Objects\main (MAIN)


            TYPE    BASE      LENGTH    RELOCATION   SEGMENT NAME
            -----------------------------------------------------

            * * * * * * *   D A T A   M E M O R Y   * * * * * * *
            REG     0000H     0008H     ABSOLUTE     "REG BANK 0"
            DATA    0008H     0009H     UNIT         _DATA_GROUP_
            DATA    0011H     0007H     UNIT         ?DT?_LCD_SHOWSIGNEDNUM?LCD1602
            DATA    0018H     0005H     UNIT         ?DT?MAIN
            DATA    001DH     0005H     UNIT         ?DT?_LCD_SHOWHEXNUM?LCD1602
            DATA    0022H     0005H     UNIT         ?DT?_LCD_SHOWBINNUM?LCD1602
            IDATA   0027H     0001H     UNIT         ?STACK

            * * * * * * *   C O D E   M E M O R Y   * * * * * * *
            CODE    0000H     0003H     ABSOLUTE     
            CODE    0003H     0119H     UNIT         ?PR?MATRIXKEY?MATRIXKEY
            CODE    011CH     00BCH     UNIT         ?PR?MAIN?MAIN
            CODE    01D8H     0094H     UNIT         ?C?LIB_CODE
            CODE    026CH     003AH     UNIT         ?PR?_LCD_SHOWSIGNEDNUM?LCD1602
            CODE    02A6H     0039H     UNIT         ?PR?_LCD_SHOWHEXNUM?LCD1602
            CODE    02DFH     0038H     UNIT         ?PR?_LCD_SHOWBINNUM?LCD1602
            CODE    0317H     0033H     UNIT         ?PR?_LCD_POW?LCD1602
            CODE    034AH     0023H     UNIT         ?PR?_LCD_SHOWSTRING?LCD1602
            CODE    036DH     001EH     UNIT         ?PR?_LCD_WRITEDATA?LCD1602
            CODE    038BH     001DH     UNIT         ?PR?_LCD_SHOWNUM?LCD1602
            CODE    03A8H     0018H     UNIT         ?CO?MAIN
            CODE    03C0H     0016H     UNIT         ?PR?_LCD_SETCURSOR?LCD1602
            CODE    03D6H     0015H     UNIT         ?PR?_DELAY?DELAY
            CODE    03EBH     0014H     UNIT         ?PR?LCD_INIT?LCD1602
            CODE    03FFH     000FH     UNIT         ?PR?LCD_DELAY?LCD1602
            CODE    040EH     000CH     UNIT         ?C_C51STARTUP
            CODE    041AH     000AH     UNIT         ?PR?_LCD_WRITECOMMAND?LCD1602
            CODE    0424H     000AH     UNIT         ?PR?_LCD_SHOWCHAR?LCD1602



OVERLAY MAP OF MODULE:   .\Objects\main (MAIN)
BL51 BANKED LINKER/LOCATER V6.22                                                      10/02/2025  20:40:40  PAGE 2




SEGMENT                                  DATA_GROUP 
  +--> CALLED SEGMENT                  START    LENGTH
------------------------------------------------------
?C_C51STARTUP                          -----    -----
  +--> ?PR?MAIN?MAIN

?PR?MAIN?MAIN                          -----    -----
  +--> ?PR?LCD_INIT?LCD1602
  +--> ?CO?MAIN
  +--> ?PR?_LCD_SHOWSTRING?LCD1602
  +--> ?PR?MATRIXKEY?MATRIXKEY
  +--> ?PR?_LCD_SHOWNUM?LCD1602

?PR?LCD_INIT?LCD1602                   -----    -----
  +--> ?PR?_LCD_WRITECOMMAND?LCD1602

?PR?_LCD_WRITECOMMAND?LCD1602          -----    -----
  +--> ?PR?LCD_DELAY?LCD1602

?PR?_LCD_SHOWSTRING?LCD1602            0008H    0003H
  +--> ?PR?_LCD_SETCURSOR?LCD1602
  +--> ?PR?_LCD_WRITEDATA?LCD1602

?PR?_LCD_SETCURSOR?LCD1602             -----    -----
  +--> ?PR?_LCD_WRITECOMMAND?LCD1602

?PR?_LCD_WRITEDATA?LCD1602             -----    -----
  +--> ?PR?LCD_DELAY?LCD1602

?PR?MATRIXKEY?MATRIXKEY                0008H    0001H
  +--> ?PR?_DELAY?DELAY

?PR?_LCD_SHOWNUM?LCD1602               0008H    0005H
  +--> ?PR?_LCD_SETCURSOR?LCD1602
  +--> ?PR?_LCD_POW?LCD1602
  +--> ?PR?_LCD_WRITEDATA?LCD1602

?PR?_LCD_POW?LCD1602                   000DH    0004H



SYMBOL TABLE OF MODULE:  .\Objects\main (MAIN)

  VALUE           TYPE          NAME
  ----------------------------------

  -------         MODULE        MAIN
  C:0000H         SYMBOL        _ICE_DUMMY_
  D:0018H         PUBLIC        Count
  C:011CH         PUBLIC        main
  D:001AH         PUBLIC        PassWord
  D:001CH         PUBLIC        KeyNum
  -------         PROC          MAIN
  C:011CH         LINE#         9
  C:011CH         LINE#         10
BL51 BANKED LINKER/LOCATER V6.22                                                      10/02/2025  20:40:40  PAGE 3


  C:011CH         LINE#         11
  C:011FH         LINE#         12
  C:012CH         LINE#         13
  C:012CH         LINE#         14
  C:012CH         LINE#         15
  C:0131H         LINE#         16
  C:0135H         LINE#         17
  C:0135H         LINE#         18
  C:013AH         LINE#         19
  C:013AH         LINE#         20
  C:0145H         LINE#         21
  C:0145H         LINE#         22
  C:0154H         LINE#         23
  C:0165H         LINE#         24
  C:016DH         LINE#         25
  C:016DH         LINE#         27
  C:017BH         LINE#         28
  C:017BH         LINE#         29
  C:0180H         LINE#         30
  C:0180H         LINE#         31
  C:018AH         LINE#         32
  C:018AH         LINE#         33
  C:0190H         LINE#         34
  C:0190H         LINE#         35
  C:0190H         LINE#         36
  C:0190H         LINE#         37
  C:0192H         LINE#         38
  C:019FH         LINE#         39
  C:01A4H         LINE#         40
  C:01A8H         LINE#         41
  C:01B6H         LINE#         42
  C:01B6H         LINE#         43
  C:01BFH         LINE#         44
  C:01BFH         LINE#         45
  C:01C3H         LINE#         46
  C:01C7H         LINE#         47
  C:01D5H         LINE#         48
  C:01D5H         LINE#         49
  C:01D5H         LINE#         50
  C:01D5H         LINE#         51
  -------         ENDPROC       MAIN
  -------         ENDMOD        MAIN

  -------         MODULE        DELAY
  C:0000H         SYMBOL        _ICE_DUMMY_
  C:03D6H         PUBLIC        _Delay
  -------         PROC          _DELAY
  D:0006H         SYMBOL        xms
  -------         DO            
  D:0005H         SYMBOL        i
  D:0004H         SYMBOL        j
  -------         ENDDO         
  C:03D6H         LINE#         2
  C:03D6H         LINE#         3
  C:03D6H         LINE#         5
  C:03E0H         LINE#         6
  C:03E0H         LINE#         7
BL51 BANKED LINKER/LOCATER V6.22                                                      10/02/2025  20:40:40  PAGE 4


  C:03E2H         LINE#         8
  C:03E4H         LINE#         10
  C:03E4H         LINE#         11
  C:03E6H         LINE#         12
  C:03E8H         LINE#         13
  C:03EAH         LINE#         14
  -------         ENDPROC       _DELAY
  -------         ENDMOD        DELAY

  -------         MODULE        LCD1602
  C:0000H         SYMBOL        _ICE_DUMMY_
  D:0080H         PUBLIC        P0
  D:00A0H         PUBLIC        P2
  C:041AH         PUBLIC        _LCD_WriteCommand
  C:038BH         PUBLIC        _LCD_ShowNum
  C:02DFH         PUBLIC        _LCD_ShowBinNum
  C:0405H         PUBLIC        LCD_Delay
  C:02A6H         PUBLIC        _LCD_ShowHexNum
  C:0381H         PUBLIC        _LCD_WriteData
  B:00A0H.7       PUBLIC        LCD_EN
  C:03EBH         PUBLIC        LCD_Init
  C:034AH         PUBLIC        _LCD_ShowString
  C:0424H         PUBLIC        _LCD_ShowChar
  B:00A0H.6       PUBLIC        LCD_RS
  B:00A0H.5       PUBLIC        LCD_RW
  C:03C0H         PUBLIC        _LCD_SetCursor
  C:026CH         PUBLIC        _LCD_ShowSignedNum
  C:0323H         PUBLIC        _LCD_Pow
  -------         PROC          L?0048
  -------         ENDPROC       L?0048
  -------         PROC          LCD_DELAY
  -------         DO            
  D:0007H         SYMBOL        i
  D:0006H         SYMBOL        j
  -------         ENDDO         
  C:0405H         LINE#         15
  C:0405H         LINE#         16
  C:0405H         LINE#         19
  C:0407H         LINE#         20
  C:0409H         LINE#         22
  C:0409H         LINE#         23
  C:040BH         LINE#         24
  C:040DH         LINE#         25
  -------         ENDPROC       LCD_DELAY
  -------         PROC          _LCD_WRITECOMMAND
  D:0007H         SYMBOL        Command
  C:041AH         LINE#         32
  C:041AH         LINE#         33
  C:041AH         LINE#         34
  C:041CH         LINE#         35
  C:041CH         LINE#         36
  C:041CH         LINE#         37
  C:041CH         LINE#         38
  C:041FH         LINE#         39
  C:0421H         LINE#         40
  -------         ENDPROC       _LCD_WRITECOMMAND
  -------         PROC          L?0047
BL51 BANKED LINKER/LOCATER V6.22                                                      10/02/2025  20:40:40  PAGE 5


  -------         ENDPROC       L?0047
  -------         PROC          _LCD_WRITEDATA
  D:0007H         SYMBOL        Data
  C:0381H         LINE#         48
  C:0381H         LINE#         49
  C:0381H         LINE#         50
  C:0383H         LINE#         51
  C:0383H         LINE#         52
  C:0383H         LINE#         53
  C:0383H         LINE#         54
  C:0386H         LINE#         55
  C:0388H         LINE#         56
  -------         ENDPROC       _LCD_WRITEDATA
  -------         PROC          _LCD_SETCURSOR
  D:0006H         SYMBOL        Line
  D:0005H         SYMBOL        Column
  C:03C0H         LINE#         65
  C:03C2H         LINE#         66
  C:03C2H         LINE#         67
  C:03C5H         LINE#         68
  C:03C5H         LINE#         69
  C:03C7H         LINE#         70
  C:03C9H         LINE#         71
  C:03CCH         LINE#         72
  C:03CCH         LINE#         73
  C:03D5H         LINE#         74
  C:03D5H         LINE#         75
  -------         ENDPROC       _LCD_SETCURSOR
  -------         PROC          LCD_INIT
  C:03EBH         LINE#         82
  C:03EBH         LINE#         83
  C:03EBH         LINE#         84
  C:03F0H         LINE#         85
  C:03F5H         LINE#         86
  C:03FAH         LINE#         87
  -------         ENDPROC       LCD_INIT
  -------         PROC          _LCD_SHOWCHAR
  D:0006H         SYMBOL        Line
  D:0005H         SYMBOL        Column
  D:0004H         SYMBOL        Char
  C:0424H         LINE#         97
  C:0426H         LINE#         98
  C:0426H         LINE#         99
  C:0429H         LINE#         100
  -------         ENDPROC       _LCD_SHOWCHAR
  -------         PROC          _LCD_SHOWSTRING
  D:0007H         SYMBOL        Line
  D:0005H         SYMBOL        Column
  D:0008H         SYMBOL        String
  -------         DO            
  D:0005H         SYMBOL        i
  -------         ENDDO         
  C:034AH         LINE#         110
  C:0350H         LINE#         111
  C:0350H         LINE#         113
  C:0353H         LINE#         114
  C:0366H         LINE#         115
BL51 BANKED LINKER/LOCATER V6.22                                                      10/02/2025  20:40:40  PAGE 6


  C:0366H         LINE#         116
  C:0369H         LINE#         117
  C:036CH         LINE#         118
  -------         ENDPROC       _LCD_SHOWSTRING
  C:0319H         SYMBOL        L?0046
  -------         PROC          L?0045
  -------         ENDPROC       L?0045
  C:0319H         SYMBOL        L?0046
  -------         PROC          _LCD_POW
  D:000DH         SYMBOL        X
  D:000FH         SYMBOL        Y
  -------         DO            
  D:0003H         SYMBOL        i
  D:0006H         SYMBOL        Result
  -------         ENDDO         
  C:0323H         LINE#         123
  C:032BH         LINE#         124
  C:032BH         LINE#         126
  C:032FH         LINE#         127
  C:033FH         LINE#         128
  C:033FH         LINE#         129
  C:0346H         LINE#         130
  C:0349H         LINE#         131
  C:0349H         LINE#         132
  -------         ENDPROC       _LCD_POW
  -------         PROC          _LCD_SHOWNUM
  D:0007H         SYMBOL        Line
  D:0005H         SYMBOL        Column
  D:000AH         SYMBOL        Number
  D:000CH         SYMBOL        Length
  -------         DO            
  D:0002H         SYMBOL        i
  -------         ENDDO         
  C:038BH         LINE#         142
  C:038FH         LINE#         143
  C:038FH         LINE#         145
  C:0392H         LINE#         146
  C:039AH         LINE#         147
  C:039AH         LINE#         148
  C:03A4H         LINE#         149
  C:03A7H         LINE#         150
  -------         ENDPROC       _LCD_SHOWNUM
  -------         PROC          _LCD_SHOWSIGNEDNUM
  D:0007H         SYMBOL        Line
  D:0005H         SYMBOL        Column
  D:0002H         SYMBOL        Number
  D:0015H         SYMBOL        Length
  -------         DO            
  D:0002H         SYMBOL        i
  D:0016H         SYMBOL        Number1
  -------         ENDDO         
  C:026CH         LINE#         160
  C:026CH         LINE#         161
  C:026CH         LINE#         164
  C:026FH         LINE#         165
  C:0277H         LINE#         166
  C:0277H         LINE#         167
BL51 BANKED LINKER/LOCATER V6.22                                                      10/02/2025  20:40:40  PAGE 7


  C:027CH         LINE#         168
  C:0280H         LINE#         169
  C:0282H         LINE#         171
  C:0282H         LINE#         172
  C:0287H         LINE#         173
  C:0290H         LINE#         174
  C:0290H         LINE#         175
  C:0298H         LINE#         176
  C:0298H         LINE#         177
  C:02A2H         LINE#         178
  C:02A5H         LINE#         179
  -------         ENDPROC       _LCD_SHOWSIGNEDNUM
  -------         PROC          _LCD_SHOWHEXNUM
  D:0007H         SYMBOL        Line
  D:0005H         SYMBOL        Column
  D:001FH         SYMBOL        Number
  D:0021H         SYMBOL        Length
  -------         DO            
  D:0002H         SYMBOL        i
  D:0006H         SYMBOL        SingleNumber
  -------         ENDDO         
  C:02A6H         LINE#         189
  C:02AAH         LINE#         190
  C:02AAH         LINE#         192
  C:02ADH         LINE#         193
  C:02B5H         LINE#         194
  C:02B5H         LINE#         195
  C:02CBH         LINE#         196
  C:02D1H         LINE#         197
  C:02D1H         LINE#         198
  C:02D3H         LINE#         199
  C:02D5H         LINE#         201
  C:02D5H         LINE#         202
  C:02DBH         LINE#         203
  C:02DBH         LINE#         204
  C:02DEH         LINE#         205
  -------         ENDPROC       _LCD_SHOWHEXNUM
  -------         PROC          _LCD_SHOWBINNUM
  D:0007H         SYMBOL        Line
  D:0005H         SYMBOL        Column
  D:0024H         SYMBOL        Number
  D:0026H         SYMBOL        Length
  -------         DO            
  D:0002H         SYMBOL        i
  -------         ENDDO         
  C:02DFH         LINE#         215
  C:02E3H         LINE#         216
  C:02E3H         LINE#         218
  C:02E6H         LINE#         219
  C:02EEH         LINE#         220
  C:02EEH         LINE#         221
  C:0313H         LINE#         222
  C:0316H         LINE#         223
  -------         ENDPROC       _LCD_SHOWBINNUM
  -------         ENDMOD        LCD1602

  -------         MODULE        MATRIXKEY
BL51 BANKED LINKER/LOCATER V6.22                                                      10/02/2025  20:40:40  PAGE 8


  C:0000H         SYMBOL        _ICE_DUMMY_
  D:0090H         PUBLIC        P1
  B:0090H.0       PUBLIC        P1_0
  B:0090H.1       PUBLIC        P1_1
  B:0090H.2       PUBLIC        P1_2
  B:0090H.3       PUBLIC        P1_3
  B:0090H.4       PUBLIC        P1_4
  B:0090H.5       PUBLIC        P1_5
  B:0090H.6       PUBLIC        P1_6
  B:0090H.7       PUBLIC        P1_7
  C:0003H         PUBLIC        MatrixKey
  -------         PROC          MATRIXKEY
  -------         DO            
  D:0008H         SYMBOL        KeyNumber
  -------         ENDDO         
  C:0003H         LINE#         3
  C:0003H         LINE#         4
  C:0003H         LINE#         5
  C:0006H         LINE#         7
  C:0009H         LINE#         8
  C:000BH         LINE#         9
  C:001AH         LINE#         10
  C:002AH         LINE#         11
  C:003AH         LINE#         12
  C:004AH         LINE#         14
  C:004DH         LINE#         15
  C:004FH         LINE#         16
  C:005FH         LINE#         17
  C:006FH         LINE#         18
  C:007FH         LINE#         19
  C:008FH         LINE#         21
  C:0092H         LINE#         22
  C:0094H         LINE#         23
  C:00A4H         LINE#         24
  C:00B4H         LINE#         25
  C:00C4H         LINE#         26
  C:00D4H         LINE#         28
  C:00D7H         LINE#         29
  C:00D9H         LINE#         30
  C:00E9H         LINE#         31
  C:00F9H         LINE#         32
  C:0109H         LINE#         33
  C:0119H         LINE#         35
  C:011BH         LINE#         36
  -------         ENDPROC       MATRIXKEY
  -------         ENDMOD        MATRIXKEY

  -------         MODULE        ?C?CLDOPTR
  C:01D8H         PUBLIC        ?C?CLDOPTR
  -------         ENDMOD        ?C?CLDOPTR

  -------         MODULE        ?C?IMUL
  C:0205H         PUBLIC        ?C?IMUL
  -------         ENDMOD        ?C?IMUL

  -------         MODULE        ?C?UIDIV
  C:0217H         PUBLIC        ?C?UIDIV
BL51 BANKED LINKER/LOCATER V6.22                                                      10/02/2025  20:40:40  PAGE 9


  -------         ENDMOD        ?C?UIDIV

Program Size: data=40.0 xdata=0 code=1070
LINK/LOCATE RUN COMPLETE.  0 WARNING(S),  0 ERROR(S)
