BL51 BANKED LINKER/LOCATER V6.22                                                        03/19/2026  11:25:33  PAGE 1


BL51 BANKED LINKER/LOCATER V6.22, INVOKED BY:
C:\KEIL_V5\C51\BIN\BL51.EXE .\Objects\STARTUP.obj, .\Objects\main.obj TO .\Objects\main PRINT (.\Listings\main.m51) RAMS
>> IZE (256)


MEMORY MODEL: SMALL


INPUT MODULES INCLUDED:
  .\Objects\STARTUP.obj (?C_STARTUP)
  .\Objects\main.obj (MAIN)


LINK MAP OF MODULE:  .\Objects\main (?C_STARTUP)


            TYPE    BASE      LENGTH    RELOCATION   SEGMENT NAME
            -----------------------------------------------------

            * * * * * * *   D A T A   M E M O R Y   * * * * * * *
            REG     0000H     0008H     ABSOLUTE     "REG BANK 0"
            DATA    0008H     0001H     UNIT         _DATA_GROUP_
            IDATA   0009H     0001H     UNIT         ?STACK

            * * * * * * *   C O D E   M E M O R Y   * * * * * * *
            CODE    0000H     0003H     ABSOLUTE     
            CODE    0003H     001DH     UNIT         ?PR?MAIN?MAIN
            CODE    0020H     0013H     UNIT         ?PR?UART_INIT?MAIN
            CODE    0033H     000CH     UNIT         ?C_C51STARTUP
            CODE    003FH     0008H     UNIT         ?PR?_VIEW?MAIN



OVERLAY MAP OF MODULE:   .\Objects\main (?C_STARTUP)


SEGMENT                          DATA_GROUP 
  +--> CALLED SEGMENT          START    LENGTH
----------------------------------------------
?C_C51STARTUP                  -----    -----
  +--> ?PR?MAIN?MAIN

?PR?MAIN?MAIN                  0008H    0001H
  +--> ?PR?UART_INIT?MAIN
  +--> ?PR?_VIEW?MAIN



SYMBOL TABLE OF MODULE:  .\Objects\main (?C_STARTUP)

  VALUE           TYPE          NAME
  ----------------------------------

  -------         MODULE        ?C_STARTUP
  C:0033H         SEGMENT       ?C_C51STARTUP
  I:0009H         SEGMENT       ?STACK
  C:0000H         PUBLIC        ?C_STARTUP
  D:00E0H         SYMBOL        ACC
BL51 BANKED LINKER/LOCATER V6.22                                                      03/19/2026  11:25:33  PAGE 2


  D:00F0H         SYMBOL        B
  D:0083H         SYMBOL        DPH
  D:0082H         SYMBOL        DPL
  N:0000H         SYMBOL        IBPSTACK
  N:0100H         SYMBOL        IBPSTACKTOP
  N:0080H         SYMBOL        IDATALEN
  C:0036H         SYMBOL        IDATALOOP
  N:0000H         SYMBOL        PBPSTACK
  N:0100H         SYMBOL        PBPSTACKTOP
  N:0000H         SYMBOL        PDATALEN
  N:0000H         SYMBOL        PDATASTART
  N:0000H         SYMBOL        PPAGE
  N:0000H         SYMBOL        PPAGEENABLE
  D:00A0H         SYMBOL        PPAGE_SFR
  D:0081H         SYMBOL        SP
  C:0033H         SYMBOL        STARTUP1
  N:0000H         SYMBOL        XBPSTACK
  N:0000H         SYMBOL        XBPSTACKTOP
  N:0000H         SYMBOL        XDATALEN
  N:0000H         SYMBOL        XDATASTART
  C:0000H         LINE#         126
  C:0033H         LINE#         133
  C:0035H         LINE#         134
  C:0036H         LINE#         135
  C:0037H         LINE#         136
  C:0039H         LINE#         185
  C:003CH         LINE#         196
  -------         ENDMOD        ?C_STARTUP

  -------         MODULE        MAIN
  C:0000H         SYMBOL        _ICE_DUMMY_
  B:0098H.0       PUBLIC        RI
  C:003FH         PUBLIC        _View
  B:0098H.1       PUBLIC        TI
  C:0003H         PUBLIC        main
  D:0099H         PUBLIC        SBUF
  C:0020H         PUBLIC        UART_Init
  D:0098H         PUBLIC        SCON
  D:0089H         PUBLIC        TMOD
  D:008DH         PUBLIC        TH1
  D:008BH         PUBLIC        TL1
  B:0088H.6       PUBLIC        TR1
  -------         PROC          UART_INIT
  C:0020H         LINE#         7
  C:0020H         LINE#         8
  C:0020H         LINE#         9
  C:0023H         LINE#         10
  C:0026H         LINE#         11
  C:0029H         LINE#         12
  C:002BH         LINE#         13
  C:002EH         LINE#         14
  C:0030H         LINE#         15
  C:0032H         LINE#         16
  -------         ENDPROC       UART_INIT
  -------         PROC          _VIEW
  D:0007H         SYMBOL        num
  C:003FH         LINE#         19
BL51 BANKED LINKER/LOCATER V6.22                                                      03/19/2026  11:25:33  PAGE 3


  C:003FH         LINE#         20
  C:003FH         LINE#         21
  C:0042H         LINE#         22
  C:0044H         LINE#         23
  C:0046H         LINE#         24
  -------         ENDPROC       _VIEW
  -------         PROC          MAIN
  -------         DO            
  D:0008H         SYMBOL        a
  D:0005H         SYMBOL        b
  D:0004H         SYMBOL        c
  D:0006H         SYMBOL        d
  -------         ENDDO         
  C:0003H         LINE#         26
  C:0003H         LINE#         27
  C:0003H         LINE#         31
  C:0005H         LINE#         33
  C:0008H         LINE#         35
  C:000AH         LINE#         36
  C:000CH         LINE#         38
  C:0011H         LINE#         39
  C:0016H         LINE#         40
  C:0019H         LINE#         41
  C:001EH         LINE#         43
  C:001EH         LINE#         44
  C:001EH         LINE#         45
  -------         ENDPROC       MAIN
  -------         ENDMOD        MAIN

Program Size: data=10.0 xdata=0 code=71
LINK/LOCATE RUN COMPLETE.  0 WARNING(S),  0 ERROR(S)
