C51 COMPILER V9.54   MAIN                                                                  04/04/2026 17:35:19 PAGE 1   


C51 COMPILER V9.54, COMPILATION OF MODULE MAIN
OBJECT MODULE PLACED IN .\Objects\main.obj
COMPILER INVOKED BY: D:\Keil_v5\C51\BIN\C51.EXE main.c OPTIMIZE(8,SPEED) BROWSE DEBUG OBJECTEXTEND PRINT(.\Listings\main
                    -.lst) TABS(2) OBJECT(.\Objects\main.obj)

line level    source

   1          #include <REGX52.H>
   2          #include <INTRINS.H>
   3          
   4          sbit SCL = P2^1;
   5          sbit SDA = P2^0; 
   6          sbit K1 = P3^1;      
   7          sbit K2 = P3^0;      
   8          
   9          unsigned char Target_Value; 
  10          unsigned char PWM_Count = 0;
  11          unsigned char Device_Addr = 0xA0; // 默认地址
  12          
  13          void I2C_Delay() { _nop_(); _nop_(); _nop_(); _nop_(); _nop_(); }
  14          
  15          void Delay(unsigned int ms) {
  16   1          unsigned char i, j;
  17   1          while (ms--) {
  18   2              i = 2; j = 239;
  19   2              do { while (--j); } while (--i);
  20   2          }
  21   1      }
  22          
  23          // --- 标准 I2C 驱动 ---
  24          void I2C_Start() { SDA=1; SCL=1; I2C_Delay(); SDA=0; I2C_Delay(); SCL=0; }
  25          void I2C_Stop()  { SDA=0; I2C_Delay(); SCL=1; I2C_Delay(); SDA=1; }
  26          
  27          // 修改：增加应答检测返回值
  28          bit I2C_Send(unsigned char Byte) {
  29   1          unsigned char i;
  30   1          bit ack;
  31   1          for(i=0; i<8; i++) {
  32   2              SDA = (Byte & (0x80 >> i));
  33   2              I2C_Delay(); SCL=1; I2C_Delay(); SCL=0;
  34   2          }
  35   1          SDA = 1; I2C_Delay(); SCL=1; 
  36   1          ack = SDA; // 读取芯片的应答信号（0为有应答）
  37   1          I2C_Delay(); SCL=0;
  38   1          return ack;
  39   1      }
  40          
  41          unsigned char I2C_Read() {
  42   1          unsigned char i, Byte = 0;
  43   1          SDA = 1; I2C_Delay();
  44   1          for(i=0; i<8; i++) {
  45   2              SCL = 1; I2C_Delay();
  46   2              if(SDA) Byte |= (0x80 >> i);
  47   2              SCL = 0; I2C_Delay();
  48   2          }
  49   1          SDA = 1; I2C_Delay(); SCL=1; I2C_Delay(); SCL=0;
  50   1          return Byte;
  51   1      }
  52          
  53          // --- 自动寻找芯片地址 ---
  54          void Find_Device() {
C51 COMPILER V9.54   MAIN                                                                  04/04/2026 17:35:19 PAGE 2   

  55   1          unsigned char addr;
  56   1          for(addr = 0xA0; addr < 0xAF; addr += 2) {
  57   2              I2C_Start();
  58   2              if(I2C_Send(addr) == 0) { // 发现应答
  59   3                  Device_Addr = addr;
  60   3                  I2C_Stop();
  61   3                  return; 
  62   3              }
  63   2              I2C_Stop();
  64   2              Delay(1);
  65   2          }
  66   1      }
  67          
  68          void Save_To_EEPROM(unsigned char val) {
  69   1          TR0 = 0;
  70   1          I2C_Start();
  71   1          I2C_Send(Device_Addr); 
  72   1          I2C_Send(0x00); 
  73   1          I2C_Send(val);
  74   1          I2C_Stop();
  75   1          Delay(20);
  76   1          TR0 = 1;
  77   1      }
  78          
  79          unsigned char Load_From_EEPROM() {
  80   1          unsigned char val;
  81   1          I2C_Start();
  82   1          I2C_Send(Device_Addr); 
  83   1          I2C_Send(0x00); 
  84   1          I2C_Start();
  85   1          I2C_Send(Device_Addr | 0x01); 
  86   1          val = I2C_Read();
  87   1          I2C_Stop();
  88   1          return val;
  89   1      }
  90          
  91          void Timer0_Init() {
  92   1          TMOD &= 0xF0; TMOD |= 0x01;
  93   1          TH0 = 0xFF; TL0 = 0x9C;
  94   1          ET0 = 1; EA = 1; TR0 = 1;
  95   1      }
  96          
  97          void Timer0_Routine() interrupt 1 {
  98   1          TH0 = 0xFF; TL0 = 0x9C;
  99   1          PWM_Count++;
 100   1          if(PWM_Count < Target_Value) SDA = 0; else SDA = 1;
 101   1      }
 102          
 103          void main() {
 104   1          Find_Device(); // 先找人
 105   1          Target_Value = Load_From_EEPROM();
 106   1          
 107   1          if(Target_Value == 0xFF || Target_Value == 0) {
 108   2              // 闪 3 下：还是没找到人或读到空白
 109   2              unsigned char i;
 110   2              for(i=0; i<6; i++) { SDA = 0; Delay(200); SDA = 1; Delay(200); }
 111   2              Target_Value = 80;
 112   2              Save_To_EEPROM(Target_Value); 
 113   2          } else {
 114   2              // 闪 1 下：找到记忆了！
 115   2              SDA = 0; Delay(500); SDA = 1; Delay(200);
 116   2          }
C51 COMPILER V9.54   MAIN                                                                  04/04/2026 17:35:19 PAGE 3   

 117   1          Timer0_Init();
 118   1          while(1) {
 119   2              if(K1 == 0) { Delay(20); if(K1 == 0) { 
 120   4                  if(Target_Value <= 200) Target_Value += 50; 
 121   4                  Save_To_EEPROM(Target_Value); while(K1 == 0); 
 122   4              }}
 123   2              if(K2 == 0) { Delay(20); if(K2 == 0) { 
 124   4                  if(Target_Value >= 60) Target_Value -= 50; 
 125   4                  Save_To_EEPROM(Target_Value); while(K2 == 0); 
 126   4              }}
 127   2          }
 128   1      }


MODULE INFORMATION:   STATIC OVERLAYABLE
   CODE SIZE        =    453    ----
   CONSTANT SIZE    =   ----    ----
   XDATA SIZE       =   ----    ----
   PDATA SIZE       =   ----    ----
   DATA SIZE        =      3       1
   IDATA SIZE       =   ----    ----
   BIT SIZE         =   ----       1
END OF MODULE INFORMATION.


C51 COMPILATION COMPLETE.  0 WARNING(S),  0 ERROR(S)
