BL51 BANKED LINKER/LOCATER V6.22                                                        04/04/2026  17:35:25  PAGE 1


BL51 BANKED LINKER/LOCATER V6.22, INVOKED BY:
D:\KEIL_V5\C51\BIN\BL51.EXE .\Objects\STARTUP.obj, .\Objects\main.obj TO .\Objects\main PRINT (.\Listings\main.m51) RAMS
>> IZE (256)


MEMORY MODEL: SMALL


INPUT MODULES INCLUDED:
  .\Objects\STARTUP.obj (?C_STARTUP)
  .\Objects\main.obj (MAIN)
  D:\KEIL_V5\C51\LIB\C51S.LIB (?C_INIT)


LINK MAP OF MODULE:  .\Objects\main (?C_STARTUP)


            TYPE    BASE      LENGTH    RELOCATION   SEGMENT NAME
            -----------------------------------------------------

            * * * * * * *   D A T A   M E M O R Y   * * * * * * *
            REG     0000H     0008H     ABSOLUTE     "REG BANK 0"
            DATA    0008H     0003H     UNIT         ?DT?MAIN
            DATA    000BH     0001H     UNIT         _DATA_GROUP_
                    000CH     0014H                  *** GAP ***
            BIT     0020H.0   0000H.1   UNIT         _BIT_GROUP_
                    0020H.1   0000H.7                *** GAP ***
            IDATA   0021H     0001H     UNIT         ?STACK

            * * * * * * *   C O D E   M E M O R Y   * * * * * * *
            CODE    0000H     0003H     ABSOLUTE     
            CODE    0003H     0008H     UNIT         ?PR?I2C_STOP?MAIN
            CODE    000BH     0003H     ABSOLUTE     
            CODE    000EH     008CH     UNIT         ?C_C51STARTUP
            CODE    009AH     0082H     UNIT         ?PR?MAIN?MAIN
            CODE    011CH     003CH     UNIT         ?PR?_I2C_SEND?MAIN
            CODE    0158H     002EH     UNIT         ?PR?I2C_READ?MAIN
            CODE    0186H     0026H     UNIT         ?PR?FIND_DEVICE?MAIN
            CODE    01ACH     0023H     UNIT         ?PR?_SAVE_TO_EEPROM?MAIN
            CODE    01CFH     001FH     UNIT         ?PR?LOAD_FROM_EEPROM?MAIN
            CODE    01EEH     001EH     UNIT         ?PR?_DELAY?MAIN
            CODE    020CH     001EH     UNIT         ?PR?TIMER0_ROUTINE?MAIN
            CODE    022AH     0013H     UNIT         ?PR?TIMER0_INIT?MAIN
            CODE    023DH     000FH     UNIT         ?PR?I2C_START?MAIN
            CODE    024CH     000BH     UNIT         ?PR?I2C_DELAY?MAIN
            CODE    0257H     0007H     UNIT         ?C_INITSEG



OVERLAY MAP OF MODULE:   .\Objects\main (?C_STARTUP)


SEGMENT                              BIT_GROUP          DATA_GROUP 
  +--> CALLED SEGMENT             START    LENGTH     START    LENGTH
---------------------------------------------------------------------
?C_C51STARTUP                     -----    -----      -----    -----
  +--> ?PR?MAIN?MAIN
  +--> ?C_INITSEG
BL51 BANKED LINKER/LOCATER V6.22                                                      04/04/2026  17:35:25  PAGE 2



?PR?MAIN?MAIN                     -----    -----      000BH    0001H
  +--> ?PR?FIND_DEVICE?MAIN
  +--> ?PR?LOAD_FROM_EEPROM?MAIN
  +--> ?PR?_DELAY?MAIN
  +--> ?PR?_SAVE_TO_EEPROM?MAIN
  +--> ?PR?TIMER0_INIT?MAIN

?PR?FIND_DEVICE?MAIN              -----    -----      -----    -----
  +--> ?PR?I2C_START?MAIN
  +--> ?PR?_I2C_SEND?MAIN
  +--> ?PR?I2C_STOP?MAIN
  +--> ?PR?_DELAY?MAIN

?PR?I2C_START?MAIN                -----    -----      -----    -----
  +--> ?PR?I2C_DELAY?MAIN

?PR?_I2C_SEND?MAIN                0020H.0  0000H.1    -----    -----
  +--> ?PR?I2C_DELAY?MAIN

?PR?I2C_STOP?MAIN                 -----    -----      -----    -----
  +--> ?PR?I2C_DELAY?MAIN

?PR?LOAD_FROM_EEPROM?MAIN         -----    -----      -----    -----
  +--> ?PR?I2C_START?MAIN
  +--> ?PR?_I2C_SEND?MAIN
  +--> ?PR?I2C_READ?MAIN
  +--> ?PR?I2C_STOP?MAIN

?PR?I2C_READ?MAIN                 -----    -----      -----    -----
  +--> ?PR?I2C_DELAY?MAIN

?PR?_SAVE_TO_EEPROM?MAIN          -----    -----      -----    -----
  +--> ?PR?I2C_START?MAIN
  +--> ?PR?_I2C_SEND?MAIN
  +--> ?PR?I2C_STOP?MAIN
  +--> ?PR?_DELAY?MAIN



SYMBOL TABLE OF MODULE:  .\Objects\main (?C_STARTUP)

  VALUE           TYPE          NAME
  ----------------------------------

  -------         MODULE        ?C_STARTUP
  C:000EH         SEGMENT       ?C_C51STARTUP
  I:0021H         SEGMENT       ?STACK
  C:0000H         PUBLIC        ?C_STARTUP
  D:00E0H         SYMBOL        ACC
  D:00F0H         SYMBOL        B
  D:0083H         SYMBOL        DPH
  D:0082H         SYMBOL        DPL
  N:0000H         SYMBOL        IBPSTACK
  N:0100H         SYMBOL        IBPSTACKTOP
  N:0080H         SYMBOL        IDATALEN
  C:0011H         SYMBOL        IDATALOOP
BL51 BANKED LINKER/LOCATER V6.22                                                      04/04/2026  17:35:25  PAGE 3


  N:0000H         SYMBOL        PBPSTACK
  N:0100H         SYMBOL        PBPSTACKTOP
  N:0000H         SYMBOL        PDATALEN
  N:0000H         SYMBOL        PDATASTART
  N:0000H         SYMBOL        PPAGE
  N:0000H         SYMBOL        PPAGEENABLE
  D:00A0H         SYMBOL        PPAGE_SFR
  D:0081H         SYMBOL        SP
  C:000EH         SYMBOL        STARTUP1
  N:0000H         SYMBOL        XBPSTACK
  N:0000H         SYMBOL        XBPSTACKTOP
  N:0000H         SYMBOL        XDATALEN
  N:0000H         SYMBOL        XDATASTART
  C:0000H         LINE#         126
  C:000EH         LINE#         133
  C:0010H         LINE#         134
  C:0011H         LINE#         135
  C:0012H         LINE#         136
  C:0014H         LINE#         185
  C:0017H         LINE#         196
  -------         ENDMOD        ?C_STARTUP

  -------         MODULE        MAIN
  C:0000H         SYMBOL        _ICE_DUMMY_
  C:020CH         PUBLIC        Timer0_Routine
  D:00A0H         PUBLIC        P2
  D:00B0H         PUBLIC        P3
  B:00A8H.7       PUBLIC        EA
  C:0251H         PUBLIC        I2C_Delay
  C:0158H         PUBLIC        I2C_Read
  C:01CFH         PUBLIC        Load_From_EEPROM
  C:009AH         PUBLIC        main
  C:022AH         PUBLIC        Timer0_Init
  C:011CH         PUBLIC        _I2C_Send
  C:023DH         PUBLIC        I2C_Start
  D:0008H         PUBLIC        Device_Addr
  D:0089H         PUBLIC        TMOD
  C:0186H         PUBLIC        Find_Device
  C:0003H         PUBLIC        I2C_Stop
  B:00A8H.1       PUBLIC        ET0
  D:0009H         PUBLIC        Target_Value
  D:008CH         PUBLIC        TH0
  D:008AH         PUBLIC        TL0
  B:0088H.4       PUBLIC        TR0
  B:00A0H.0       PUBLIC        SDA
  C:01ACH         PUBLIC        _Save_To_EEPROM
  D:000AH         PUBLIC        PWM_Count
  B:00A0H.1       PUBLIC        SCL
  C:01F7H         PUBLIC        _Delay
  B:00B0H.1       PUBLIC        K1
  B:00B0H.0       PUBLIC        K2
  C:024CH         SYMBOL        L?0058
  -------         PROC          L?0057
  -------         ENDPROC       L?0057
  C:024CH         SYMBOL        L?0058
  -------         PROC          I2C_DELAY
  C:0251H         LINE#         13
BL51 BANKED LINKER/LOCATER V6.22                                                      04/04/2026  17:35:25  PAGE 4


  -------         ENDPROC       I2C_DELAY
  -------         PROC          L?0056
  -------         ENDPROC       L?0056
  -------         PROC          _DELAY
  D:0006H         SYMBOL        ms
  -------         DO            
  D:0005H         SYMBOL        i
  D:0004H         SYMBOL        j
  -------         ENDDO         
  C:01F7H         LINE#         15
  C:01F7H         LINE#         17
  C:0201H         LINE#         18
  C:0205H         LINE#         19
  C:0209H         LINE#         20
  C:020BH         LINE#         21
  -------         ENDPROC       _DELAY
  -------         PROC          I2C_START
  C:023DH         LINE#         24
  -------         ENDPROC       I2C_START
  -------         PROC          I2C_STOP
  C:0003H         LINE#         25
  -------         ENDPROC       I2C_STOP
  -------         PROC          _I2C_SEND
  D:0005H         SYMBOL        Byte
  -------         DO            
  D:0003H         SYMBOL        i
  B:0020H.0       SYMBOL        ack
  -------         ENDDO         
  C:011CH         LINE#         28
  C:011EH         LINE#         31
  C:0120H         LINE#         32
  C:013CH         LINE#         33
  C:0141H         LINE#         34
  C:0145H         LINE#         35
  C:014CH         LINE#         36
  C:0150H         LINE#         37
  C:0155H         LINE#         38
  C:0157H         LINE#         39
  -------         ENDPROC       _I2C_SEND
  -------         PROC          I2C_READ
  -------         DO            
  D:0006H         SYMBOL        i
  D:0007H         SYMBOL        Byte
  -------         ENDDO         
  C:0158H         LINE#         41
  C:0158H         LINE#         42
  C:015AH         LINE#         43
  C:015FH         LINE#         44
  C:0160H         LINE#         45
  C:0165H         LINE#         46
  C:0175H         LINE#         47
  C:017AH         LINE#         48
  C:017EH         LINE#         49
  C:0185H         LINE#         50
  C:0185H         LINE#         51
  -------         ENDPROC       I2C_READ
  -------         PROC          FIND_DEVICE
BL51 BANKED LINKER/LOCATER V6.22                                                      04/04/2026  17:35:25  PAGE 5


  -------         DO            
  D:0002H         SYMBOL        addr
  -------         ENDDO         
  C:0186H         LINE#         54
  C:0186H         LINE#         56
  C:018EH         LINE#         57
  C:0191H         LINE#         58
  C:0198H         LINE#         59
  C:019AH         LINE#         60
  C:019DH         LINE#         62
  C:019DH         LINE#         63
  C:01A0H         LINE#         64
  C:01A7H         LINE#         65
  C:01ABH         LINE#         66
  -------         ENDPROC       FIND_DEVICE
  -------         PROC          _SAVE_TO_EEPROM
  D:0004H         SYMBOL        val
  C:01ACH         LINE#         68
  C:01AEH         LINE#         69
  C:01B0H         LINE#         70
  C:01B3H         LINE#         71
  C:01B8H         LINE#         72
  C:01BDH         LINE#         73
  C:01C2H         LINE#         74
  C:01C5H         LINE#         75
  C:01CCH         LINE#         76
  C:01CEH         LINE#         77
  -------         ENDPROC       _SAVE_TO_EEPROM
  -------         PROC          LOAD_FROM_EEPROM
  -------         DO            
  D:0007H         SYMBOL        val
  -------         ENDDO         
  C:01CFH         LINE#         79
  C:01CFH         LINE#         81
  C:01D2H         LINE#         82
  C:01D7H         LINE#         83
  C:01DCH         LINE#         84
  C:01DFH         LINE#         85
  C:01E7H         LINE#         86
  C:01EAH         LINE#         87
  C:01EDH         LINE#         88
  C:01EDH         LINE#         89
  -------         ENDPROC       LOAD_FROM_EEPROM
  -------         PROC          TIMER0_INIT
  C:022AH         LINE#         91
  C:022AH         LINE#         92
  C:0230H         LINE#         93
  C:0236H         LINE#         94
  C:023CH         LINE#         95
  -------         ENDPROC       TIMER0_INIT
  -------         PROC          TIMER0_ROUTINE
  C:020CH         LINE#         97
  C:0210H         LINE#         98
  C:0216H         LINE#         99
  C:0218H         LINE#         100
  C:0225H         LINE#         101
  -------         ENDPROC       TIMER0_ROUTINE
BL51 BANKED LINKER/LOCATER V6.22                                                      04/04/2026  17:35:25  PAGE 6


  -------         PROC          MAIN
  -------         DO            
  D:000BH         SYMBOL        i
  -------         ENDDO         
  C:009AH         LINE#         103
  C:009AH         LINE#         104
  C:009DH         LINE#         105
  C:00A2H         LINE#         107
  C:00ABH         LINE#         110
  C:00C0H         LINE#         111
  C:00C3H         LINE#         112
  C:00C8H         LINE#         113
  C:00CAH         LINE#         115
  C:00D3H         LINE#         116
  C:00D3H         LINE#         117
  C:00D6H         LINE#         118
  C:00D6H         LINE#         119
  C:00E3H         LINE#         120
  C:00F0H         LINE#         121
  C:00F8H         LINE#         122
  C:00F8H         LINE#         123
  C:0105H         LINE#         124
  C:0112H         LINE#         125
  -------         ENDPROC       MAIN
  -------         ENDMOD        MAIN

Program Size: data=13.1 xdata=0 code=606
LINK/LOCATE RUN COMPLETE.  0 WARNING(S),  0 ERROR(S)
