BL51 BANKED LINKER/LOCATER V6.22                                                        04/09/2026  22:23:58  PAGE 1


BL51 BANKED LINKER/LOCATER V6.22, INVOKED BY:
D:\KEIL_V5\C51\BIN\BL51.EXE .\Objects\STARTUP.obj, .\Objects\main.obj TO .\Objects\main PRINT (.\Listings\main.m51) RAMS
>> IZE (256)


MEMORY MODEL: SMALL


INPUT MODULES INCLUDED:
  .\Objects\STARTUP.obj (?C_STARTUP)
  .\Objects\main.obj (MAIN)


LINK MAP OF MODULE:  .\Objects\main (?C_STARTUP)


            TYPE    BASE      LENGTH    RELOCATION   SEGMENT NAME
            -----------------------------------------------------

            * * * * * * *   D A T A   M E M O R Y   * * * * * * *
            REG     0000H     0008H     ABSOLUTE     "REG BANK 0"
            IDATA   0008H     0001H     UNIT         ?STACK

            * * * * * * *   C O D E   M E M O R Y   * * * * * * *
            CODE    0000H     0003H     ABSOLUTE     
            CODE    0003H     004DH     UNIT         ?PR?LCDINIT?MAIN
            CODE    0050H     002DH     UNIT         ?PR?_SHOWCHAR?MAIN
            CODE    007DH     0027H     UNIT         ?PR?MAIN?MAIN
            CODE    00A4H     0026H     UNIT         ?PR?_W_BYTE?MAIN
            CODE    00CAH     001EH     UNIT         ?PR?_DELAY_MS?MAIN
            CODE    00E8H     001EH     UNIT         ?CO?MAIN
            CODE    0106H     001CH     UNIT         ?PR?_LCDSETPOS?MAIN
            CODE    0122H     001BH     UNIT         ?PR?LCDCLEAR?MAIN
            CODE    013DH     000CH     UNIT         ?C_C51STARTUP



OVERLAY MAP OF MODULE:   .\Objects\main (?C_STARTUP)


SEGMENT
  +--> CALLED SEGMENT
---------------------
?C_C51STARTUP
  +--> ?PR?MAIN?MAIN

?PR?MAIN?MAIN
  +--> ?PR?LCDINIT?MAIN
  +--> ?PR?_SHOWCHAR?MAIN

?PR?LCDINIT?MAIN
  +--> ?PR?_DELAY_MS?MAIN
  +--> ?PR?_W_BYTE?MAIN
  +--> ?PR?LCDCLEAR?MAIN

?PR?LCDCLEAR?MAIN
  +--> ?PR?_LCDSETPOS?MAIN
  +--> ?PR?_W_BYTE?MAIN
BL51 BANKED LINKER/LOCATER V6.22                                                      04/09/2026  22:23:58  PAGE 2



?PR?_LCDSETPOS?MAIN
  +--> ?PR?_W_BYTE?MAIN

?PR?_SHOWCHAR?MAIN
  +--> ?PR?_LCDSETPOS?MAIN
  +--> ?CO?MAIN
  +--> ?PR?_W_BYTE?MAIN



SYMBOL TABLE OF MODULE:  .\Objects\main (?C_STARTUP)

  VALUE           TYPE          NAME
  ----------------------------------

  -------         MODULE        ?C_STARTUP
  C:013DH         SEGMENT       ?C_C51STARTUP
  I:0008H         SEGMENT       ?STACK
  C:0000H         PUBLIC        ?C_STARTUP
  D:00E0H         SYMBOL        ACC
  D:00F0H         SYMBOL        B
  D:0083H         SYMBOL        DPH
  D:0082H         SYMBOL        DPL
  N:0000H         SYMBOL        IBPSTACK
  N:0100H         SYMBOL        IBPSTACKTOP
  N:0080H         SYMBOL        IDATALEN
  C:0140H         SYMBOL        IDATALOOP
  N:0000H         SYMBOL        PBPSTACK
  N:0100H         SYMBOL        PBPSTACKTOP
  N:0000H         SYMBOL        PDATALEN
  N:0000H         SYMBOL        PDATASTART
  N:0000H         SYMBOL        PPAGE
  N:0000H         SYMBOL        PPAGEENABLE
  D:00A0H         SYMBOL        PPAGE_SFR
  D:0081H         SYMBOL        SP
  C:013DH         SYMBOL        STARTUP1
  N:0000H         SYMBOL        XBPSTACK
  N:0000H         SYMBOL        XBPSTACKTOP
  N:0000H         SYMBOL        XDATALEN
  N:0000H         SYMBOL        XDATASTART
  C:0000H         LINE#         126
  C:013DH         LINE#         133
  C:013FH         LINE#         134
  C:0140H         LINE#         135
  C:0141H         LINE#         136
  C:0143H         LINE#         185
  C:0146H         LINE#         196
  -------         ENDMOD        ?C_STARTUP

  -------         MODULE        MAIN
  C:0000H         SYMBOL        _ICE_DUMMY_
  C:0122H         PUBLIC        LcdClear
  D:0090H         PUBLIC        P1
  B:0090H.3       PUBLIC        LCD_SDA
  B:0090H.4       PUBLIC        LCD_SCL
  C:0053H         PUBLIC        _ShowChar
BL51 BANKED LINKER/LOCATER V6.22                                                      04/09/2026  22:23:58  PAGE 3


  C:007DH         PUBLIC        main
  C:0003H         PUBLIC        LcdInit
  C:00E8H         PUBLIC        F6x8
  B:0090H.1       PUBLIC        LCD_RST
  C:00CAH         PUBLIC        _Delay_ms
  B:0090H.0       PUBLIC        LCD_CS
  C:00A4H         PUBLIC        _W_Byte
  B:0090H.2       PUBLIC        LCD_RS
  C:0106H         PUBLIC        _LcdSetPos
  -------         PROC          _DELAY_MS
  D:0006H         SYMBOL        ms
  -------         DO            
  D:0006H         SYMBOL        i
  D:0004H         SYMBOL        j
  -------         ENDDO         
  C:00CAH         LINE#         23
  C:00CAH         LINE#         25
  C:00E7H         LINE#         26
  -------         ENDPROC       _DELAY_MS
  -------         PROC          _W_BYTE
  D:0007H         SYMBOL        dat
  D:0005H         SYMBOL        is_data
  -------         DO            
  D:0006H         SYMBOL        i
  -------         ENDDO         
  C:00A4H         LINE#         28
  C:00A4H         LINE#         30
  C:00A6H         LINE#         31
  C:00ABH         LINE#         32
  C:00ADH         LINE#         33
  C:00AFH         LINE#         34
  C:00B9H         LINE#         35
  C:00BBH         LINE#         36
  C:00BDH         LINE#         37
  C:00BFH         LINE#         38
  C:00C3H         LINE#         39
  C:00C7H         LINE#         40
  C:00C9H         LINE#         41
  -------         ENDPROC       _W_BYTE
  -------         PROC          _LCDSETPOS
  D:0007H         SYMBOL        page
  D:0004H         SYMBOL        x
  C:0106H         LINE#         43
  C:0108H         LINE#         44
  C:0111H         LINE#         45
  C:011BH         LINE#         46
  -------         ENDPROC       _LCDSETPOS
  -------         PROC          LCDCLEAR
  -------         DO            
  D:0003H         SYMBOL        p
  D:0004H         SYMBOL        c
  -------         ENDDO         
  C:0122H         LINE#         49
  C:0122H         LINE#         51
  C:0124H         LINE#         52
  C:012BH         LINE#         53
  C:0138H         LINE#         54
BL51 BANKED LINKER/LOCATER V6.22                                                      04/09/2026  22:23:58  PAGE 4


  C:013CH         LINE#         55
  -------         ENDPROC       LCDCLEAR
  -------         PROC          L?0032
  -------         ENDPROC       L?0032
  -------         PROC          _SHOWCHAR
  D:0007H         SYMBOL        page
  D:0005H         SYMBOL        x
  D:0003H         SYMBOL        index
  -------         DO            
  D:0004H         SYMBOL        i
  -------         ENDDO         
  C:0053H         LINE#         58
  C:0053H         LINE#         60
  C:0056H         LINE#         61
  C:0058H         LINE#         62
  C:0078H         LINE#         63
  C:007CH         LINE#         64
  -------         ENDPROC       _SHOWCHAR
  -------         PROC          LCDINIT
  C:0003H         LINE#         66
  C:0003H         LINE#         67
  C:0015H         LINE#         68
  C:0023H         LINE#         69
  C:002AH         LINE#         70
  C:002FH         LINE#         71
  C:0034H         LINE#         72
  C:0039H         LINE#         73
  C:003EH         LINE#         74
  C:0043H         LINE#         75
  C:0048H         LINE#         76
  C:004DH         LINE#         77
  -------         ENDPROC       LCDINIT
  -------         PROC          MAIN
  C:007DH         LINE#         80
  C:007DH         LINE#         81
  C:0080H         LINE#         84
  C:0089H         LINE#         85
  C:008EH         LINE#         86
  C:0093H         LINE#         87
  C:009AH         LINE#         88
  C:00A2H         LINE#         90
  -------         ENDPROC       MAIN
  -------         ENDMOD        MAIN

Program Size: data=9.0 xdata=0 code=329
LINK/LOCATE RUN COMPLETE.  0 WARNING(S),  0 ERROR(S)
