BL51 BANKED LINKER/LOCATER V6.22                                                        04/15/2026  22:05:10  PAGE 1


BL51 BANKED LINKER/LOCATER V6.22, INVOKED BY:
D:\KEIL_V5\C51\BIN\BL51.EXE .\Objects\STARTUP.obj, .\Objects\main.obj TO .\Objects\main PRINT (.\Listings\main.m51) RAMS
>> IZE (256)


MEMORY MODEL: SMALL


INPUT MODULES INCLUDED:
  .\Objects\STARTUP.obj (?C_STARTUP)
  .\Objects\main.obj (MAIN)


LINK MAP OF MODULE:  .\Objects\main (?C_STARTUP)


            TYPE    BASE      LENGTH    RELOCATION   SEGMENT NAME
            -----------------------------------------------------

            * * * * * * *   D A T A   M E M O R Y   * * * * * * *
            REG     0000H     0008H     ABSOLUTE     "REG BANK 0"
            IDATA   0008H     0001H     UNIT         ?STACK

            * * * * * * *   C O D E   M E M O R Y   * * * * * * *
            CODE    0000H     0003H     ABSOLUTE     
            CODE    0003H     00DBH     UNIT         ?PR?MAIN?MAIN
            CODE    00DEH     0027H     UNIT         ?PR?_SET_RTC?MAIN
            CODE    0105H     0021H     UNIT         ?PR?_GET_RTC?MAIN
            CODE    0126H     001CH     UNIT         ?PR?DS1302_R?MAIN
            CODE    0142H     0019H     UNIT         ?PR?_LCD_WRITEDATA?MAIN
            CODE    015BH     0017H     UNIT         ?PR?_DS1302_W?MAIN
            CODE    0172H     0015H     UNIT         ?PR?_DELAYMS?MAIN
            CODE    0187H     0014H     UNIT         ?PR?LCD_INIT?MAIN
            CODE    019BH     0012H     UNIT         ?PR?_LCD_WRITECMD?MAIN
            CODE    01ADH     000CH     UNIT         ?C_C51STARTUP



OVERLAY MAP OF MODULE:   .\Objects\main (?C_STARTUP)


SEGMENT
  +--> CALLED SEGMENT
---------------------
?C_C51STARTUP
  +--> ?PR?MAIN?MAIN

?PR?MAIN?MAIN
  +--> ?PR?LCD_INIT?MAIN
  +--> ?PR?_DS1302_W?MAIN
  +--> ?PR?_SET_RTC?MAIN
  +--> ?PR?_GET_RTC?MAIN
  +--> ?PR?_LCD_WRITECMD?MAIN
  +--> ?PR?_LCD_WRITEDATA?MAIN
  +--> ?PR?_DELAYMS?MAIN

?PR?LCD_INIT?MAIN
  +--> ?PR?_LCD_WRITECMD?MAIN
BL51 BANKED LINKER/LOCATER V6.22                                                      04/15/2026  22:05:10  PAGE 2



?PR?_LCD_WRITECMD?MAIN
  +--> ?PR?_DELAYMS?MAIN

?PR?_SET_RTC?MAIN
  +--> ?PR?_DS1302_W?MAIN

?PR?_GET_RTC?MAIN
  +--> ?PR?_DS1302_W?MAIN
  +--> ?PR?DS1302_R?MAIN

?PR?_LCD_WRITEDATA?MAIN
  +--> ?PR?_DELAYMS?MAIN



SYMBOL TABLE OF MODULE:  .\Objects\main (?C_STARTUP)

  VALUE           TYPE          NAME
  ----------------------------------

  -------         MODULE        ?C_STARTUP
  C:01ADH         SEGMENT       ?C_C51STARTUP
  I:0008H         SEGMENT       ?STACK
  C:0000H         PUBLIC        ?C_STARTUP
  D:00E0H         SYMBOL        ACC
  D:00F0H         SYMBOL        B
  D:0083H         SYMBOL        DPH
  D:0082H         SYMBOL        DPL
  N:0000H         SYMBOL        IBPSTACK
  N:0100H         SYMBOL        IBPSTACKTOP
  N:0080H         SYMBOL        IDATALEN
  C:01B0H         SYMBOL        IDATALOOP
  N:0000H         SYMBOL        PBPSTACK
  N:0100H         SYMBOL        PBPSTACKTOP
  N:0000H         SYMBOL        PDATALEN
  N:0000H         SYMBOL        PDATASTART
  N:0000H         SYMBOL        PPAGE
  N:0000H         SYMBOL        PPAGEENABLE
  D:00A0H         SYMBOL        PPAGE_SFR
  D:0081H         SYMBOL        SP
  C:01ADH         SYMBOL        STARTUP1
  N:0000H         SYMBOL        XBPSTACK
  N:0000H         SYMBOL        XBPSTACKTOP
  N:0000H         SYMBOL        XDATALEN
  N:0000H         SYMBOL        XDATASTART
  C:0000H         LINE#         126
  C:01ADH         LINE#         133
  C:01AFH         LINE#         134
  C:01B0H         LINE#         135
  C:01B1H         LINE#         136
  C:01B3H         LINE#         185
  C:01B6H         LINE#         196
  -------         ENDMOD        ?C_STARTUP

  -------         MODULE        MAIN
  C:0000H         SYMBOL        _ICE_DUMMY_
BL51 BANKED LINKER/LOCATER V6.22                                                      04/15/2026  22:05:10  PAGE 3


  C:0149H         PUBLIC        _Lcd_WriteData
  D:0080H         PUBLIC        P0
  D:00A0H         PUBLIC        P2
  D:00B0H         PUBLIC        P3
  C:0187H         PUBLIC        Lcd_Init
  C:0126H         PUBLIC        DS1302_R
  C:015BH         PUBLIC        _DS1302_W
  C:019BH         PUBLIC        _Lcd_WriteCmd
  C:0003H         PUBLIC        main
  C:0172H         PUBLIC        _DelayMs
  B:00A0H.2       PUBLIC        ADDR_A
  B:00A0H.3       PUBLIC        ADDR_B
  B:00A0H.4       PUBLIC        ADDR_C
  B:00A0H.7       PUBLIC        LCD_EN
  B:00B0H.5       PUBLIC        DS1302_CE
  B:00B0H.4       PUBLIC        DS1302_IO
  B:00A0H.6       PUBLIC        LCD_RS
  B:00A0H.5       PUBLIC        LCD_RW
  C:0105H         PUBLIC        _Get_RTC
  B:00B0H.6       PUBLIC        DS1302_SCLK
  C:00DEH         PUBLIC        _Set_RTC
  -------         PROC          _DELAYMS
  D:0006H         SYMBOL        ms
  -------         DO            
  D:0005H         SYMBOL        i
  D:0004H         SYMBOL        j
  -------         ENDDO         
  C:0172H         LINE#         20
  C:0172H         LINE#         22
  C:017CH         LINE#         23
  C:0180H         LINE#         24
  C:0184H         LINE#         25
  C:0186H         LINE#         26
  -------         ENDPROC       _DELAYMS
  -------         PROC          _LCD_WRITECMD
  D:0007H         SYMBOL        cmd
  C:019BH         LINE#         29
  C:019BH         LINE#         30
  C:01A1H         LINE#         31
  -------         ENDPROC       _LCD_WRITECMD
  C:0142H         SYMBOL        L?0031
  -------         PROC          L?0030
  -------         ENDPROC       L?0030
  C:0142H         SYMBOL        L?0031
  -------         PROC          _LCD_WRITEDATA
  D:0007H         SYMBOL        dat
  C:0149H         LINE#         33
  C:0149H         LINE#         34
  C:014FH         LINE#         35
  -------         ENDPROC       _LCD_WRITEDATA
  -------         PROC          LCD_INIT
  C:0187H         LINE#         37
  C:0187H         LINE#         38
  C:0191H         LINE#         39
  -------         ENDPROC       LCD_INIT
  -------         PROC          _DS1302_W
  D:0007H         SYMBOL        dat
BL51 BANKED LINKER/LOCATER V6.22                                                      04/15/2026  22:05:10  PAGE 4


  -------         DO            
  D:0006H         SYMBOL        i
  -------         ENDDO         
  C:015BH         LINE#         43
  C:015BH         LINE#         45
  C:015DH         LINE#         46
  C:0161H         LINE#         47
  C:0165H         LINE#         48
  C:0169H         LINE#         49
  C:016DH         LINE#         50
  C:0171H         LINE#         51
  -------         ENDPROC       _DS1302_W
  -------         PROC          DS1302_R
  -------         DO            
  D:0006H         SYMBOL        i
  D:0007H         SYMBOL        dat
  -------         ENDDO         
  C:0126H         LINE#         52
  C:0126H         LINE#         53
  C:0128H         LINE#         54
  C:0129H         LINE#         55
  C:012DH         LINE#         56
  C:012FH         LINE#         57
  C:0135H         LINE#         58
  C:0139H         LINE#         59
  C:013DH         LINE#         60
  C:0141H         LINE#         61
  C:0141H         LINE#         62
  -------         ENDPROC       DS1302_R
  -------         PROC          _GET_RTC
  D:0007H         SYMBOL        addr
  -------         DO            
  D:0007H         SYMBOL        b
  -------         ENDDO         
  C:0105H         LINE#         64
  C:0105H         LINE#         66
  C:010BH         LINE#         67
  C:0112H         LINE#         68
  C:0115H         LINE#         69
  C:0117H         LINE#         70
  C:0125H         LINE#         71
  -------         ENDPROC       _GET_RTC
  -------         PROC          _SET_RTC
  D:0006H         SYMBOL        addr
  D:0005H         SYMBOL        dec
  -------         DO            
  D:0005H         SYMBOL        bcd
  -------         ENDDO         
  C:00DEH         LINE#         73
  C:00E0H         LINE#         74
  C:00F2H         LINE#         75
  C:00F8H         LINE#         76
  C:00FDH         LINE#         77
  C:0102H         LINE#         78
  C:0104H         LINE#         79
  -------         ENDPROC       _SET_RTC
  -------         PROC          MAIN
BL51 BANKED LINKER/LOCATER V6.22                                                      04/15/2026  22:05:10  PAGE 5


  -------         DO            
  D:0002H         SYMBOL        s
  D:0003H         SYMBOL        m
  D:0001H         SYMBOL        h
  -------         ENDDO         
  C:0003H         LINE#         81
  C:0003H         LINE#         85
  C:0009H         LINE#         87
  C:000CH         LINE#         90
  C:001AH         LINE#         91
  C:0021H         LINE#         92
  C:0028H         LINE#         93
  C:002FH         LINE#         95
  C:002FH         LINE#         96
  C:0036H         LINE#         97
  C:003DH         LINE#         98
  C:0044H         LINE#         101
  C:0049H         LINE#         102
  C:005DH         LINE#         103
  C:006CH         LINE#         104
  C:007BH         LINE#         107
  C:0080H         LINE#         109
  C:0089H         LINE#         110
  C:0095H         LINE#         111
  C:0097H         LINE#         112
  C:00A8H         LINE#         113
  C:00ADH         LINE#         114
  C:00BEH         LINE#         115
  C:00C3H         LINE#         116
  C:00D4H         LINE#         117
  C:00D4H         LINE#         119
  C:00DBH         LINE#         120
  -------         ENDPROC       MAIN
  -------         ENDMOD        MAIN

Program Size: data=9.0 xdata=0 code=441
LINK/LOCATE RUN COMPLETE.  0 WARNING(S),  0 ERROR(S)
