BL51 BANKED LINKER/LOCATER V6.22                                                        03/29/2026  12:27:20  PAGE 1


BL51 BANKED LINKER/LOCATER V6.22, INVOKED BY:
C:\KEIL_V5\C51\BIN\BL51.EXE .\Objects\STARTUP.obj, .\Objects\main.obj TO .\Objects\main PRINT (.\Listings\main.m51) RAMS
>> IZE (256)


MEMORY MODEL: SMALL


INPUT MODULES INCLUDED:
  .\Objects\STARTUP.obj (?C_STARTUP)
  .\Objects\main.obj (MAIN)
  C:\KEIL_V5\C51\LIB\C51S.LIB (?C_INIT)


LINK MAP OF MODULE:  .\Objects\main (?C_STARTUP)


            TYPE    BASE      LENGTH    RELOCATION   SEGMENT NAME
            -----------------------------------------------------

            * * * * * * *   D A T A   M E M O R Y   * * * * * * *
            REG     0000H     0008H     ABSOLUTE     "REG BANK 0"
            DATA    0008H     0013H     UNIT         ?DT?MAIN
                    001BH     0005H                  *** GAP ***
            BIT     0020H.0   0000H.4   UNIT         ?BI?MAIN
                    0020H.4   0000H.4                *** GAP ***
            IDATA   0021H     0001H     UNIT         ?STACK

            * * * * * * *   C O D E   M E M O R Y   * * * * * * *
            CODE    0000H     0003H     ABSOLUTE     
                    0003H     0008H                  *** GAP ***
            CODE    000BH     0003H     ABSOLUTE     
                    000EH     000DH                  *** GAP ***
            CODE    001BH     0003H     ABSOLUTE     
            CODE    001EH     00A5H     UNIT         ?PR?TIMER0_ROUTINE?MAIN
            CODE    00C3H     008CH     UNIT         ?C_C51STARTUP
            CODE    014FH     003AH     UNIT         ?PR?MAIN?MAIN
            CODE    0189H     002CH     UNIT         ?C_INITSEG
            CODE    01B5H     002BH     UNIT         ?PR?TIMER1_ROUTINE?MAIN
            CODE    01E0H     001AH     UNIT         ?PR?INIT_TIMERS?MAIN
            CODE    01FAH     0014H     UNIT         ?PR?_NIXIE_SETPOS?MAIN



OVERLAY MAP OF MODULE:   .\Objects\main (?C_STARTUP)


SEGMENT
  +--> CALLED SEGMENT
---------------------
?C_C51STARTUP
  +--> ?PR?MAIN?MAIN
  +--> ?C_INITSEG

?PR?MAIN?MAIN
  +--> ?PR?INIT_TIMERS?MAIN

*** NEW ROOT ***************************************************
BL51 BANKED LINKER/LOCATER V6.22                                                      03/29/2026  12:27:20  PAGE 2



?PR?TIMER0_ROUTINE?MAIN
  +--> ?PR?_NIXIE_SETPOS?MAIN



SYMBOL TABLE OF MODULE:  .\Objects\main (?C_STARTUP)

  VALUE           TYPE          NAME
  ----------------------------------

  -------         MODULE        ?C_STARTUP
  C:00C3H         SEGMENT       ?C_C51STARTUP
  I:0021H         SEGMENT       ?STACK
  C:0000H         PUBLIC        ?C_STARTUP
  D:00E0H         SYMBOL        ACC
  D:00F0H         SYMBOL        B
  D:0083H         SYMBOL        DPH
  D:0082H         SYMBOL        DPL
  N:0000H         SYMBOL        IBPSTACK
  N:0100H         SYMBOL        IBPSTACKTOP
  N:0080H         SYMBOL        IDATALEN
  C:00C6H         SYMBOL        IDATALOOP
  N:0000H         SYMBOL        PBPSTACK
  N:0100H         SYMBOL        PBPSTACKTOP
  N:0000H         SYMBOL        PDATALEN
  N:0000H         SYMBOL        PDATASTART
  N:0000H         SYMBOL        PPAGE
  N:0000H         SYMBOL        PPAGEENABLE
  D:00A0H         SYMBOL        PPAGE_SFR
  D:0081H         SYMBOL        SP
  C:00C3H         SYMBOL        STARTUP1
  N:0000H         SYMBOL        XBPSTACK
  N:0000H         SYMBOL        XBPSTACKTOP
  N:0000H         SYMBOL        XDATALEN
  N:0000H         SYMBOL        XDATASTART
  C:0000H         LINE#         126
  C:00C3H         LINE#         133
  C:00C5H         LINE#         134
  C:00C6H         LINE#         135
  C:00C7H         LINE#         136
  C:00C9H         LINE#         185
  C:00CCH         LINE#         196
  -------         ENDMOD        ?C_STARTUP

  -------         MODULE        MAIN
  C:0000H         SYMBOL        _ICE_DUMMY_
  C:001EH         PUBLIC        Timer0_Routine
  D:0080H         PUBLIC        P0
  C:01B5H         PUBLIC        Timer1_Routine
  B:0020H.1       PUBLIC        tick_200ms
  D:00A0H         PUBLIC        P2
  D:00B0H         PUBLIC        P3
  B:00A0H.5       PUBLIC        Buzzer
  B:00A8H.7       PUBLIC        EA
  B:0020H.2       PUBLIC        Emergency_Mode
  C:014FH         PUBLIC        main
BL51 BANKED LINKER/LOCATER V6.22                                                      03/29/2026  12:27:20  PAGE 3


  D:0089H         PUBLIC        TMOD
  C:01FAH         PUBLIC        _Nixie_SetPos
  B:00A8H.1       PUBLIC        ET0
  B:00A8H.3       PUBLIC        ET1
  D:008CH         PUBLIC        TH0
  D:008DH         PUBLIC        TH1
  B:0020H.3       PUBLIC        tick_10ms
  D:008AH         PUBLIC        TL0
  D:008BH         PUBLIC        TL1
  D:000EH         PUBLIC        Tone_Reload
  B:00A0H.0       PUBLIC        LED
  B:0088H.4       PUBLIC        TR0
  B:0088H.6       PUBLIC        TR1
  B:00B0H.1       PUBLIC        Key1
  B:00A0H.2       PUBLIC        LSA
  B:00A0H.3       PUBLIC        LSB
  B:00A0H.4       PUBLIC        LSC
  D:0010H         PUBLIC        NixieTable
  C:01E0H         PUBLIC        Init_Timers
  D:001AH         PUBLIC        PWM_Duty
  -------         PROC          _NIXIE_SETPOS
  D:0007H         SYMBOL        pos
  C:01FAH         LINE#         23
  C:01FAH         LINE#         24
  C:01FBH         LINE#         25
  C:01FFH         LINE#         26
  C:0205H         LINE#         27
  C:020DH         LINE#         28
  -------         ENDPROC       _NIXIE_SETPOS
  -------         PROC          INIT_TIMERS
  C:01E0H         LINE#         30
  C:01E0H         LINE#         31
  C:01E3H         LINE#         32
  C:01E9H         LINE#         33
  C:01EFH         LINE#         34
  C:01F9H         LINE#         35
  -------         ENDPROC       INIT_TIMERS
  -------         PROC          TIMER0_ROUTINE
  -------         DO            
  D:0008H         SYMBOL        pwm_count
  D:0009H         SYMBOL        scan_pos
  D:000AH         SYMBOL        buzzer_count
  -------         ENDDO         
  C:001EH         LINE#         38
  C:002BH         LINE#         44
  C:0031H         LINE#         47
  C:0034H         LINE#         50
  C:003CH         LINE#         51
  C:0045H         LINE#         52
  C:0047H         LINE#         53
  C:004DH         LINE#         54
  C:004DH         LINE#         55
  C:004FH         LINE#         56
  C:0051H         LINE#         57
  C:0051H         LINE#         60
  C:0053H         LINE#         61
  C:005DH         LINE#         62
BL51 BANKED LINKER/LOCATER V6.22                                                      03/29/2026  12:27:20  PAGE 4


  C:0060H         LINE#         63
  C:006DH         LINE#         64
  C:006FH         LINE#         65
  C:0071H         LINE#         66
  C:0071H         LINE#         69
  C:0074H         LINE#         70
  C:0079H         LINE#         71
  C:008AH         LINE#         72
  C:009DH         LINE#         73
  C:00ACH         LINE#         75
  C:00AEH         LINE#         76
  C:00B8H         LINE#         77
  -------         ENDPROC       TIMER0_ROUTINE
  -------         PROC          TIMER1_ROUTINE
  -------         DO            
  D:000CH         SYMBOL        c1
  D:000DH         SYMBOL        c2
  -------         ENDDO         
  C:01B5H         LINE#         79
  C:01B9H         LINE#         81
  C:01BFH         LINE#         82
  C:01C3H         LINE#         83
  C:01CFH         LINE#         84
  C:01DBH         LINE#         85
  -------         ENDPROC       TIMER1_ROUTINE
  -------         PROC          MAIN
  -------         DO            
  D:0007H         SYMBOL        dir
  B:0020H.0       SYMBOL        last_key_state
  -------         ENDDO         
  C:014FH         LINE#         87
  C:014FH         LINE#         88
  C:0151H         LINE#         90
  C:0154H         LINE#         91
  C:0154H         LINE#         93
  C:015AH         LINE#         94
  C:015CH         LINE#         95
  C:0161H         LINE#         96
  C:0170H         LINE#         97
  C:0170H         LINE#         98
  C:0176H         LINE#         99
  C:0178H         LINE#         101
  C:0178H         LINE#         103
  C:017BH         LINE#         104
  C:0181H         LINE#         105
  C:0183H         LINE#         106
  C:0183H         LINE#         107
  C:0187H         LINE#         108
  C:0187H         LINE#         109
  -------         ENDPROC       MAIN
  -------         ENDMOD        MAIN

Program Size: data=28.4 xdata=0 code=505
LINK/LOCATE RUN COMPLETE.  0 WARNING(S),  0 ERROR(S)
