BL51 BANKED LINKER/LOCATER V6.22                                                        03/30/2026  17:20:22  PAGE 1


BL51 BANKED LINKER/LOCATER V6.22, INVOKED BY:
C:\KEIL_V5\C51\BIN\BL51.EXE .\Objects\STARTUP.obj, .\Objects\main.obj TO .\Objects\main PRINT (.\Listings\main.m51) RAMS
>> IZE (256)


MEMORY MODEL: SMALL


INPUT MODULES INCLUDED:
  .\Objects\STARTUP.obj (?C_STARTUP)
  .\Objects\main.obj (MAIN)


LINK MAP OF MODULE:  .\Objects\main (?C_STARTUP)


            TYPE    BASE      LENGTH    RELOCATION   SEGMENT NAME
            -----------------------------------------------------

            * * * * * * *   D A T A   M E M O R Y   * * * * * * *
            REG     0000H     0008H     ABSOLUTE     "REG BANK 0"
            IDATA   0008H     0001H     UNIT         ?STACK

            * * * * * * *   C O D E   M E M O R Y   * * * * * * *
            CODE    0000H     0003H     ABSOLUTE     
            CODE    0003H     002CH     UNIT         ?PR?MAIN?MAIN
            CODE    002FH     0017H     UNIT         ?PR?UART_INIT?MAIN
            CODE    0046H     000CH     UNIT         ?C_C51STARTUP
            CODE    0052H     0008H     UNIT         ?PR?_UART_SENDBYTE?MAIN



OVERLAY MAP OF MODULE:   .\Objects\main (?C_STARTUP)


SEGMENT
  +--> CALLED SEGMENT
---------------------
?C_C51STARTUP
  +--> ?PR?MAIN?MAIN

?PR?MAIN?MAIN
  +--> ?PR?UART_INIT?MAIN
  +--> ?PR?_UART_SENDBYTE?MAIN



SYMBOL TABLE OF MODULE:  .\Objects\main (?C_STARTUP)

  VALUE           TYPE          NAME
  ----------------------------------

  -------         MODULE        ?C_STARTUP
  C:0046H         SEGMENT       ?C_C51STARTUP
  I:0008H         SEGMENT       ?STACK
  C:0000H         PUBLIC        ?C_STARTUP
  D:00E0H         SYMBOL        ACC
  D:00F0H         SYMBOL        B
BL51 BANKED LINKER/LOCATER V6.22                                                      03/30/2026  17:20:22  PAGE 2


  D:0083H         SYMBOL        DPH
  D:0082H         SYMBOL        DPL
  N:0000H         SYMBOL        IBPSTACK
  N:0100H         SYMBOL        IBPSTACKTOP
  N:0080H         SYMBOL        IDATALEN
  C:0049H         SYMBOL        IDATALOOP
  N:0000H         SYMBOL        PBPSTACK
  N:0100H         SYMBOL        PBPSTACKTOP
  N:0000H         SYMBOL        PDATALEN
  N:0000H         SYMBOL        PDATASTART
  N:0000H         SYMBOL        PPAGE
  N:0000H         SYMBOL        PPAGEENABLE
  D:00A0H         SYMBOL        PPAGE_SFR
  D:0081H         SYMBOL        SP
  C:0046H         SYMBOL        STARTUP1
  N:0000H         SYMBOL        XBPSTACK
  N:0000H         SYMBOL        XBPSTACKTOP
  N:0000H         SYMBOL        XDATALEN
  N:0000H         SYMBOL        XDATASTART
  C:0000H         LINE#         126
  C:0046H         LINE#         133
  C:0048H         LINE#         134
  C:0049H         LINE#         135
  C:004AH         LINE#         136
  C:004CH         LINE#         185
  C:004FH         LINE#         196
  -------         ENDMOD        ?C_STARTUP

  -------         MODULE        MAIN
  C:0000H         SYMBOL        _ICE_DUMMY_
  C:002FH         PUBLIC        Uart_Init
  B:0098H.1       PUBLIC        TI
  C:0052H         PUBLIC        _Uart_SendByte
  C:0003H         PUBLIC        main
  D:0099H         PUBLIC        SBUF
  D:0087H         PUBLIC        PCON
  D:0098H         PUBLIC        SCON
  D:0089H         PUBLIC        TMOD
  B:00A8H.3       PUBLIC        ET1
  D:008DH         PUBLIC        TH1
  D:008BH         PUBLIC        TL1
  B:0088H.6       PUBLIC        TR1
  -------         PROC          UART_INIT
  C:002FH         LINE#         4
  C:002FH         LINE#         5
  C:0032H         LINE#         6
  C:0035H         LINE#         9
  C:0038H         LINE#         10
  C:003BH         LINE#         11
  C:003EH         LINE#         12
  C:0041H         LINE#         13
  C:0043H         LINE#         14
  C:0045H         LINE#         15
  -------         ENDPROC       UART_INIT
  -------         PROC          _UART_SENDBYTE
  D:0007H         SYMBOL        Byte
  C:0052H         LINE#         18
BL51 BANKED LINKER/LOCATER V6.22                                                      03/30/2026  17:20:22  PAGE 3


  C:0052H         LINE#         19
  C:0054H         LINE#         20
  C:0057H         LINE#         21
  C:0059H         LINE#         22
  -------         ENDPROC       _UART_SENDBYTE
  -------         PROC          MAIN
  C:0003H         LINE#         24
  C:0003H         LINE#         25
  C:0006H         LINE#         26
  C:0006H         LINE#         27
  C:000BH         LINE#         28
  C:0010H         LINE#         29
  C:0015H         LINE#         30
  C:001AH         LINE#         31
  C:001EH         LINE#         32
  C:0023H         LINE#         33
  C:0028H         LINE#         34
  C:002DH         LINE#         38
  -------         ENDPROC       MAIN
  -------         ENDMOD        MAIN

Program Size: data=9.0 xdata=0 code=90
LINK/LOCATE RUN COMPLETE.  0 WARNING(S),  0 ERROR(S)
