BL51 BANKED LINKER/LOCATER V6.22                                                        04/08/2026  19:21:21  PAGE 1


BL51 BANKED LINKER/LOCATER V6.22, INVOKED BY:
D:\KEIL_V5\C51\BIN\BL51.EXE .\Objects\STARTUP.obj, .\Objects\main.obj TO .\Objects\main PRINT (.\Listings\main.m51) RAMS
>> IZE (256)


MEMORY MODEL: SMALL


INPUT MODULES INCLUDED:
  .\Objects\STARTUP.obj (?C_STARTUP)
  .\Objects\main.obj (MAIN)
  D:\KEIL_V5\C51\LIB\C51S.LIB (?C_INIT)


LINK MAP OF MODULE:  .\Objects\main (?C_STARTUP)


            TYPE    BASE      LENGTH    RELOCATION   SEGMENT NAME
            -----------------------------------------------------

            * * * * * * *   D A T A   M E M O R Y   * * * * * * *
            REG     0000H     0008H     ABSOLUTE     "REG BANK 0"
            DATA    0008H     0005H     UNIT         ?DT?MAIN
            DATA    000DH     0002H     UNIT         _DATA_GROUP_
            IDATA   000FH     0001H     UNIT         ?STACK

            * * * * * * *   C O D E   M E M O R Y   * * * * * * *
            CODE    0000H     0003H     ABSOLUTE     
            CODE    0003H     0003H     ABSOLUTE     
            CODE    0006H     00EEH     UNIT         ?PR?READIR?MAIN
            CODE    00F4H     008CH     UNIT         ?C_C51STARTUP
            CODE    0180H     0028H     UNIT         ?PR?MAIN?MAIN
            CODE    01A8H     000FH     UNIT         ?PR?_DELAY?MAIN
            CODE    01B7H     0009H     UNIT         ?PR?IRINIT?MAIN
            CODE    01C0H     0004H     UNIT         ?C_INITSEG



OVERLAY MAP OF MODULE:   .\Objects\main (?C_STARTUP)


SEGMENT                          DATA_GROUP 
  +--> CALLED SEGMENT          START    LENGTH
----------------------------------------------
?C_C51STARTUP                  -----    -----
  +--> ?PR?MAIN?MAIN
  +--> ?C_INITSEG

?PR?MAIN?MAIN                  -----    -----
  +--> ?PR?IRINIT?MAIN

*** NEW ROOT ***************************************************

?PR?READIR?MAIN                000DH    0002H
  +--> ?PR?_DELAY?MAIN



BL51 BANKED LINKER/LOCATER V6.22                                                      04/08/2026  19:21:21  PAGE 2


SYMBOL TABLE OF MODULE:  .\Objects\main (?C_STARTUP)

  VALUE           TYPE          NAME
  ----------------------------------

  -------         MODULE        ?C_STARTUP
  C:00F4H         SEGMENT       ?C_C51STARTUP
  I:000FH         SEGMENT       ?STACK
  C:0000H         PUBLIC        ?C_STARTUP
  D:00E0H         SYMBOL        ACC
  D:00F0H         SYMBOL        B
  D:0083H         SYMBOL        DPH
  D:0082H         SYMBOL        DPL
  N:0000H         SYMBOL        IBPSTACK
  N:0100H         SYMBOL        IBPSTACKTOP
  N:0080H         SYMBOL        IDATALEN
  C:00F7H         SYMBOL        IDATALOOP
  N:0000H         SYMBOL        PBPSTACK
  N:0100H         SYMBOL        PBPSTACKTOP
  N:0000H         SYMBOL        PDATALEN
  N:0000H         SYMBOL        PDATASTART
  N:0000H         SYMBOL        PPAGE
  N:0000H         SYMBOL        PPAGEENABLE
  D:00A0H         SYMBOL        PPAGE_SFR
  D:0081H         SYMBOL        SP
  C:00F4H         SYMBOL        STARTUP1
  N:0000H         SYMBOL        XBPSTACK
  N:0000H         SYMBOL        XBPSTACKTOP
  N:0000H         SYMBOL        XDATALEN
  N:0000H         SYMBOL        XDATASTART
  C:0000H         LINE#         126
  C:00F4H         LINE#         133
  C:00F6H         LINE#         134
  C:00F7H         LINE#         135
  C:00F8H         LINE#         136
  C:00FAH         LINE#         185
  C:00FDH         LINE#         196
  -------         ENDMOD        ?C_STARTUP

  -------         MODULE        MAIN
  C:0000H         SYMBOL        _ICE_DUMMY_
  D:00A0H         PUBLIC        P2
  D:00B0H         PUBLIC        P3
  B:00A8H.7       PUBLIC        EA
  B:00A0H.0       PUBLIC        LED1
  B:00A0H.1       PUBLIC        LED2
  C:01ACH         PUBLIC        _delay
  C:0180H         PUBLIC        main
  B:00B0H.2       PUBLIC        IRIN
  C:0006H         PUBLIC        ReadIr
  D:0008H         PUBLIC        IrValue
  B:00A8H.0       PUBLIC        EX0
  B:0088H.0       PUBLIC        IT0
  C:01B7H         PUBLIC        IrInit
  D:000CH         PUBLIC        IrOK
  C:01A8H         SYMBOL        L?0039
  -------         PROC          L?0038
BL51 BANKED LINKER/LOCATER V6.22                                                      04/08/2026  19:21:21  PAGE 3


  -------         ENDPROC       L?0038
  C:01A8H         SYMBOL        L?0039
  -------         PROC          _DELAY
  D:0006H         SYMBOL        i
  C:01ACH         LINE#         15
  C:01ACH         LINE#         16
  C:01B6H         LINE#         17
  -------         ENDPROC       _DELAY
  -------         PROC          IRINIT
  C:01B7H         LINE#         20
  C:01B7H         LINE#         21
  C:01B9H         LINE#         22
  C:01BBH         LINE#         23
  C:01BDH         LINE#         24
  C:01BFH         LINE#         25
  -------         ENDPROC       IRINIT
  -------         PROC          MAIN
  C:0180H         LINE#         27
  C:0180H         LINE#         28
  C:0183H         LINE#         29
  C:0185H         LINE#         30
  C:0187H         LINE#         32
  C:0187H         LINE#         33
  C:018BH         LINE#         34
  C:018EH         LINE#         40
  C:019BH         LINE#         41
  C:019FH         LINE#         42
  C:01A3H         LINE#         43
  -------         ENDPROC       MAIN
  -------         PROC          READIR
  -------         DO            
  D:000DH         SYMBOL        j
  D:0005H         SYMBOL        k
  D:0002H         SYMBOL        err
  D:000EH         SYMBOL        time
  -------         ENDDO         
  C:0006H         LINE#         50
  C:001BH         LINE#         55
  C:0022H         LINE#         56
  C:0028H         LINE#         57
  C:002CH         LINE#         58
  C:0042H         LINE#         59
  C:0048H         LINE#         60
  C:004CH         LINE#         61
  C:0062H         LINE#         62
  C:0064H         LINE#         63
  C:0067H         LINE#         64
  C:006BH         LINE#         65
  C:0081H         LINE#         66
  C:0085H         LINE#         67
  C:0088H         LINE#         68
  C:0094H         LINE#         69
  C:009BH         LINE#         70
  C:00A2H         LINE#         71
  C:00ABH         LINE#         73
  C:00B7H         LINE#         74
  C:00C6H         LINE#         75
BL51 BANKED LINKER/LOCATER V6.22                                                      04/08/2026  19:21:21  PAGE 4


  C:00C9H         LINE#         76
  C:00D2H         LINE#         77
  C:00D8H         LINE#         78
  C:00D8H         LINE#         80
  C:00DEH         LINE#         81
  C:00E1H         LINE#         82
  C:00E1H         LINE#         83
  -------         ENDPROC       READIR
  -------         ENDMOD        MAIN

Program Size: data=16.0 xdata=0 code=452
LINK/LOCATE RUN COMPLETE.  0 WARNING(S),  0 ERROR(S)
