BL51 BANKED LINKER/LOCATER V6.22                                                        04/05/2026  16:18:31  PAGE 1


BL51 BANKED LINKER/LOCATER V6.22, INVOKED BY:
D:\KEIL_V5\C51\BIN\BL51.EXE .\Objects\STARTUP.obj, .\Objects\main.obj TO .\Objects\main PRINT (.\Listings\main.m51) RAMS
>> IZE (256)


MEMORY MODEL: SMALL


INPUT MODULES INCLUDED:
  .\Objects\STARTUP.obj (?C_STARTUP)
  .\Objects\main.obj (MAIN)
  D:\KEIL_V5\C51\LIB\C51S.LIB (?C_INIT)


LINK MAP OF MODULE:  .\Objects\main (?C_STARTUP)


            TYPE    BASE      LENGTH    RELOCATION   SEGMENT NAME
            -----------------------------------------------------

            * * * * * * *   D A T A   M E M O R Y   * * * * * * *
            REG     0000H     0008H     ABSOLUTE     "REG BANK 0"
            DATA    0008H     0004H     UNIT         ?DT?MAIN
                    000CH     0014H                  *** GAP ***
            BIT     0020H.0   0000H.1   UNIT         ?BI?MAIN
                    0020H.1   0000H.7                *** GAP ***
            IDATA   0021H     0001H     UNIT         ?STACK

            * * * * * * *   C O D E   M E M O R Y   * * * * * * *
            CODE    0000H     0003H     ABSOLUTE     
            CODE    0003H     0005H     UNIT         ?PR?MAIN?MAIN
                    0008H     0003H                  *** GAP ***
            CODE    000BH     0003H     ABSOLUTE     
            CODE    000EH     008CH     UNIT         ?C_C51STARTUP
            CODE    009AH     004FH     UNIT         ?PR?TIMER0_ROUTINE?MAIN
            CODE    00E9H     0013H     UNIT         ?PR?TIMER0_INIT?MAIN
            CODE    00FCH     000DH     UNIT         ?C_INITSEG



OVERLAY MAP OF MODULE:   .\Objects\main (?C_STARTUP)


SEGMENT
  +--> CALLED SEGMENT
---------------------
?C_C51STARTUP
  +--> ?PR?MAIN?MAIN
  +--> ?C_INITSEG

?PR?MAIN?MAIN
  +--> ?PR?TIMER0_INIT?MAIN



SYMBOL TABLE OF MODULE:  .\Objects\main (?C_STARTUP)

  VALUE           TYPE          NAME
BL51 BANKED LINKER/LOCATER V6.22                                                      04/05/2026  16:18:31  PAGE 2


  ----------------------------------

  -------         MODULE        ?C_STARTUP
  C:000EH         SEGMENT       ?C_C51STARTUP
  I:0021H         SEGMENT       ?STACK
  C:0000H         PUBLIC        ?C_STARTUP
  D:00E0H         SYMBOL        ACC
  D:00F0H         SYMBOL        B
  D:0083H         SYMBOL        DPH
  D:0082H         SYMBOL        DPL
  N:0000H         SYMBOL        IBPSTACK
  N:0100H         SYMBOL        IBPSTACKTOP
  N:0080H         SYMBOL        IDATALEN
  C:0011H         SYMBOL        IDATALOOP
  N:0000H         SYMBOL        PBPSTACK
  N:0100H         SYMBOL        PBPSTACKTOP
  N:0000H         SYMBOL        PDATALEN
  N:0000H         SYMBOL        PDATASTART
  N:0000H         SYMBOL        PPAGE
  N:0000H         SYMBOL        PPAGEENABLE
  D:00A0H         SYMBOL        PPAGE_SFR
  D:0081H         SYMBOL        SP
  C:000EH         SYMBOL        STARTUP1
  N:0000H         SYMBOL        XBPSTACK
  N:0000H         SYMBOL        XBPSTACKTOP
  N:0000H         SYMBOL        XDATALEN
  N:0000H         SYMBOL        XDATASTART
  C:0000H         LINE#         126
  C:000EH         LINE#         133
  C:0010H         LINE#         134
  C:0011H         LINE#         135
  C:0012H         LINE#         136
  C:0014H         LINE#         185
  C:0017H         LINE#         196
  -------         ENDMOD        ?C_STARTUP

  -------         MODULE        MAIN
  C:0000H         SYMBOL        _ICE_DUMMY_
  C:009AH         PUBLIC        Timer0_Routine
  D:00A0H         PUBLIC        P2
  B:00A8H.7       PUBLIC        EA
  C:0003H         PUBLIC        main
  B:0020H.0       PUBLIC        Direction
  C:00E9H         PUBLIC        Timer0_Init
  B:00A0H.1       PUBLIC        LED_D2
  D:0089H         PUBLIC        TMOD
  B:00A8H.1       PUBLIC        ET0
  D:0008H         PUBLIC        Target_Value
  D:008CH         PUBLIC        TH0
  D:008AH         PUBLIC        TL0
  B:0088H.4       PUBLIC        TR0
  D:0009H         PUBLIC        PWM_Count
  D:000AH         PUBLIC        Time_Count
  -------         PROC          TIMER0_INIT
  C:00E9H         LINE#         9
  C:00E9H         LINE#         10
  C:00EFH         LINE#         11
BL51 BANKED LINKER/LOCATER V6.22                                                      04/05/2026  16:18:31  PAGE 3


  C:00F5H         LINE#         12
  C:00FBH         LINE#         13
  -------         ENDPROC       TIMER0_INIT
  -------         PROC          TIMER0_ROUTINE
  C:009AH         LINE#         15
  C:009EH         LINE#         16
  C:00A4H         LINE#         19
  C:00A6H         LINE#         20
  C:00B1H         LINE#         21
  C:00B3H         LINE#         24
  C:00BBH         LINE#         25
  C:00C4H         LINE#         26
  C:00CAH         LINE#         28
  C:00CDH         LINE#         29
  C:00CFH         LINE#         30
  C:00D7H         LINE#         31
  C:00D9H         LINE#         32
  C:00D9H         LINE#         33
  C:00DBH         LINE#         34
  C:00E4H         LINE#         35
  C:00E4H         LINE#         36
  C:00E4H         LINE#         37
  -------         ENDPROC       TIMER0_ROUTINE
  -------         PROC          MAIN
  C:0003H         LINE#         39
  C:0003H         LINE#         43
  C:0006H         LINE#         44
  C:0006H         LINE#         47
  -------         ENDPROC       MAIN
  -------         ENDMOD        MAIN

Program Size: data=13.1 xdata=0 code=262
LINK/LOCATE RUN COMPLETE.  0 WARNING(S),  0 ERROR(S)
