BL51 BANKED LINKER/LOCATER V6.22                                                        07/30/2025  20:50:48  PAGE 1


BL51 BANKED LINKER/LOCATER V6.22, INVOKED BY:
C:\KEIL_V5\C51\BIN\BL51.EXE .\Objects\project.obj TO .\Objects\project PRINT (.\Listings\project.m51) RAMSIZE (256)


MEMORY MODEL: SMALL


INPUT MODULES INCLUDED:
  .\Objects\project.obj (PROJECT)
  C:\KEIL_V5\C51\LIB\C51S.LIB (?C_STARTUP)


LINK MAP OF MODULE:  .\Objects\project (PROJECT)


            TYPE    BASE      LENGTH    RELOCATION   SEGMENT NAME
            -----------------------------------------------------

            * * * * * * *   D A T A   M E M O R Y   * * * * * * *
            REG     0000H     0008H     ABSOLUTE     "REG BANK 0"
            IDATA   0008H     0001H     UNIT         ?STACK

            * * * * * * *   C O D E   M E M O R Y   * * * * * * *
            CODE    0000H     0003H     ABSOLUTE     
            CODE    0003H     000CH     UNIT         ?C_C51STARTUP
            CODE    000FH     0004H     UNIT         ?PR?MAIN?PROJECT



OVERLAY MAP OF MODULE:   .\Objects\project (PROJECT)


SEGMENT
  +--> CALLED SEGMENT
---------------------
?C_C51STARTUP
  +--> ?PR?MAIN?PROJECT



SYMBOL TABLE OF MODULE:  .\Objects\project (PROJECT)

  VALUE           TYPE          NAME
  ----------------------------------

  -------         MODULE        PROJECT
  C:0000H         SYMBOL        _ICE_DUMMY_
  D:00A0H         PUBLIC        P2
  C:000FH         PUBLIC        main
  -------         PROC          MAIN
  C:000FH         LINE#         2
  C:000FH         LINE#         3
  C:000FH         LINE#         4
  C:0012H         LINE#         5
  -------         ENDPROC       MAIN
  -------         ENDMOD        PROJECT

Program Size: data=9.0 xdata=0 code=19
BL51 BANKED LINKER/LOCATER V6.22                                                      07/30/2025  20:50:48  PAGE 2


LINK/LOCATE RUN COMPLETE.  0 WARNING(S),  0 ERROR(S)
