BL51 BANKED LINKER/LOCATER V6.22                                                        03/31/2026  22:06:55  PAGE 1


BL51 BANKED LINKER/LOCATER V6.22, INVOKED BY:
C:\KEIL_V5\C51\BIN\BL51.EXE .\Objects\STARTUP.obj, .\Objects\main.obj TO .\Objects\main PRINT (.\Listings\main.m51) RAMS
>> IZE (256)


MEMORY MODEL: SMALL


INPUT MODULES INCLUDED:
  .\Objects\STARTUP.obj (?C_STARTUP)
  .\Objects\main.obj (MAIN)
  C:\KEIL_V5\C51\LIB\C51S.LIB (?C_INIT)


LINK MAP OF MODULE:  .\Objects\main (?C_STARTUP)


            TYPE    BASE      LENGTH    RELOCATION   SEGMENT NAME
            -----------------------------------------------------

            * * * * * * *   D A T A   M E M O R Y   * * * * * * *
            REG     0000H     0008H     ABSOLUTE     "REG BANK 0"
            DATA    0008H     0002H     UNIT         ?DT?MAIN
            DATA    000AH     0002H     UNIT         _DATA_GROUP_
            IDATA   000CH     0001H     UNIT         ?STACK

            * * * * * * *   C O D E   M E M O R Y   * * * * * * *
            CODE    0000H     0003H     ABSOLUTE     
            CODE    0003H     0007H     UNIT         ?C_INITSEG
                    000AH     0001H                  *** GAP ***
            CODE    000BH     0003H     ABSOLUTE     
            CODE    000EH     008CH     UNIT         ?C_C51STARTUP
            CODE    009AH     0030H     UNIT         ?PR?_READ_AD?MAIN
            CODE    00CAH     0023H     UNIT         ?PR?MAIN?MAIN
            CODE    00EDH     001EH     UNIT         ?PR?TIMER0_ROUTINE?MAIN
            CODE    010BH     0013H     UNIT         ?PR?TIMER0_INIT?MAIN



OVERLAY MAP OF MODULE:   .\Objects\main (?C_STARTUP)


SEGMENT                           DATA_GROUP 
  +--> CALLED SEGMENT           START    LENGTH
-----------------------------------------------
?C_C51STARTUP                   -----    -----
  +--> ?PR?MAIN?MAIN
  +--> ?C_INITSEG

?PR?MAIN?MAIN                   000AH    0002H
  +--> ?PR?TIMER0_INIT?MAIN
  +--> ?PR?_READ_AD?MAIN



SYMBOL TABLE OF MODULE:  .\Objects\main (?C_STARTUP)

  VALUE           TYPE          NAME
BL51 BANKED LINKER/LOCATER V6.22                                                      03/31/2026  22:06:55  PAGE 2


  ----------------------------------

  -------         MODULE        ?C_STARTUP
  C:000EH         SEGMENT       ?C_C51STARTUP
  I:000CH         SEGMENT       ?STACK
  C:0000H         PUBLIC        ?C_STARTUP
  D:00E0H         SYMBOL        ACC
  D:00F0H         SYMBOL        B
  D:0083H         SYMBOL        DPH
  D:0082H         SYMBOL        DPL
  N:0000H         SYMBOL        IBPSTACK
  N:0100H         SYMBOL        IBPSTACKTOP
  N:0080H         SYMBOL        IDATALEN
  C:0011H         SYMBOL        IDATALOOP
  N:0000H         SYMBOL        PBPSTACK
  N:0100H         SYMBOL        PBPSTACKTOP
  N:0000H         SYMBOL        PDATALEN
  N:0000H         SYMBOL        PDATASTART
  N:0000H         SYMBOL        PPAGE
  N:0000H         SYMBOL        PPAGEENABLE
  D:00A0H         SYMBOL        PPAGE_SFR
  D:0081H         SYMBOL        SP
  C:000EH         SYMBOL        STARTUP1
  N:0000H         SYMBOL        XBPSTACK
  N:0000H         SYMBOL        XBPSTACKTOP
  N:0000H         SYMBOL        XDATALEN
  N:0000H         SYMBOL        XDATASTART
  C:0000H         LINE#         126
  C:000EH         LINE#         133
  C:0010H         LINE#         134
  C:0011H         LINE#         135
  C:0012H         LINE#         136
  C:0014H         LINE#         185
  C:0017H         LINE#         196
  -------         ENDMOD        ?C_STARTUP

  -------         MODULE        MAIN
  C:0000H         SYMBOL        _ICE_DUMMY_
  C:00EDH         PUBLIC        Timer0_Routine
  D:00A0H         PUBLIC        P2
  D:00B0H         PUBLIC        P3
  B:00A8H.7       PUBLIC        EA
  B:00B0H.7       PUBLIC        AD_DOUT
  C:00CAH         PUBLIC        main
  C:010BH         PUBLIC        Timer0_Init
  D:0089H         PUBLIC        TMOD
  B:00B0H.6       PUBLIC        AD_CLK
  B:00B0H.4       PUBLIC        AD_DIN
  B:00A8H.1       PUBLIC        ET0
  D:008CH         PUBLIC        TH0
  D:008AH         PUBLIC        TL0
  B:0088H.4       PUBLIC        TR0
  B:00A0H.1       PUBLIC        DA_OUT
  D:0008H         PUBLIC        PWM_Count
  C:009AH         PUBLIC        _Read_AD
  D:0009H         PUBLIC        DA_Value
  B:00B0H.5       PUBLIC        AD_CS
BL51 BANKED LINKER/LOCATER V6.22                                                      03/31/2026  22:06:55  PAGE 3


  -------         PROC          TIMER0_INIT
  C:010BH         LINE#         16
  C:010BH         LINE#         17
  C:010EH         LINE#         18
  C:0111H         LINE#         19
  C:0114H         LINE#         20
  C:0117H         LINE#         21
  C:0119H         LINE#         22
  C:011BH         LINE#         23
  C:011DH         LINE#         24
  -------         ENDPROC       TIMER0_INIT
  -------         PROC          TIMER0_ROUTINE
  C:00EDH         LINE#         27
  C:00F1H         LINE#         28
  C:00F4H         LINE#         29
  C:00F7H         LINE#         31
  C:00F9H         LINE#         34
  C:0100H         LINE#         35
  C:0102H         LINE#         36
  C:0104H         LINE#         37
  C:0106H         LINE#         38
  C:0106H         LINE#         39
  -------         ENDPROC       TIMER0_ROUTINE
  -------         PROC          _READ_AD
  D:0007H         SYMBOL        cmd
  -------         DO            
  D:0005H         SYMBOL        i
  D:0006H         SYMBOL        dat
  -------         ENDDO         
  C:009AH         LINE#         42
  C:009AH         LINE#         43
  C:009CH         LINE#         44
  C:009EH         LINE#         45
  C:00A0H         LINE#         48
  C:00A1H         LINE#         49
  C:00A5H         LINE#         50
  C:00A9H         LINE#         51
  C:00ADH         LINE#         52
  C:00B1H         LINE#         55
  C:00B3H         LINE#         56
  C:00B5H         LINE#         57
  C:00B9H         LINE#         58
  C:00BFH         LINE#         59
  C:00C1H         LINE#         60
  C:00C5H         LINE#         61
  C:00C7H         LINE#         62
  C:00C9H         LINE#         63
  -------         ENDPROC       _READ_AD
  -------         PROC          MAIN
  -------         DO            
  D:000AH         SYMBOL        i
  -------         ENDDO         
  C:00CAH         LINE#         66
  C:00CAH         LINE#         67
  C:00CDH         LINE#         69
  C:00CDH         LINE#         72
  C:00D8H         LINE#         75
BL51 BANKED LINKER/LOCATER V6.22                                                      03/31/2026  22:06:55  PAGE 4


  -------         ENDPROC       MAIN
  -------         ENDMOD        MAIN

Program Size: data=13.0 xdata=0 code=285
LINK/LOCATE RUN COMPLETE.  0 WARNING(S),  0 ERROR(S)
