C51 COMPILER V9.54   MAIN                                                                  03/31/2026 22:06:55 PAGE 1   


C51 COMPILER V9.54, COMPILATION OF MODULE MAIN
OBJECT MODULE PLACED IN .\Objects\main.obj
COMPILER INVOKED BY: C:\Keil_v5\C51\BIN\C51.EXE main.c OPTIMIZE(8,SPEED) BROWSE DEBUG OBJECTEXTEND PRINT(.\Listings\main
                    -.lst) TABS(2) OBJECT(.\Objects\main.obj)

line level    source

   1          #include <REGX52.H>
   2          
   3          // --- 引脚定义 (对照 A2 原理图) ---
   4          sbit AD_CS  = P3^5; 
   5          sbit AD_CLK = P3^6;
   6          sbit AD_DIN = P3^4;
   7          sbit AD_DOUT= P3^7;
   8          
   9          sbit DA_OUT = P2^1; // DAC 模块输入引脚 (PWM输入口)
  10          
  11          // --- 全局变量 ---
  12          unsigned char DA_Value = 0;  // 目标占空比 (0-255)
  13          unsigned char PWM_Count = 0; // PWM 累加计数器
  14          
  15          // --- 1. 定时器0初始化：产生高频 PWM (约10kHz) ---
  16          void Timer0_Init() {
  17   1          TMOD &= 0xF0; // 清高4位
  18   1          TMOD |= 0x01; // 16位定时器模式
  19   1          TH0 = 0xFF;   // 赋初值，中断频率要高，保证电压平滑
  20   1          TL0 = 0xA4; 
  21   1          ET0 = 1;      // 开启定时器0中断
  22   1          EA  = 1;      // 开启总中断
  23   1          TR0 = 1;      // 启动定时器
  24   1      }
  25          
  26          // --- 2. 定时器中断服务：实现 PWM 逻辑 ---
  27          void Timer0_Routine() interrupt 1 {
  28   1          TH0 = 0xFF; 
  29   1          TL0 = 0xA4; 
  30   1          
  31   1          PWM_Count++; // 每次中断加1，到255后自动溢出回到0
  32   1          
  33   1          // 核心比较逻辑
  34   1          if(PWM_Count < DA_Value) {
  35   2              DA_OUT = 1; // 在占空比范围内，输出高电平
  36   2          } else {
  37   2              DA_OUT = 0; // 超出范围，输出低电平
  38   2          }
  39   1      }
  40          
  41          // --- 3. XPT2046 读取函数 (8位模式) ---
  42          unsigned char Read_AD(unsigned char cmd) {
  43   1          unsigned char i, dat = 0;
  44   1          AD_CLK = 0;
  45   1          AD_CS  = 0; 
  46   1      
  47   1          // 发送命令
  48   1          for(i=0; i<8; i++) {
  49   2              AD_DIN = cmd & 0x80;
  50   2              cmd <<= 1;
  51   2              AD_CLK = 1; AD_CLK = 0; 
  52   2          }
  53   1      
  54   1          // 读取结果
C51 COMPILER V9.54   MAIN                                                                  03/31/2026 22:06:55 PAGE 2   

  55   1          for(i=0; i<8; i++) {
  56   2              AD_CLK = 1;
  57   2              dat <<= 1;
  58   2              if(AD_DOUT) dat |= 0x01;
  59   2              AD_CLK = 0;
  60   2          }
  61   1          AD_CS = 1; 
  62   1          return dat;
  63   1      }
  64          
  65          // --- 4. 主程序 ---
  66          void main() {
  67   1          Timer0_Init(); // 启动 PWM 引擎
  68   1          
  69   1          while(1) {
  70   2              // 读取 AIN0 通道 (电位器)
  71   2              // 将感应到的 0-255 数字量直接传给 DAC 输出变量
  72   2              DA_Value = 255-Read_AD(0x94); 
  73   2              
  74   2              // 适当延时，保证 ADC 采样电容稳定
  75   2              {unsigned int i=500; while(i--);}
  76   2          }
  77   1      }


MODULE INFORMATION:   STATIC OVERLAYABLE
   CODE SIZE        =    132    ----
   CONSTANT SIZE    =   ----    ----
   XDATA SIZE       =   ----    ----
   PDATA SIZE       =   ----    ----
   DATA SIZE        =      2       2
   IDATA SIZE       =   ----    ----
   BIT SIZE         =   ----    ----
END OF MODULE INFORMATION.


C51 COMPILATION COMPLETE.  0 WARNING(S),  0 ERROR(S)
