BL51 BANKED LINKER/LOCATER V6.22                                                        08/15/2025  09:59:47  PAGE 1


BL51 BANKED LINKER/LOCATER V6.22, INVOKED BY:
C:\KEIL_V5\C51\BIN\BL51.EXE .\Objects\project.obj TO .\Objects\main PRINT (.\Listings\main.m51) RAMSIZE (256)


MEMORY MODEL: SMALL


INPUT MODULES INCLUDED:
  .\Objects\project.obj (PROJECT)
  C:\KEIL_V5\C51\LIB\C51S.LIB (?C_STARTUP)


LINK MAP OF MODULE:  .\Objects\main (PROJECT)


            TYPE    BASE      LENGTH    RELOCATION   SEGMENT NAME
            -----------------------------------------------------

            * * * * * * *   D A T A   M E M O R Y   * * * * * * *
            REG     0000H     0008H     ABSOLUTE     "REG BANK 0"
            IDATA   0008H     0001H     UNIT         ?STACK

            * * * * * * *   C O D E   M E M O R Y   * * * * * * *
            CODE    0000H     0003H     ABSOLUTE     
            CODE    0003H     0014H     UNIT         ?PR?_DELAY?PROJECT
            CODE    0017H     000CH     UNIT         ?C_C51STARTUP
            CODE    0023H     000AH     UNIT         ?PR?MAIN?PROJECT



OVERLAY MAP OF MODULE:   .\Objects\main (PROJECT)


SEGMENT
  +--> CALLED SEGMENT
---------------------
?C_C51STARTUP
  +--> ?PR?MAIN?PROJECT



SYMBOL TABLE OF MODULE:  .\Objects\main (PROJECT)

  VALUE           TYPE          NAME
  ----------------------------------

  -------         MODULE        PROJECT
  C:0000H         SYMBOL        _ICE_DUMMY_
  B:00A0H.0       PUBLIC        P2_0
  B:00B0H.1       PUBLIC        P3_1
  C:0023H         PUBLIC        main
  C:0003H         PUBLIC        _Delay
  -------         PROC          _DELAY
  D:0006H         SYMBOL        xms
  -------         DO            
  D:0005H         SYMBOL        i
  D:0004H         SYMBOL        j
  -------         ENDDO         
BL51 BANKED LINKER/LOCATER V6.22                                                      08/15/2025  09:59:47  PAGE 2


  C:0003H         LINE#         2
  C:0003H         LINE#         3
  C:0003H         LINE#         5
  C:0007H         LINE#         6
  C:0007H         LINE#         7
  C:0009H         LINE#         8
  C:000BH         LINE#         10
  C:000BH         LINE#         11
  C:000DH         LINE#         12
  C:000FH         LINE#         13
  C:0014H         LINE#         14
  C:0016H         LINE#         15
  -------         ENDPROC       _DELAY
  -------         PROC          MAIN
  C:0023H         LINE#         17
  C:0023H         LINE#         18
  C:0023H         LINE#         19
  C:0023H         LINE#         20
  C:0023H         LINE#         21
  C:0026H         LINE#         22
  C:0026H         LINE#         24
  C:0029H         LINE#         27
  C:002BH         LINE#         28
  C:002BH         LINE#         29
  -------         ENDPROC       MAIN
  -------         ENDMOD        PROJECT

*** WARNING L16: UNCALLED SEGMENT, IGNORED FOR OVERLAY PROCESS
    SEGMENT: ?PR?_DELAY?PROJECT

Program Size: data=9.0 xdata=0 code=45
LINK/LOCATE RUN COMPLETE.  1 WARNING(S),  0 ERROR(S)
