C51 COMPILER V9.54   PROJECT                                                               08/15/2025 09:59:47 PAGE 1   


C51 COMPILER V9.54, COMPILATION OF MODULE PROJECT
OBJECT MODULE PLACED IN .\Objects\project.obj
COMPILER INVOKED BY: C:\Keil_v5\C51\BIN\C51.EXE project.c OPTIMIZE(8,SPEED) BROWSE DEBUG OBJECTEXTEND PRINT(.\Listings\p
                    -roject.lst) TABS(2) OBJECT(.\Objects\project.obj)

line level    source

   1          #include <REGX52.H>
   2          void Delay(unsigned int xms)  //@12.000MHz
   3          {
   4   1        unsigned char data i, j;
   5   1        while(xms)
   6   1        {
   7   2            i = 2;
   8   2            j = 239;
   9   2            do
  10   2            {
  11   3              while (--j);
  12   3            } while (--i);
  13   2            xms--;
  14   2        }
  15   1      }
  16          
  17          void main()
  18          {
  19   1        while(1)
  20   1        {
  21   2          if(P3_1==0)
  22   2          {
  23   3            //Delay(20);
  24   3            while(P3_1==0);
  25   3            //Delay(20);
  26   3            
  27   3            P2_0=~P2_0;
  28   3          }
  29   2        }
  30   1      }


MODULE INFORMATION:   STATIC OVERLAYABLE
   CODE SIZE        =     30    ----
   CONSTANT SIZE    =   ----    ----
   XDATA SIZE       =   ----    ----
   PDATA SIZE       =   ----    ----
   DATA SIZE        =   ----    ----
   IDATA SIZE       =   ----    ----
   BIT SIZE         =   ----    ----
END OF MODULE INFORMATION.


C51 COMPILATION COMPLETE.  0 WARNING(S),  0 ERROR(S)
