BL51 BANKED LINKER/LOCATER V6.22                                                        03/24/2026  20:50:14  PAGE 1


BL51 BANKED LINKER/LOCATER V6.22, INVOKED BY:
C:\KEIL_V5\C51\BIN\BL51.EXE .\Objects\STARTUP.obj, .\Objects\main.obj TO .\Objects\main PRINT (.\Listings\main.m51) RAMS
>> IZE (256)


MEMORY MODEL: SMALL


INPUT MODULES INCLUDED:
  .\Objects\STARTUP.obj (?C_STARTUP)
  .\Objects\main.obj (MAIN)
  C:\KEIL_V5\C51\LIB\C51S.LIB (?C_INIT)


LINK MAP OF MODULE:  .\Objects\main (?C_STARTUP)


            TYPE    BASE      LENGTH    RELOCATION   SEGMENT NAME
            -----------------------------------------------------

            * * * * * * *   D A T A   M E M O R Y   * * * * * * *
            REG     0000H     0008H     ABSOLUTE     "REG BANK 0"
            DATA    0008H     0005H     UNIT         ?DT?MAIN
            IDATA   000DH     0001H     UNIT         ?STACK

            * * * * * * *   C O D E   M E M O R Y   * * * * * * *
            CODE    0000H     0003H     ABSOLUTE     
            CODE    0003H     0005H     UNIT         ?PR?MAIN?MAIN
                    0008H     0003H                  *** GAP ***
            CODE    000BH     0003H     ABSOLUTE     
            CODE    000EH     008CH     UNIT         ?C_C51STARTUP
            CODE    009AH     0063H     UNIT         ?PR?TIMER0_ROUTINE?MAIN
            CODE    00FDH     0013H     UNIT         ?PR?TIMER0_INIT?MAIN
            CODE    0110H     000EH     UNIT         ?C_INITSEG



OVERLAY MAP OF MODULE:   .\Objects\main (?C_STARTUP)


SEGMENT
  +--> CALLED SEGMENT
---------------------
?C_C51STARTUP
  +--> ?PR?MAIN?MAIN
  +--> ?C_INITSEG

?PR?MAIN?MAIN
  +--> ?PR?TIMER0_INIT?MAIN



SYMBOL TABLE OF MODULE:  .\Objects\main (?C_STARTUP)

  VALUE           TYPE          NAME
  ----------------------------------

  -------         MODULE        ?C_STARTUP
BL51 BANKED LINKER/LOCATER V6.22                                                      03/24/2026  20:50:14  PAGE 2


  C:000EH         SEGMENT       ?C_C51STARTUP
  I:000DH         SEGMENT       ?STACK
  C:0000H         PUBLIC        ?C_STARTUP
  D:00E0H         SYMBOL        ACC
  D:00F0H         SYMBOL        B
  D:0083H         SYMBOL        DPH
  D:0082H         SYMBOL        DPL
  N:0000H         SYMBOL        IBPSTACK
  N:0100H         SYMBOL        IBPSTACKTOP
  N:0080H         SYMBOL        IDATALEN
  C:0011H         SYMBOL        IDATALOOP
  N:0000H         SYMBOL        PBPSTACK
  N:0100H         SYMBOL        PBPSTACKTOP
  N:0000H         SYMBOL        PDATALEN
  N:0000H         SYMBOL        PDATASTART
  N:0000H         SYMBOL        PPAGE
  N:0000H         SYMBOL        PPAGEENABLE
  D:00A0H         SYMBOL        PPAGE_SFR
  D:0081H         SYMBOL        SP
  C:000EH         SYMBOL        STARTUP1
  N:0000H         SYMBOL        XBPSTACK
  N:0000H         SYMBOL        XBPSTACKTOP
  N:0000H         SYMBOL        XDATALEN
  N:0000H         SYMBOL        XDATASTART
  C:0000H         LINE#         126
  C:000EH         LINE#         133
  C:0010H         LINE#         134
  C:0011H         LINE#         135
  C:0012H         LINE#         136
  C:0014H         LINE#         185
  C:0017H         LINE#         196
  -------         ENDMOD        ?C_STARTUP

  -------         MODULE        MAIN
  C:0000H         SYMBOL        _ICE_DUMMY_
  C:009AH         PUBLIC        Timer0_Routine
  B:00A8H.7       PUBLIC        EA
  D:0008H         PUBLIC        T0Count
  B:00A0H.0       PUBLIC        P2_0
  B:00B0H.1       PUBLIC        P3_1
  C:0003H         PUBLIC        main
  C:00FDH         PUBLIC        Timer0_Init
  D:0089H         PUBLIC        TMOD
  B:00A8H.1       PUBLIC        ET0
  D:0009H         PUBLIC        Compare
  D:008CH         PUBLIC        TH0
  D:008AH         PUBLIC        TL0
  B:0088H.4       PUBLIC        TR0
  D:000AH         SYMBOL        key_count
  D:000CH         SYMBOL        last_key
  -------         PROC          TIMER0_INIT
  C:00FDH         LINE#         7
  C:00FDH         LINE#         8
  C:00FDH         LINE#         9
  C:0100H         LINE#         10
  C:0103H         LINE#         11
  C:0106H         LINE#         12
BL51 BANKED LINKER/LOCATER V6.22                                                      03/24/2026  20:50:14  PAGE 3


  C:0109H         LINE#         13
  C:010BH         LINE#         14
  C:010DH         LINE#         15
  C:010FH         LINE#         16
  -------         ENDPROC       TIMER0_INIT
  -------         PROC          TIMER0_ROUTINE
  -------         DO            
  D:0007H         SYMBOL        current_key
  -------         ENDDO         
  C:009AH         LINE#         18
  C:00A3H         LINE#         21
  C:00A6H         LINE#         22
  C:00A9H         LINE#         25
  C:00ABH         LINE#         26
  C:00B5H         LINE#         28
  C:00C0H         LINE#         29
  C:00C2H         LINE#         34
  C:00CAH         LINE#         35
  C:00D3H         LINE#         36
  C:00D3H         LINE#         37
  C:00D9H         LINE#         38
  C:00DEH         LINE#         40
  C:00E6H         LINE#         41
  C:00E6H         LINE#         42
  C:00ECH         LINE#         43
  C:00F4H         LINE#         44
  C:00F4H         LINE#         45
  C:00F6H         LINE#         46
  C:00F6H         LINE#         47
  -------         ENDPROC       TIMER0_ROUTINE
  -------         PROC          MAIN
  C:0003H         LINE#         49
  C:0003H         LINE#         50
  C:0003H         LINE#         51
  C:0006H         LINE#         52
  C:0006H         LINE#         53
  C:0006H         LINE#         56
  -------         ENDPROC       MAIN
  -------         ENDMOD        MAIN

Program Size: data=14.0 xdata=0 code=283
LINK/LOCATE RUN COMPLETE.  0 WARNING(S),  0 ERROR(S)
