C51 COMPILER V9.54   MAIN                                                                  04/04/2026 16:16:43 PAGE 1   


C51 COMPILER V9.54, COMPILATION OF MODULE MAIN
OBJECT MODULE PLACED IN .\Objects\main.obj
COMPILER INVOKED BY: D:\Keil_v5\C51\BIN\C51.EXE main.c OPTIMIZE(8,SPEED) BROWSE DEBUG OBJECTEXTEND PRINT(.\Listings\main
                    -.lst) TABS(2) OBJECT(.\Objects\main.obj)

line level    source

   1          //#include <REGX52.H>
   2          
   3          //// 根据 A2 开发板原理图确认引脚，是 P2^1, P2^0 
   4          //sbit I2C_SCL = P2^0;
   5          //sbit I2C_SDA = P2^1;
   6          
   7          ///**
   8          //  * @brief  I2C起始信号
   9          //  */
  10          //void I2C_Start(void) {
  11          //    I2C_SDA = 1;
  12          //    I2C_SCL = 1; // 确保都在高位
  13          //    I2C_SDA = 0; // SCL高时，SDA由高变低
  14          //    I2C_SCL = 0;
  15          //}
  16          
  17          ///**
  18          //  * @brief  I2C停止信号
  19          //  */
  20          //void I2C_Stop(void) {
  21          //    I2C_SDA = 0;
  22          //    I2C_SCL = 1;
  23          //    I2C_SDA = 1; // SCL高时，SDA由低变高
  24          //}
  25          
  26          ///**
  27          //  * @brief  I2C发送一个字节
  28          //  */
  29          //void I2C_SendByte(unsigned char Byte) {
  30          //    unsigned char i;
  31          //    for(i=0; i<8; i++) {
  32          //        I2C_SDA = Byte & (0x80 >> i); // 从最高位开始放数据
  33          //        I2C_SCL = 1; // 释放时钟，让对方读
  34          //        I2C_SCL = 0; // 拉低时钟，准备放下一位
  35          //    }
  36          //}
  37          
  38          ///**
  39          //  * @brief  I2C接收一个字节
  40          //  */
  41          //unsigned char I2C_ReceiveByte(void) {
  42          //    unsigned char i, Byte = 0x00;
  43          //    I2C_SDA = 1; // 释放总线，准备接收
  44          //    for(i=0; i<8; i++) {
  45          //        I2C_SCL = 1;
  46          //        if(I2C_SDA) Byte |= (0x80 >> i);
  47          //        I2C_SCL = 0;
  48          //    }
  49          //    return Byte;
  50          //}
  51          
  52          ///**
  53          //  * @brief  I2C接收应答 (ACK)
  54          //  */
C51 COMPILER V9.54   MAIN                                                                  04/04/2026 16:16:43 PAGE 2   

  55          //void I2C_SendAck(unsigned char AckBit) {
  56          //    I2C_SDA = AckBit;
  57          //    I2C_SCL = 1;
  58          //    I2C_SCL = 0;
  59          //}
  60          
  61          //#define AT24C02_ADDR 0xA0  // 芯片地址
  62          
  63          ///**
  64          //  * @brief  向存储器写一个数据
  65          //  * @param  WordAddress 要存的位置 (0-255)
  66          //  * @param  Data 要存的数值
  67          //  */
  68          //void AT24C02_WriteByte(unsigned char WordAddress, unsigned char Data) {
  69          //    I2C_Start();
  70          //    I2C_SendByte(AT24C02_ADDR);      // 找芯片
  71          //    I2C_SendByte(WordAddress);       // 找地址
  72          //    I2C_SendByte(Data);              // 写数据
  73          //    I2C_Stop();
  74          //    // 关键！硬件写入需要时间，必须延时约 5ms
  75          //    {unsigned int i=1000; while(i--);} 
  76          //}
  77          
  78          ///**
  79          //  * @brief  从存储器读一个数据
  80          //  */
  81          //unsigned char AT24C02_ReadByte(unsigned char WordAddress) {
  82          //    unsigned char Data;
  83          //    I2C_Start();
  84          //    I2C_SendByte(AT24C02_ADDR);      // 找芯片（写模式）
  85          //    I2C_SendByte(WordAddress);       // 找地址
  86          //    I2C_Start();                     // 重启总线
  87          //    I2C_SendByte(AT24C02_ADDR | 0x01); // 切换为读模式
  88          //    Data = I2C_ReceiveByte();        // 拿数据
  89          //    I2C_SendAck(1);                  // 发送非应答信号
  90          //    I2C_Stop();
  91          //    return Data;
  92          //}
  93          #include <REGX52.H>
  94          #include <stdio.h>
  95          
  96          // --- 引脚定义 ---
  97          // ADC/DAC 引脚 (周三)
  98          sbit AD_CS  = P3^5; 
  99          sbit AD_CLK = P3^6;
 100          sbit AD_DIN = P3^4;
 101          sbit AD_DOUT= P3^7;
 102          sbit DA_OUT = P2^1; 
 103          
 104          // I2C/EEPROM 引脚 (周四)
 105          sbit I2C_SCL = P2^0;
 106          sbit I2C_SDA = P2^1;
 107          
 108          // 按键引脚 (用于修改目标值)
 109          sbit K1 = P3^1; // 加
 110          sbit K2 = P3^0; // 减
 111          
 112          // --- 全局变量 ---
 113          unsigned char DA_Value = 0;    
 114          unsigned char PWM_Count = 0; 
 115          unsigned char Target_Value;     // 目标值（将从EEPROM读取）
 116          unsigned char Dead_Zone = 8;    
C51 COMPILER V9.54   MAIN                                                                  04/04/2026 16:16:43 PAGE 3   

 117          
 118          // ================== I2C & AT24C02 驱动 (存储) ==================
 119          
 120          void I2C_Start() { I2C_SDA=1; I2C_SCL=1; I2C_SDA=0; I2C_SCL=0; }
 121          void I2C_Stop()  { I2C_SDA=0; I2C_SCL=1; I2C_SDA=1; }
 122          void I2C_SendByte(unsigned char Byte) {
 123   1          unsigned char i;
 124   1          for(i=0; i<8; i++) { I2C_SDA=Byte&(0x80>>i); I2C_SCL=1; I2C_SCL=0; }
 125   1          I2C_SCL=1; I2C_SCL=0; // 简化的应答处理
 126   1      }
 127          unsigned char I2C_ReceiveByte() {
 128   1          unsigned char i, Byte=0; I2C_SDA=1;
 129   1          for(i=0; i<8; i++) { I2C_SCL=1; if(I2C_SDA) Byte|=(0x80>>i); I2C_SCL=0; }
 130   1          return Byte;
 131   1      }
 132          
 133          void Save_Target(unsigned char val) {
 134   1          I2C_Start(); I2C_SendByte(0xA0); I2C_SendByte(0x01); // 存在地址0x01
 135   1          I2C_SendByte(val); I2C_Stop();
 136   1          {unsigned int i=1000; while(i--);} // 等待5ms写入完成
 137   1      }
 138          
 139          unsigned char Load_Target() {
 140   1          unsigned char val;
 141   1          I2C_Start(); I2C_SendByte(0xA0); I2C_SendByte(0x01);
 142   1          I2C_Start(); I2C_SendByte(0xA1); val=I2C_ReceiveByte();
 143   1          I2C_SCL=1; I2C_SCL=0; I2C_Stop();
 144   1          return val;
 145   1      }
 146          
 147          // ================== ADC & PWM 驱动 (感知与执行) ==================
 148          
 149          unsigned char Read_AD(unsigned char cmd) {
 150   1          unsigned char i, dat=0; AD_CLK=0; AD_CS=0;
 151   1          for(i=0; i<8; i++) { AD_DIN=cmd&0x80; cmd<<=1; AD_CLK=1; AD_CLK=0; }
 152   1          for(i=0; i<8; i++) { AD_CLK=1; dat<<=1; if(AD_DOUT) dat|=1; AD_CLK=0; }
 153   1          AD_CS=1; return dat;
 154   1      }
 155          
 156          void Timer0_Init() { TMOD|=0x01; TH0=0xFF; TL0=0xA4; ET0=1; EA=1; TR0=1; }
 157          void Timer0_Routine() interrupt 1 {
 158   1          TH0=0xFF; TL0=0xA4; PWM_Count++;
 159   1          if(PWM_Count < DA_Value) DA_OUT=1; else DA_OUT=0;
 160   1      }
 161          
 162          // ================== 主程序 (系统逻辑) ==================
 163          
 164          void main() {
 165   1          unsigned char current_val;
 166   1          Timer0_Init();
 167   1          
 168   1          // 【周四新增】：开机第一件事，读取记忆
 169   1          Target_Value = Load_Target();
 170   1          if(Target_Value == 0xFF || Target_Value == 0) Target_Value = 128; // 第一次运行赋予默认值
 171   1      
 172   1          while(1) {
 173   2              current_val = Read_AD(0x94); // 获取当前值
 174   2      
 175   2              // 【周四新增】：按键修改目标并保存
 176   2              if(K1 == 0) { // 按下K1增加目标
 177   3                  while(K1==0); // 消抖
 178   3                  if(Target_Value < 240) Target_Value += 10;
C51 COMPILER V9.54   MAIN                                                                  04/04/2026 16:16:43 PAGE 4   

 179   3                  Save_Target(Target_Value); // 存入“硬盘”
 180   3              }
 181   2              if(K2 == 0) { // 按下K2减少目标
 182   3                  while(K2==0); 
 183   3                  if(Target_Value > 10) Target_Value -= 10;
 184   3                  Save_Target(Target_Value); // 存入“硬盘”
 185   3              }
 186   2      
 187   2              // 【周三核心】：闭环判断
 188   2              if(current_val > (Target_Value + Dead_Zone)) {
 189   3                  if(DA_Value > 0) DA_Value--; 
 190   3              }
 191   2              else if(current_val < (Target_Value - Dead_Zone)) {
 192   3                  if(DA_Value < 255) DA_Value++;
 193   3              }
 194   2      
 195   2              // 节拍控制
 196   2              {unsigned int i=5000; while(i--);} 
 197   2          }
 198   1      }


MODULE INFORMATION:   STATIC OVERLAYABLE
   CODE SIZE        =    397    ----
   CONSTANT SIZE    =   ----    ----
   XDATA SIZE       =   ----    ----
   PDATA SIZE       =   ----    ----
   DATA SIZE        =      4       4
   IDATA SIZE       =   ----    ----
   BIT SIZE         =   ----    ----
END OF MODULE INFORMATION.


C51 COMPILATION COMPLETE.  0 WARNING(S),  0 ERROR(S)
