BL51 BANKED LINKER/LOCATER V6.22                                                        04/04/2026  16:16:43  PAGE 1


BL51 BANKED LINKER/LOCATER V6.22, INVOKED BY:
D:\KEIL_V5\C51\BIN\BL51.EXE .\Objects\STARTUP.obj, .\Objects\main.obj TO .\Objects\main PRINT (.\Listings\main.m51) RAMS
>> IZE (256)


MEMORY MODEL: SMALL


INPUT MODULES INCLUDED:
  .\Objects\STARTUP.obj (?C_STARTUP)
  .\Objects\main.obj (MAIN)
  D:\KEIL_V5\C51\LIB\C51S.LIB (?C_INIT)


LINK MAP OF MODULE:  .\Objects\main (?C_STARTUP)


            TYPE    BASE      LENGTH    RELOCATION   SEGMENT NAME
            -----------------------------------------------------

            * * * * * * *   D A T A   M E M O R Y   * * * * * * *
            REG     0000H     0008H     ABSOLUTE     "REG BANK 0"
            DATA    0008H     0004H     UNIT         ?DT?MAIN
            DATA    000CH     0004H     UNIT         _DATA_GROUP_
            IDATA   0010H     0001H     UNIT         ?STACK

            * * * * * * *   C O D E   M E M O R Y   * * * * * * *
            CODE    0000H     0003H     ABSOLUTE     
            CODE    0003H     0007H     UNIT         ?PR?I2C_STOP?MAIN
                    000AH     0001H                  *** GAP ***
            CODE    000BH     0003H     ABSOLUTE     
            CODE    000EH     0093H     UNIT         ?PR?MAIN?MAIN
            CODE    00A1H     008CH     UNIT         ?C_C51STARTUP
            CODE    012DH     0037H     UNIT         ?PR?_I2C_SENDBYTE?MAIN
            CODE    0164H     0030H     UNIT         ?PR?_READ_AD?MAIN
            CODE    0194H     0021H     UNIT         ?PR?_SAVE_TARGET?MAIN
            CODE    01B5H     001EH     UNIT         ?PR?I2C_RECEIVEBYTE?MAIN
            CODE    01D3H     001EH     UNIT         ?PR?TIMER0_ROUTINE?MAIN
            CODE    01F1H     0016H     UNIT         ?PR?LOAD_TARGET?MAIN
            CODE    0207H     0010H     UNIT         ?PR?TIMER0_INIT?MAIN
            CODE    0217H     000AH     UNIT         ?C_INITSEG
            CODE    0221H     0009H     UNIT         ?PR?I2C_START?MAIN



OVERLAY MAP OF MODULE:   .\Objects\main (?C_STARTUP)


SEGMENT                            DATA_GROUP 
  +--> CALLED SEGMENT            START    LENGTH
------------------------------------------------
?C_C51STARTUP                    -----    -----
  +--> ?PR?MAIN?MAIN
  +--> ?C_INITSEG

?PR?MAIN?MAIN                    000CH    0002H
  +--> ?PR?TIMER0_INIT?MAIN
  +--> ?PR?LOAD_TARGET?MAIN
BL51 BANKED LINKER/LOCATER V6.22                                                      04/04/2026  16:16:43  PAGE 2


  +--> ?PR?_READ_AD?MAIN
  +--> ?PR?_SAVE_TARGET?MAIN

?PR?LOAD_TARGET?MAIN             -----    -----
  +--> ?PR?_I2C_SENDBYTE?MAIN
  +--> ?PR?I2C_START?MAIN
  +--> ?PR?I2C_RECEIVEBYTE?MAIN
  +--> ?PR?I2C_STOP?MAIN

?PR?_I2C_SENDBYTE?MAIN           -----    -----
  +--> ?PR?I2C_START?MAIN

?PR?_SAVE_TARGET?MAIN            000EH    0002H
  +--> ?PR?_I2C_SENDBYTE?MAIN
  +--> ?PR?I2C_STOP?MAIN



SYMBOL TABLE OF MODULE:  .\Objects\main (?C_STARTUP)

  VALUE           TYPE          NAME
  ----------------------------------

  -------         MODULE        ?C_STARTUP
  C:00A1H         SEGMENT       ?C_C51STARTUP
  I:0010H         SEGMENT       ?STACK
  C:0000H         PUBLIC        ?C_STARTUP
  D:00E0H         SYMBOL        ACC
  D:00F0H         SYMBOL        B
  D:0083H         SYMBOL        DPH
  D:0082H         SYMBOL        DPL
  N:0000H         SYMBOL        IBPSTACK
  N:0100H         SYMBOL        IBPSTACKTOP
  N:0080H         SYMBOL        IDATALEN
  C:00A4H         SYMBOL        IDATALOOP
  N:0000H         SYMBOL        PBPSTACK
  N:0100H         SYMBOL        PBPSTACKTOP
  N:0000H         SYMBOL        PDATALEN
  N:0000H         SYMBOL        PDATASTART
  N:0000H         SYMBOL        PPAGE
  N:0000H         SYMBOL        PPAGEENABLE
  D:00A0H         SYMBOL        PPAGE_SFR
  D:0081H         SYMBOL        SP
  C:00A1H         SYMBOL        STARTUP1
  N:0000H         SYMBOL        XBPSTACK
  N:0000H         SYMBOL        XBPSTACKTOP
  N:0000H         SYMBOL        XDATALEN
  N:0000H         SYMBOL        XDATASTART
  C:0000H         LINE#         126
  C:00A1H         LINE#         133
  C:00A3H         LINE#         134
  C:00A4H         LINE#         135
  C:00A5H         LINE#         136
  C:00A7H         LINE#         185
  C:00AAH         LINE#         196
  -------         ENDMOD        ?C_STARTUP

BL51 BANKED LINKER/LOCATER V6.22                                                      04/04/2026  16:16:43  PAGE 3


  -------         MODULE        MAIN
  C:0000H         SYMBOL        _ICE_DUMMY_
  C:01D3H         PUBLIC        Timer0_Routine
  B:00A0H.0       PUBLIC        I2C_SCL
  D:00A0H         PUBLIC        P2
  D:00B0H         PUBLIC        P3
  B:00A8H.7       PUBLIC        EA
  B:00B0H.7       PUBLIC        AD_DOUT
  C:000EH         PUBLIC        main
  C:0207H         PUBLIC        Timer0_Init
  C:0221H         PUBLIC        I2C_Start
  D:0089H         PUBLIC        TMOD
  B:00B0H.6       PUBLIC        AD_CLK
  B:00B0H.4       PUBLIC        AD_DIN
  C:0137H         PUBLIC        _I2C_SendByte
  C:0003H         PUBLIC        I2C_Stop
  B:00A8H.1       PUBLIC        ET0
  D:0008H         PUBLIC        Target_Value
  D:008CH         PUBLIC        TH0
  C:01F1H         PUBLIC        Load_Target
  D:008AH         PUBLIC        TL0
  B:0088H.4       PUBLIC        TR0
  C:0194H         PUBLIC        _Save_Target
  B:00A0H.1       PUBLIC        DA_OUT
  D:0009H         PUBLIC        PWM_Count
  C:0164H         PUBLIC        _Read_AD
  D:000AH         PUBLIC        DA_Value
  D:000BH         PUBLIC        Dead_Zone
  B:00A0H.1       PUBLIC        I2C_SDA
  B:00B0H.1       PUBLIC        K1
  B:00B0H.5       PUBLIC        AD_CS
  B:00B0H.0       PUBLIC        K2
  C:01B5H         PUBLIC        I2C_ReceiveByte
  -------         PROC          I2C_START
  C:0221H         LINE#         120
  -------         ENDPROC       I2C_START
  -------         PROC          I2C_STOP
  C:0003H         LINE#         121
  -------         ENDPROC       I2C_STOP
  -------         PROC          L?0054
  -------         ENDPROC       L?0054
  -------         PROC          _I2C_SENDBYTE
  D:0005H         SYMBOL        Byte
  -------         DO            
  D:0003H         SYMBOL        i
  -------         ENDDO         
  C:0137H         LINE#         122
  C:0139H         LINE#         124
  C:015FH         LINE#         125
  C:0163H         LINE#         126
  -------         ENDPROC       _I2C_SENDBYTE
  -------         PROC          I2C_RECEIVEBYTE
  -------         DO            
  D:0006H         SYMBOL        i
  D:0007H         SYMBOL        Byte
  -------         ENDDO         
  C:01B5H         LINE#         127
BL51 BANKED LINKER/LOCATER V6.22                                                      04/04/2026  16:16:43  PAGE 4


  C:01B5H         LINE#         128
  C:01B9H         LINE#         129
  C:01D2H         LINE#         130
  C:01D2H         LINE#         131
  -------         ENDPROC       I2C_RECEIVEBYTE
  -------         PROC          _SAVE_TARGET
  D:0004H         SYMBOL        val
  -------         DO            
  D:000EH         SYMBOL        i
  -------         ENDDO         
  C:0194H         LINE#         133
  C:0196H         LINE#         134
  C:0199H         LINE#         135
  C:01A1H         LINE#         136
  C:01B4H         LINE#         137
  -------         ENDPROC       _SAVE_TARGET
  -------         PROC          LOAD_TARGET
  -------         DO            
  D:0007H         SYMBOL        val
  -------         ENDDO         
  C:01F1H         LINE#         139
  C:01F1H         LINE#         141
  C:01F4H         LINE#         142
  C:01FFH         LINE#         143
  C:0206H         LINE#         144
  C:0206H         LINE#         145
  -------         ENDPROC       LOAD_TARGET
  -------         PROC          _READ_AD
  D:0007H         SYMBOL        cmd
  -------         DO            
  D:0005H         SYMBOL        i
  D:0006H         SYMBOL        dat
  -------         ENDDO         
  C:0164H         LINE#         149
  C:0164H         LINE#         150
  C:016AH         LINE#         151
  C:017BH         LINE#         152
  C:018FH         LINE#         153
  C:0193H         LINE#         154
  -------         ENDPROC       _READ_AD
  -------         PROC          TIMER0_INIT
  C:0207H         LINE#         156
  -------         ENDPROC       TIMER0_INIT
  -------         PROC          TIMER0_ROUTINE
  C:01D3H         LINE#         157
  C:01D7H         LINE#         158
  C:01DFH         LINE#         159
  C:01ECH         LINE#         160
  -------         ENDPROC       TIMER0_ROUTINE
  -------         PROC          MAIN
  -------         DO            
  D:0002H         SYMBOL        current_val
  -------         DO            
  D:000CH         SYMBOL        i
  -------         ENDDO         
  -------         ENDDO         
  C:000EH         LINE#         164
BL51 BANKED LINKER/LOCATER V6.22                                                      04/04/2026  16:16:43  PAGE 5


  C:000EH         LINE#         166
  C:0011H         LINE#         169
  C:0016H         LINE#         170
  C:0022H         LINE#         172
  C:0022H         LINE#         173
  C:0029H         LINE#         176
  C:002CH         LINE#         177
  C:002FH         LINE#         178
  C:003CH         LINE#         179
  C:0041H         LINE#         180
  C:0041H         LINE#         181
  C:0044H         LINE#         182
  C:0047H         LINE#         183
  C:0054H         LINE#         184
  C:0059H         LINE#         185
  C:0059H         LINE#         188
  C:006DH         LINE#         189
  C:0076H         LINE#         190
  C:0078H         LINE#         191
  C:0083H         LINE#         192
  C:008CH         LINE#         193
  C:008CH         LINE#         196
  -------         ENDPROC       MAIN
  -------         ENDMOD        MAIN

Program Size: data=17.0 xdata=0 code=553
LINK/LOCATE RUN COMPLETE.  0 WARNING(S),  0 ERROR(S)
